=== exp-041 k5+LS @4800 (escala 2x do campeão) ===
{
  "id": "exp-041",
  "name": "k5_ls_4800",
  "timestamp_utc": "2026-07-05T15:23:38.373532+00:00",
  "repro_command": "/usr/bin/python3 train_baseline.py --steps 4800 --eval_every 1600 --mixing local_blend_k5 --label_smoothing 0.1 --seed <SEED>",
  "seeds": [
    1000,
    1001,
    1002
  ],
  "config": {
    "seed": 1000,
    "steps": 4800,
    "batch_size": 128,
    "lr": 0.001,
    "weight_decay": 0.0001,
    "hidden_dim": 128,
    "dropout": 0.1,
    "label_smoothing": 0.1,
    "warmup_steps": 0,
    "grad_clip": 0.0,
    "grad_centralize": false,
    "optimizer": "adam",
    "scheduler": "none",
    "activation": "relu",
    "norm": "none",
    "mixing": "local_blend_k5",
    "init_scale": 1.0,
    "ema_decay": 0.0,
    "mixup_alpha": 0.0,
    "cutout_size": 0,
    "data_dir": "./data",
    "num_workers": 0,
    "log_every": 200,
    "eval_every": 1600
  },
  "result": {
    "n_seeds": 3,
    "best_val_acc_mean": 0.9215333333333333,
    "best_val_acc_std": 0.0017502380790433729,
    "wall_time_s_mean": 290.6730063880289,
    "steps_per_sec_mean": 16.55105638133595,
    "per_seed": [
      {
        "seed": 1000,
        "steps": 4800,
        "wall_time_s": 291.5007765550399,
        "steps_per_sec": 16.466508448884646,
        "final_train_loss": 0.693727701125883,
        "final_train_acc": 0.9298479025534132,
        "best_val_acc": 0.9215,
        "final_val_acc": 0.9215,
        "val_accs": [
          0.9147,
          0.9137,
          0.9215
        ],
        "config": {
          "seed": 1000,
          "steps": 4800,
          "batch_size": 128,
          "lr": 0.001,
          "weight_decay": 0.0001,
          "hidden_dim": 128,
          "dropout": 0.1,
          "label_smoothing": 0.1,
          "warmup_steps": 0,
          "grad_clip": 0.0,
          "grad_centralize": false,
          "optimizer": "adam",
          "scheduler": "none",
          "activation": "relu",
          "norm": "none",
          "mixing": "local_blend_k5",
          "init_scale": 1.0,
          "ema_decay": 0.0,
          "mixup_alpha": 0.0,
          "cutout_size": 0,
          "data_dir": "./data",
          "num_workers": 0,
          "log_every": 200,
          "eval_every": 1600
        }
      },
      {
        "seed": 1001,
        "steps": 4800,
        "wall_time_s": 273.33950093202293,
        "steps_per_sec": 17.56057936607456,
        "final_train_loss": 0.6891711192524886,
        "final_train_acc": 0.9310138744137572,
        "best_val_acc": 0.9198,
        "final_val_acc": 0.9198,
        "val_accs": [
          0.9099,
          0.9192,
          0.9198
        ],
        "config": {
          "seed": 1001,
          "steps": 4800,
          "batch_size": 128,
          "lr": 0.001,
          "weight_decay": 0.0001,
          "hidden_dim": 128,
          "dropout": 0.1,
          "label_smoothing": 0.1,
          "warmup_steps": 0,
          "grad_clip": 0.0,
          "grad_centralize": false,
          "optimizer": "adam",
          "scheduler": "none",
          "activation": "relu",
          "norm": "none",
          "mixing": "local_blend_k5",
          "init_scale": 1.0,
          "ema_decay": 0.0,
          "mixup_alpha": 0.0,
          "cutout_size": 0,
          "data_dir": "./data",
          "num_workers": 0,
          "log_every": 200,
          "eval_every": 1600
        }
      },
      {
        "seed": 1002,
        "steps": 4800,
        "wall_time_s": 307.17874167702394,
        "steps_per_sec": 15.626081329048644,
        "final_train_loss": 0.7043401516030516,
        "final_train_acc": 0.9257767717561229,
        "best_val_acc": 0.9233,
        "final_val_acc": 0.9233,
        "val_accs": [
          0.912,
          0.9222,
          0.9233
        ],
        "config": {
          "seed": 1002,
          "steps": 4800,
          "batch_size": 128,
          "lr": 0.001,
          "weight_decay": 0.0001,
          "hidden_dim": 128,
          "dropout": 0.1,
          "label_smoothing": 0.1,
          "warmup_steps": 0,
          "grad_clip": 0.0,
          "grad_centralize": false,
          "optimizer": "adam",
          "scheduler": "none",
          "activation": "relu",
          "norm": "none",
          "mixing": "local_blend_k5",
          "init_scale": 1.0,
          "ema_decay": 0.0,
          "mixup_alpha": 0.0,
          "cutout_size": 0,
          "data_dir": "./data",
          "num_workers": 0,
          "log_every": 200,
          "eval_every": 1600
        }
      }
    ]
  },
  "verdict": "INCONCLUSIVA",
  "lesson": "Regra 3: budget 4800.",
  "novelty_note": "RECOMB | escala 2x exp-033."
}
=== exp-042 multi_scale+LS+wc @4800 ===
{
  "id": "exp-042",
  "name": "multi_scale_ls_wc_4800",
  "timestamp_utc": "2026-07-05T15:38:58.460113+00:00",
  "repro_command": "/usr/bin/python3 train_baseline.py --steps 4800 --eval_every 1600 --mixing multi_scale_blend --label_smoothing 0.1 --warmup_steps 100 --scheduler cosine --seed <SEED>",
  "seeds": [
    1000,
    1001,
    1002
  ],
  "config": {
    "seed": 1000,
    "steps": 4800,
    "batch_size": 128,
    "lr": 0.001,
    "weight_decay": 0.0001,
    "hidden_dim": 128,
    "dropout": 0.1,
    "label_smoothing": 0.1,
    "warmup_steps": 100,
    "grad_clip": 0.0,
    "grad_centralize": false,
    "optimizer": "adam",
    "scheduler": "cosine",
    "activation": "relu",
    "norm": "none",
    "mixing": "multi_scale_blend",
    "init_scale": 1.0,
    "ema_decay": 0.0,
    "mixup_alpha": 0.0,
    "cutout_size": 0,
    "data_dir": "./data",
    "num_workers": 0,
    "log_every": 200,
    "eval_every": 1600
  },
  "result": {
    "n_seeds": 3,
    "best_val_acc_mean": 0.9268333333333333,
    "best_val_acc_std": 0.002706165799305953,
    "wall_time_s_mean": 304.6022793083296,
    "steps_per_sec_mean": 15.76712732830237,
    "per_seed": [
      {
        "seed": 1000,
        "steps": 4800,
        "wall_time_s": 310.9679919949849,
        "steps_per_sec": 15.43567223496562,
        "final_train_loss": 0.677219308491111,
        "final_train_acc": 0.9346306670140698,
        "best_val_acc": 0.9262,
        "final_val_acc": 0.9262,
        "val_accs": [
          0.912,
          0.9244,
          0.9262
        ],
        "config": {
          "seed": 1000,
          "steps": 4800,
          "batch_size": 128,
          "lr": 0.001,
          "weight_decay": 0.0001,
          "hidden_dim": 128,
          "dropout": 0.1,
          "label_smoothing": 0.1,
          "warmup_steps": 100,
          "grad_clip": 0.0,
          "grad_centralize": false,
          "optimizer": "adam",
          "scheduler": "cosine",
          "activation": "relu",
          "norm": "none",
          "mixing": "multi_scale_blend",
          "init_scale": 1.0,
          "ema_decay": 0.0,
          "mixup_alpha": 0.0,
          "cutout_size": 0,
          "data_dir": "./data",
          "num_workers": 0,
          "log_every": 200,
          "eval_every": 1600
        }
      },
      {
        "seed": 1001,
        "steps": 4800,
        "wall_time_s": 294.5809954039869,
        "steps_per_sec": 16.294330166877547,
        "final_train_loss": 0.6692606442014397,
        "final_train_acc": 0.9386578295987493,
        "best_val_acc": 0.9298,
        "final_val_acc": 0.9298,
        "val_accs": [
          0.9149,
          0.9258,
          0.9298
        ],
        "config": {
          "seed": 1001,
          "steps": 4800,
          "batch_size": 128,
          "lr": 0.001,
          "weight_decay": 0.0001,
          "hidden_dim": 128,
          "dropout": 0.1,
          "label_smoothing": 0.1,
          "warmup_steps": 100,
          "grad_clip": 0.0,
          "grad_centralize": false,
          "optimizer": "adam",
          "scheduler": "cosine",
          "activation": "relu",
          "norm": "none",
          "mixing": "multi_scale_blend",
          "init_scale": 1.0,
          "ema_decay": 0.0,
          "mixup_alpha": 0.0,
          "cutout_size": 0,
          "data_dir": "./data",
          "num_workers": 0,
          "log_every": 200,
          "eval_every": 1600
        }
      },
      {
        "seed": 1002,
        "steps": 4800,
        "wall_time_s": 308.25785052601714,
        "steps_per_sec": 15.571379583063942,
        "final_train_loss": 0.682529948871542,
        "final_train_acc": 0.9324859953100573,
        "best_val_acc": 0.9245,
        "final_val_acc": 0.9245,
        "val_accs": [
          0.9092,
          0.9189,
          0.9245
        ],
        "config": {
          "seed": 1002,
          "steps": 4800,
          "batch_size": 128,
          "lr": 0.001,
          "weight_decay": 0.0001,
          "hidden_dim": 128,
          "dropout": 0.1,
          "label_smoothing": 0.1,
          "warmup_steps": 100,
          "grad_clip": 0.0,
          "grad_centralize": false,
          "optimizer": "adam",
          "scheduler": "cosine",
          "activation": "relu",
          "norm": "none",
          "mixing": "multi_scale_blend",
          "init_scale": 1.0,
          "ema_decay": 0.0,
          "mixup_alpha": 0.0,
          "cutout_size": 0,
          "data_dir": "./data",
          "num_workers": 0,
          "log_every": 200,
          "eval_every": 1600
        }
      }
    ]
  },
  "verdict": "INCONCLUSIVA",
  "lesson": "Budget 4800 stack.",
  "novelty_note": "RECOMB | escala 2x exp-040."
}
=== exp-043 k5+LS hidden256 @2400 ===
{
  "id": "exp-043",
  "name": "k5_ls_h256_2400",
  "timestamp_utc": "2026-07-05T15:46:36.168724+00:00",
  "repro_command": "/usr/bin/python3 train_baseline.py --steps 2400 --eval_every 800 --mixing local_blend_k5 --label_smoothing 0.1 --hidden_dim 256 --seed <SEED>",
  "seeds": [
    1000,
    1001,
    1002
  ],
  "config": {
    "seed": 1000,
    "steps": 2400,
    "batch_size": 128,
    "lr": 0.001,
    "weight_decay": 0.0001,
    "hidden_dim": 256,
    "dropout": 0.1,
    "label_smoothing": 0.1,
    "warmup_steps": 0,
    "grad_clip": 0.0,
    "grad_centralize": false,
    "optimizer": "adam",
    "scheduler": "none",
    "activation": "relu",
    "norm": "none",
    "mixing": "local_blend_k5",
    "init_scale": 1.0,
    "ema_decay": 0.0,
    "mixup_alpha": 0.0,
    "cutout_size": 0,
    "data_dir": "./data",
    "num_workers": 0,
    "log_every": 200,
    "eval_every": 800
  },
  "result": {
    "n_seeds": 3,
    "best_val_acc_mean": 0.9158000000000001,
    "best_val_acc_std": 0.003251153641401803,
    "wall_time_s_mean": 150.49851656200676,
    "steps_per_sec_mean": 15.950407502546396,
    "per_seed": [
      {
        "seed": 1000,
        "steps": 2400,
        "wall_time_s": 148.395326331025,
        "steps_per_sec": 16.173016087085706,
        "final_train_loss": 0.7293754370961728,
        "final_train_acc": 0.9111125586242835,
        "best_val_acc": 0.9125,
        "final_val_acc": 0.9125,
        "val_accs": [
          0.897,
          0.9101,
          0.9125
        ],
        "config": {
          "seed": 1000,
          "steps": 2400,
          "batch_size": 128,
          "lr": 0.001,
          "weight_decay": 0.0001,
          "hidden_dim": 256,
          "dropout": 0.1,
          "label_smoothing": 0.1,
          "warmup_steps": 0,
          "grad_clip": 0.0,
          "grad_centralize": false,
          "optimizer": "adam",
          "scheduler": "none",
          "activation": "relu",
          "norm": "none",
          "mixing": "local_blend_k5",
          "init_scale": 1.0,
          "ema_decay": 0.0,
          "mixup_alpha": 0.0,
          "cutout_size": 0,
          "data_dir": "./data",
          "num_workers": 0,
          "log_every": 200,
          "eval_every": 800
        }
      },
      {
        "seed": 1001,
        "steps": 2400,
        "wall_time_s": 153.54964404198108,
        "steps_per_sec": 15.630124152836398,
        "final_train_loss": 0.7266219001005192,
        "final_train_acc": 0.9103048462741011,
        "best_val_acc": 0.9159,
        "final_val_acc": 0.9159,
        "val_accs": [
          0.8963,
          0.9109,
          0.9159
        ],
        "config": {
          "seed": 1001,
          "steps": 2400,
          "batch_size": 128,
          "lr": 0.001,
          "weight_decay": 0.0001,
          "hidden_dim": 256,
          "dropout": 0.1,
          "label_smoothing": 0.1,
          "warmup_steps": 0,
          "grad_clip": 0.0,
          "grad_centralize": false,
          "optimizer": "adam",
          "scheduler": "none",
          "activation": "relu",
          "norm": "none",
          "mixing": "local_blend_k5",
          "init_scale": 1.0,
          "ema_decay": 0.0,
          "mixup_alpha": 0.0,
          "cutout_size": 0,
          "data_dir": "./data",
          "num_workers": 0,
          "log_every": 200,
          "eval_every": 800
        }
      },
      {
        "seed": 1002,
        "steps": 2400,
        "wall_time_s": 149.55057931301417,
        "steps_per_sec": 16.048082267717085,
        "final_train_loss": 0.7145008376453493,
        "final_train_acc": 0.915274882751433,
        "best_val_acc": 0.919,
        "final_val_acc": 0.919,
        "val_accs": [
          0.9004,
          0.9157,
          0.919
        ],
        "config": {
          "seed": 1002,
          "steps": 2400,
          "batch_size": 128,
          "lr": 0.001,
          "weight_decay": 0.0001,
          "hidden_dim": 256,
          "dropout": 0.1,
          "label_smoothing": 0.1,
          "warmup_steps": 0,
          "grad_clip": 0.0,
          "grad_centralize": false,
          "optimizer": "adam",
          "scheduler": "none",
          "activation": "relu",
          "norm": "none",
          "mixing": "local_blend_k5",
          "init_scale": 1.0,
          "ema_decay": 0.0,
          "mixup_alpha": 0.0,
          "cutout_size": 0,
          "data_dir": "./data",
          "num_workers": 0,
          "log_every": 200,
          "eval_every": 800
        }
      }
    ]
  },
  "verdict": "INCONCLUSIVA",
  "lesson": "hidden_dim=256.",
  "novelty_note": "NOVEL | mais capacidade FC + k5+LS."
}
=== exp-044 cascade_blend+LS @2400 ===
{
  "id": "exp-044",
  "name": "cascade_blend_ls_2400",
  "timestamp_utc": "2026-07-05T15:53:17.626579+00:00",
  "repro_command": "/usr/bin/python3 train_baseline.py --steps 2400 --eval_every 800 --mixing cascade_blend --label_smoothing 0.1 --seed <SEED>",
  "seeds": [
    1000,
    1001,
    1002
  ],
  "config": {
    "seed": 1000,
    "steps": 2400,
    "batch_size": 128,
    "lr": 0.001,
    "weight_decay": 0.0001,
    "hidden_dim": 128,
    "dropout": 0.1,
    "label_smoothing": 0.1,
    "warmup_steps": 0,
    "grad_clip": 0.0,
    "grad_centralize": false,
    "optimizer": "adam",
    "scheduler": "none",
    "activation": "relu",
    "norm": "none",
    "mixing": "cascade_blend",
    "init_scale": 1.0,
    "ema_decay": 0.0,
    "mixup_alpha": 0.0,
    "cutout_size": 0,
    "data_dir": "./data",
    "num_workers": 0,
    "log_every": 200,
    "eval_every": 800
  },
  "result": {
    "n_seeds": 3,
    "best_val_acc_mean": 0.9171666666666667,
    "best_val_acc_std": 0.0036226141573915504,
    "wall_time_s_mean": 131.76287478763456,
    "steps_per_sec_mean": 18.308768758364664,
    "per_seed": [
      {
        "seed": 1000,
        "steps": 2400,
        "wall_time_s": 135.01560753997182,
        "steps_per_sec": 17.77572270146229,
        "final_train_loss": 0.7281646888600221,
        "final_train_acc": 0.9119039864512767,
        "best_val_acc": 0.9167,
        "final_val_acc": 0.9167,
        "val_accs": [
          0.9028,
          0.9091,
          0.9167
        ],
        "config": {
          "seed": 1000,
          "steps": 2400,
          "batch_size": 128,
          "lr": 0.001,
          "weight_decay": 0.0001,
          "hidden_dim": 128,
          "dropout": 0.1,
          "label_smoothing": 0.1,
          "warmup_steps": 0,
          "grad_clip": 0.0,
          "grad_centralize": false,
          "optimizer": "adam",
          "scheduler": "none",
          "activation": "relu",
          "norm": "none",
          "mixing": "cascade_blend",
          "init_scale": 1.0,
          "ema_decay": 0.0,
          "mixup_alpha": 0.0,
          "cutout_size": 0,
          "data_dir": "./data",
          "num_workers": 0,
          "log_every": 200,
          "eval_every": 800
        }
      },
      {
        "seed": 1001,
        "steps": 2400,
        "wall_time_s": 119.11982103798073,
        "steps_per_sec": 20.147780437268896,
        "final_train_loss": 0.7476754527591429,
        "final_train_acc": 0.9043414538822303,
        "best_val_acc": 0.9138,
        "final_val_acc": 0.9138,
        "val_accs": [
          0.8978,
          0.906,
          0.9138
        ],
        "config": {
          "seed": 1001,
          "steps": 2400,
          "batch_size": 128,
          "lr": 0.001,
          "weight_decay": 0.0001,
          "hidden_dim": 128,
          "dropout": 0.1,
          "label_smoothing": 0.1,
          "warmup_steps": 0,
          "grad_clip": 0.0,
          "grad_centralize": false,
          "optimizer": "adam",
          "scheduler": "none",
          "activation": "relu",
          "norm": "none",
          "mixing": "cascade_blend",
          "init_scale": 1.0,
          "ema_decay": 0.0,
          "mixup_alpha": 0.0,
          "cutout_size": 0,
          "data_dir": "./data",
          "num_workers": 0,
          "log_every": 200,
          "eval_every": 800
        }
      },
      {
        "seed": 1002,
        "steps": 2400,
        "wall_time_s": 141.1531957849511,
        "steps_per_sec": 17.002803136362807,
        "final_train_loss": 0.7325620091725539,
        "final_train_acc": 0.9093114903595623,
        "best_val_acc": 0.921,
        "final_val_acc": 0.921,
        "val_accs": [
          0.9015,
          0.9073,
          0.921
        ],
        "config": {
          "seed": 1002,
          "steps": 2400,
          "batch_size": 128,
          "lr": 0.001,
          "weight_decay": 0.0001,
          "hidden_dim": 128,
          "dropout": 0.1,
          "label_smoothing": 0.1,
          "warmup_steps": 0,
          "grad_clip": 0.0,
          "grad_centralize": false,
          "optimizer": "adam",
          "scheduler": "none",
          "activation": "relu",
          "norm": "none",
          "mixing": "cascade_blend",
          "init_scale": 1.0,
          "ema_decay": 0.0,
          "mixup_alpha": 0.0,
          "cutout_size": 0,
          "data_dir": "./data",
          "num_workers": 0,
          "log_every": 200,
          "eval_every": 800
        }
      }
    ]
  },
  "verdict": "INCONCLUSIVA",
  "lesson": "cascade_blend mixing.",
  "novelty_note": "NOVEL | blend duplo em série."
}
=== exp-045 k5+LS dropout005 @2400 ===
{
  "id": "exp-045",
  "name": "k5_ls_do005_2400",
  "timestamp_utc": "2026-07-05T16:00:29.364511+00:00",
  "repro_command": "/usr/bin/python3 train_baseline.py --steps 2400 --eval_every 800 --mixing local_blend_k5 --label_smoothing 0.1 --dropout 0.05 --seed <SEED>",
  "seeds": [
    1000,
    1001,
    1002
  ],
  "config": {
    "seed": 1000,
    "steps": 2400,
    "batch_size": 128,
    "lr": 0.001,
    "weight_decay": 0.0001,
    "hidden_dim": 128,
    "dropout": 0.05,
    "label_smoothing": 0.1,
    "warmup_steps": 0,
    "grad_clip": 0.0,
    "grad_centralize": false,
    "optimizer": "adam",
    "scheduler": "none",
    "activation": "relu",
    "norm": "none",
    "mixing": "local_blend_k5",
    "init_scale": 1.0,
    "ema_decay": 0.0,
    "mixup_alpha": 0.0,
    "cutout_size": 0,
    "data_dir": "./data",
    "num_workers": 0,
    "log_every": 200,
    "eval_every": 800
  },
  "result": {
    "n_seeds": 3,
    "best_val_acc_mean": 0.9168999999999999,
    "best_val_acc_std": 0.0006082762530298188,
    "wall_time_s_mean": 141.792777335019,
    "steps_per_sec_mean": 16.929329078736675,
    "per_seed": [
      {
        "seed": 1000,
        "steps": 2400,
        "wall_time_s": 140.00192749605048,
        "steps_per_sec": 17.142621126182032,
        "final_train_loss": 0.7315491435675648,
        "final_train_acc": 0.9095590151120375,
        "best_val_acc": 0.9166,
        "final_val_acc": 0.9124,
        "val_accs": [
          0.8984,
          0.9166,
          0.9124
        ],
        "config": {
          "seed": 1000,
          "steps": 2400,
          "batch_size": 128,
          "lr": 0.001,
          "weight_decay": 0.0001,
          "hidden_dim": 128,
          "dropout": 0.05,
          "label_smoothing": 0.1,
          "warmup_steps": 0,
          "grad_clip": 0.0,
          "grad_centralize": false,
          "optimizer": "adam",
          "scheduler": "none",
          "activation": "relu",
          "norm": "none",
          "mixing": "local_blend_k5",
          "init_scale": 1.0,
          "ema_decay": 0.0,
          "mixup_alpha": 0.0,
          "cutout_size": 0,
          "data_dir": "./data",
          "num_workers": 0,
          "log_every": 200,
          "eval_every": 800
        }
      },
      {
        "seed": 1001,
        "steps": 2400,
        "wall_time_s": 140.84994082403136,
        "steps_per_sec": 17.039410779720537,
        "final_train_loss": 0.7295030228851859,
        "final_train_acc": 0.9089043772798332,
        "best_val_acc": 0.9165,
        "final_val_acc": 0.9165,
        "val_accs": [
          0.9006,
          0.9105,
          0.9165
        ],
        "config": {
          "seed": 1001,
          "steps": 2400,
          "batch_size": 128,
          "lr": 0.001,
          "weight_decay": 0.0001,
          "hidden_dim": 128,
          "dropout": 0.05,
          "label_smoothing": 0.1,
          "warmup_steps": 0,
          "grad_clip": 0.0,
          "grad_centralize": false,
          "optimizer": "adam",
          "scheduler": "none",
          "activation": "relu",
          "norm": "none",
          "mixing": "local_blend_k5",
          "init_scale": 1.0,
          "ema_decay": 0.0,
          "mixup_alpha": 0.0,
          "cutout_size": 0,
          "data_dir": "./data",
          "num_workers": 0,
          "log_every": 200,
          "eval_every": 800
        }
      },
      {
        "seed": 1002,
        "steps": 2400,
        "wall_time_s": 144.52646368497517,
        "steps_per_sec": 16.605955330307452,
        "final_train_loss": 0.747419340210448,
        "final_train_acc": 0.9038887441375717,
        "best_val_acc": 0.9176,
        "final_val_acc": 0.9176,
        "val_accs": [
          0.8955,
          0.9056,
          0.9176
        ],
        "config": {
          "seed": 1002,
          "steps": 2400,
          "batch_size": 128,
          "lr": 0.001,
          "weight_decay": 0.0001,
          "hidden_dim": 128,
          "dropout": 0.05,
          "label_smoothing": 0.1,
          "warmup_steps": 0,
          "grad_clip": 0.0,
          "grad_centralize": false,
          "optimizer": "adam",
          "scheduler": "none",
          "activation": "relu",
          "norm": "none",
          "mixing": "local_blend_k5",
          "init_scale": 1.0,
          "ema_decay": 0.0,
          "mixup_alpha": 0.0,
          "cutout_size": 0,
          "data_dir": "./data",
          "num_workers": 0,
          "log_every": 200,
          "eval_every": 800
        }
      }
    ]
  },
  "verdict": "INCONCLUSIVA",
  "lesson": "dropout=0.05.",
  "novelty_note": "RECOMB | menos dropout + k5+LS."
}
=== BATCH 4 DONE ===
