{
  "id": "exp-026",
  "name": "local_blend_k5_2400",
  "timestamp_utc": "2026-07-05T13:45:11.941856+00:00",
  "repro_command": "/usr/bin/python3 train_baseline.py --steps 2400 --eval_every 800 --mixing local_blend_k5 --seed <SEED>",
  "seeds": [
    1000,
    1001,
    1002
  ],
  "config": {
    "seed": 1000,
    "steps": 2400,
    "batch_size": 128,
    "lr": 0.001,
    "weight_decay": 0.0001,
    "hidden_dim": 128,
    "dropout": 0.1,
    "label_smoothing": 0.0,
    "warmup_steps": 0,
    "grad_clip": 0.0,
    "grad_centralize": false,
    "optimizer": "adam",
    "scheduler": "none",
    "activation": "relu",
    "norm": "none",
    "mixing": "local_blend_k5",
    "init_scale": 1.0,
    "ema_decay": 0.0,
    "mixup_alpha": 0.0,
    "cutout_size": 0,
    "data_dir": "./data",
    "num_workers": 0,
    "log_every": 200,
    "eval_every": 800
  },
  "result": {
    "n_seeds": 3,
    "best_val_acc_mean": 0.9170666666666667,
    "best_val_acc_std": 0.00032145502536645975,
    "wall_time_s_mean": 136.6945820816521,
    "steps_per_sec_mean": 17.596636299641297,
    "per_seed": [
      {
        "seed": 1000,
        "steps": 2400,
        "wall_time_s": 142.58421358198393,
        "steps_per_sec": 16.832157920624457,
        "final_train_loss": 0.27242804372323065,
        "final_train_acc": 0.9023058884835852,
        "best_val_acc": 0.9172,
        "final_val_acc": 0.9172,
        "val_accs": [
          0.8959,
          0.9117,
          0.9172
        ],
        "config": {
          "seed": 1000,
          "steps": 2400,
          "batch_size": 128,
          "lr": 0.001,
          "weight_decay": 0.0001,
          "hidden_dim": 128,
          "dropout": 0.1,
          "label_smoothing": 0.0,
          "warmup_steps": 0,
          "grad_clip": 0.0,
          "grad_centralize": false,
          "optimizer": "adam",
          "scheduler": "none",
          "activation": "relu",
          "norm": "none",
          "mixing": "local_blend_k5",
          "init_scale": 1.0,
          "ema_decay": 0.0,
          "mixup_alpha": 0.0,
          "cutout_size": 0,
          "data_dir": "./data",
          "num_workers": 0,
          "log_every": 200,
          "eval_every": 800
        }
      },
      {
        "seed": 1001,
        "steps": 2400,
        "wall_time_s": 139.64420002599945,
        "steps_per_sec": 17.186535492008687,
        "final_train_loss": 0.26244561704125113,
        "final_train_acc": 0.9046866857738406,
        "best_val_acc": 0.9173,
        "final_val_acc": 0.9173,
        "val_accs": [
          0.8978,
          0.9107,
          0.9173
        ],
        "config": {
          "seed": 1001,
          "steps": 2400,
          "batch_size": 128,
          "lr": 0.001,
          "weight_decay": 0.0001,
          "hidden_dim": 128,
          "dropout": 0.1,
          "label_smoothing": 0.0,
          "warmup_steps": 0,
          "grad_clip": 0.0,
          "grad_centralize": false,
          "optimizer": "adam",
          "scheduler": "none",
          "activation": "relu",
          "norm": "none",
          "mixing": "local_blend_k5",
          "init_scale": 1.0,
          "ema_decay": 0.0,
          "mixup_alpha": 0.0,
          "cutout_size": 0,
          "data_dir": "./data",
          "num_workers": 0,
          "log_every": 200,
          "eval_every": 800
        }
      },
      {
        "seed": 1002,
        "steps": 2400,
        "wall_time_s": 127.85533263697289,
        "steps_per_sec": 18.771215486290746,
        "final_train_loss": 0.2811658204052211,
        "final_train_acc": 0.9003028921313184,
        "best_val_acc": 0.9167,
        "final_val_acc": 0.9167,
        "val_accs": [
          0.8977,
          0.9094,
          0.9167
        ],
        "config": {
          "seed": 1002,
          "steps": 2400,
          "batch_size": 128,
          "lr": 0.001,
          "weight_decay": 0.0001,
          "hidden_dim": 128,
          "dropout": 0.1,
          "label_smoothing": 0.0,
          "warmup_steps": 0,
          "grad_clip": 0.0,
          "grad_centralize": false,
          "optimizer": "adam",
          "scheduler": "none",
          "activation": "relu",
          "norm": "none",
          "mixing": "local_blend_k5",
          "init_scale": 1.0,
          "ema_decay": 0.0,
          "mixup_alpha": 0.0,
          "cutout_size": 0,
          "data_dir": "./data",
          "num_workers": 0,
          "log_every": 200,
          "eval_every": 800
        }
      }
    ]
  },
  "verdict": "INCONCLUSIVA",
  "lesson": "Scale test k5 blend.",
  "novelty_note": "NOVEL | escala exp-021 k5."
}
{
  "id": "exp-027",
  "name": "local_blend_ls_2400",
  "timestamp_utc": "2026-07-05T13:49:55.224071+00:00",
  "repro_command": "/usr/bin/python3 train_baseline.py --steps 2400 --eval_every 800 --mixing local_blend --label_smoothing 0.1 --seed <SEED>",
  "seeds": [
    1000,
    1001,
    1002
  ],
  "config": {
    "seed": 1000,
    "steps": 2400,
    "batch_size": 128,
    "lr": 0.001,
    "weight_decay": 0.0001,
    "hidden_dim": 128,
    "dropout": 0.1,
    "label_smoothing": 0.1,
    "warmup_steps": 0,
    "grad_clip": 0.0,
    "grad_centralize": false,
    "optimizer": "adam",
    "scheduler": "none",
    "activation": "relu",
    "norm": "none",
    "mixing": "local_blend",
    "init_scale": 1.0,
    "ema_decay": 0.0,
    "mixup_alpha": 0.0,
    "cutout_size": 0,
    "data_dir": "./data",
    "num_workers": 0,
    "log_every": 200,
    "eval_every": 800
  },
  "result": {
    "n_seeds": 3,
    "best_val_acc_mean": 0.9178000000000001,
    "best_val_acc_std": 0.0006928203230275387,
    "wall_time_s_mean": 92.51253424334573,
    "steps_per_sec_mean": 26.024004320396283,
    "per_seed": [
      {
        "seed": 1000,
        "steps": 2400,
        "wall_time_s": 97.92442023800686,
        "steps_per_sec": 24.50869756662089,
        "final_train_loss": 0.7381912348294022,
        "final_train_acc": 0.9073671182907764,
        "best_val_acc": 0.9182,
        "final_val_acc": 0.9182,
        "val_accs": [
          0.8994,
          0.9118,
          0.9182
        ],
        "config": {
          "seed": 1000,
          "steps": 2400,
          "batch_size": 128,
          "lr": 0.001,
          "weight_decay": 0.0001,
          "hidden_dim": 128,
          "dropout": 0.1,
          "label_smoothing": 0.1,
          "warmup_steps": 0,
          "grad_clip": 0.0,
          "grad_centralize": false,
          "optimizer": "adam",
          "scheduler": "none",
          "activation": "relu",
          "norm": "none",
          "mixing": "local_blend",
          "init_scale": 1.0,
          "ema_decay": 0.0,
          "mixup_alpha": 0.0,
          "cutout_size": 0,
          "data_dir": "./data",
          "num_workers": 0,
          "log_every": 200,
          "eval_every": 800
        }
      },
      {
        "seed": 1001,
        "steps": 2400,
        "wall_time_s": 93.97005557100056,
        "steps_per_sec": 25.540050874894312,
        "final_train_loss": 0.7318183833947711,
        "final_train_acc": 0.910887832204273,
        "best_val_acc": 0.917,
        "final_val_acc": 0.917,
        "val_accs": [
          0.9038,
          0.9106,
          0.917
        ],
        "config": {
          "seed": 1001,
          "steps": 2400,
          "batch_size": 128,
          "lr": 0.001,
          "weight_decay": 0.0001,
          "hidden_dim": 128,
          "dropout": 0.1,
          "label_smoothing": 0.1,
          "warmup_steps": 0,
          "grad_clip": 0.0,
          "grad_centralize": false,
          "optimizer": "adam",
          "scheduler": "none",
          "activation": "relu",
          "norm": "none",
          "mixing": "local_blend",
          "init_scale": 1.0,
          "ema_decay": 0.0,
          "mixup_alpha": 0.0,
          "cutout_size": 0,
          "data_dir": "./data",
          "num_workers": 0,
          "log_every": 200,
          "eval_every": 800
        }
      },
      {
        "seed": 1002,
        "steps": 2400,
        "wall_time_s": 85.64312692102976,
        "steps_per_sec": 28.023264519673646,
        "final_train_loss": 0.7340626171506153,
        "final_train_acc": 0.9092430953621677,
        "best_val_acc": 0.9182,
        "final_val_acc": 0.9182,
        "val_accs": [
          0.8973,
          0.9128,
          0.9182
        ],
        "config": {
          "seed": 1002,
          "steps": 2400,
          "batch_size": 128,
          "lr": 0.001,
          "weight_decay": 0.0001,
          "hidden_dim": 128,
          "dropout": 0.1,
          "label_smoothing": 0.1,
          "warmup_steps": 0,
          "grad_clip": 0.0,
          "grad_centralize": false,
          "optimizer": "adam",
          "scheduler": "none",
          "activation": "relu",
          "norm": "none",
          "mixing": "local_blend",
          "init_scale": 1.0,
          "ema_decay": 0.0,
          "mixup_alpha": 0.0,
          "cutout_size": 0,
          "data_dir": "./data",
          "num_workers": 0,
          "log_every": 200,
          "eval_every": 800
        }
      }
    ]
  },
  "verdict": "INCONCLUSIVA",
  "lesson": "Scale test blend+LS.",
  "novelty_note": "RECOMB | escala exp-025."
}
{
  "id": "exp-028",
  "name": "laplacian_blend_2400",
  "timestamp_utc": "2026-07-05T13:54:22.761274+00:00",
  "repro_command": "/usr/bin/python3 train_baseline.py --steps 2400 --eval_every 800 --mixing laplacian_blend --seed <SEED>",
  "seeds": [
    1000,
    1001,
    1002
  ],
  "config": {
    "seed": 1000,
    "steps": 2400,
    "batch_size": 128,
    "lr": 0.001,
    "weight_decay": 0.0001,
    "hidden_dim": 128,
    "dropout": 0.1,
    "label_smoothing": 0.0,
    "warmup_steps": 0,
    "grad_clip": 0.0,
    "grad_centralize": false,
    "optimizer": "adam",
    "scheduler": "none",
    "activation": "relu",
    "norm": "none",
    "mixing": "laplacian_blend",
    "init_scale": 1.0,
    "ema_decay": 0.0,
    "mixup_alpha": 0.0,
    "cutout_size": 0,
    "data_dir": "./data",
    "num_workers": 0,
    "log_every": 200,
    "eval_every": 800
  },
  "result": {
    "n_seeds": 3,
    "best_val_acc_mean": 0.9158333333333334,
    "best_val_acc_std": 0.0035232560697930184,
    "wall_time_s_mean": 87.32506852666847,
    "steps_per_sec_mean": 27.594534759005914,
    "per_seed": [
      {
        "seed": 1000,
        "steps": 2400,
        "wall_time_s": 80.34978285396937,
        "steps_per_sec": 29.869402439603945,
        "final_train_loss": 0.26582880380751256,
        "final_train_acc": 0.903784523189161,
        "best_val_acc": 0.9163,
        "final_val_acc": 0.9163,
        "val_accs": [
          0.8969,
          0.9119,
          0.9163
        ],
        "config": {
          "seed": 1000,
          "steps": 2400,
          "batch_size": 128,
          "lr": 0.001,
          "weight_decay": 0.0001,
          "hidden_dim": 128,
          "dropout": 0.1,
          "label_smoothing": 0.0,
          "warmup_steps": 0,
          "grad_clip": 0.0,
          "grad_centralize": false,
          "optimizer": "adam",
          "scheduler": "none",
          "activation": "relu",
          "norm": "none",
          "mixing": "laplacian_blend",
          "init_scale": 1.0,
          "ema_decay": 0.0,
          "mixup_alpha": 0.0,
          "cutout_size": 0,
          "data_dir": "./data",
          "num_workers": 0,
          "log_every": 200,
          "eval_every": 800
        }
      },
      {
        "seed": 1001,
        "steps": 2400,
        "wall_time_s": 87.80184078903403,
        "steps_per_sec": 27.334278853749804,
        "final_train_loss": 0.2570813128791668,
        "final_train_acc": 0.9073312923397603,
        "best_val_acc": 0.9191,
        "final_val_acc": 0.9191,
        "val_accs": [
          0.9042,
          0.9091,
          0.9191
        ],
        "config": {
          "seed": 1001,
          "steps": 2400,
          "batch_size": 128,
          "lr": 0.001,
          "weight_decay": 0.0001,
          "hidden_dim": 128,
          "dropout": 0.1,
          "label_smoothing": 0.0,
          "warmup_steps": 0,
          "grad_clip": 0.0,
          "grad_centralize": false,
          "optimizer": "adam",
          "scheduler": "none",
          "activation": "relu",
          "norm": "none",
          "mixing": "laplacian_blend",
          "init_scale": 1.0,
          "ema_decay": 0.0,
          "mixup_alpha": 0.0,
          "cutout_size": 0,
          "data_dir": "./data",
          "num_workers": 0,
          "log_every": 200,
          "eval_every": 800
        }
      },
      {
        "seed": 1002,
        "steps": 2400,
        "wall_time_s": 93.82358193700202,
        "steps_per_sec": 25.579922983663995,
        "final_train_loss": 0.26209351014833143,
        "final_train_acc": 0.905201276706618,
        "best_val_acc": 0.9121,
        "final_val_acc": 0.9107,
        "val_accs": [
          0.8948,
          0.9121,
          0.9107
        ],
        "config": {
          "seed": 1002,
          "steps": 2400,
          "batch_size": 128,
          "lr": 0.001,
          "weight_decay": 0.0001,
          "hidden_dim": 128,
          "dropout": 0.1,
          "label_smoothing": 0.0,
          "warmup_steps": 0,
          "grad_clip": 0.0,
          "grad_centralize": false,
          "optimizer": "adam",
          "scheduler": "none",
          "activation": "relu",
          "norm": "none",
          "mixing": "laplacian_blend",
          "init_scale": 1.0,
          "ema_decay": 0.0,
          "mixup_alpha": 0.0,
          "cutout_size": 0,
          "data_dir": "./data",
          "num_workers": 0,
          "log_every": 200,
          "eval_every": 800
        }
      }
    ]
  },
  "verdict": "INCONCLUSIVA",
  "lesson": "Scale test laplacian.",
  "novelty_note": "NOVEL | escala exp-022."
}
{
  "id": "exp-029",
  "name": "rms_free_norm",
  "timestamp_utc": "2026-07-05T13:56:51.580880+00:00",
  "repro_command": "/usr/bin/python3 train_baseline.py --steps 1200 --eval_every 400 --norm rms_free --seed <SEED>",
  "seeds": [
    1000,
    1001,
    1002
  ],
  "config": {
    "seed": 1000,
    "steps": 1200,
    "batch_size": 128,
    "lr": 0.001,
    "weight_decay": 0.0001,
    "hidden_dim": 128,
    "dropout": 0.1,
    "label_smoothing": 0.0,
    "warmup_steps": 0,
    "grad_clip": 0.0,
    "grad_centralize": false,
    "optimizer": "adam",
    "scheduler": "none",
    "activation": "relu",
    "norm": "rms_free",
    "mixing": "none",
    "init_scale": 1.0,
    "ema_decay": 0.0,
    "mixup_alpha": 0.0,
    "cutout_size": 0,
    "data_dir": "./data",
    "num_workers": 0,
    "log_every": 200,
    "eval_every": 400
  },
  "result": {
    "n_seeds": 3,
    "best_val_acc_mean": 0.9006333333333333,
    "best_val_acc_std": 0.0034078341117684935,
    "wall_time_s_mean": 47.68051319637258,
    "steps_per_sec_mean": 25.257859368946495,
    "per_seed": [
      {
        "seed": 1000,
        "steps": 1200,
        "wall_time_s": 45.58441762003349,
        "steps_per_sec": 26.324785149226578,
        "final_train_loss": 0.3537966886713088,
        "final_train_acc": 0.8732219153814089,
        "best_val_acc": 0.8967,
        "final_val_acc": 0.8967,
        "val_accs": [
          0.8722,
          0.8948,
          0.8967
        ],
        "config": {
          "seed": 1000,
          "steps": 1200,
          "batch_size": 128,
          "lr": 0.001,
          "weight_decay": 0.0001,
          "hidden_dim": 128,
          "dropout": 0.1,
          "label_smoothing": 0.0,
          "warmup_steps": 0,
          "grad_clip": 0.0,
          "grad_centralize": false,
          "optimizer": "adam",
          "scheduler": "none",
          "activation": "relu",
          "norm": "rms_free",
          "mixing": "none",
          "init_scale": 1.0,
          "ema_decay": 0.0,
          "mixup_alpha": 0.0,
          "cutout_size": 0,
          "data_dir": "./data",
          "num_workers": 0,
          "log_every": 200,
          "eval_every": 400
        }
      },
      {
        "seed": 1001,
        "steps": 1200,
        "wall_time_s": 45.65786795003805,
        "steps_per_sec": 26.2824361687918,
        "final_train_loss": 0.3466531555508017,
        "final_train_acc": 0.875240985827428,
        "best_val_acc": 0.9025,
        "final_val_acc": 0.9025,
        "val_accs": [
          0.879,
          0.899,
          0.9025
        ],
        "config": {
          "seed": 1001,
          "steps": 1200,
          "batch_size": 128,
          "lr": 0.001,
          "weight_decay": 0.0001,
          "hidden_dim": 128,
          "dropout": 0.1,
          "label_smoothing": 0.0,
          "warmup_steps": 0,
          "grad_clip": 0.0,
          "grad_centralize": false,
          "optimizer": "adam",
          "scheduler": "none",
          "activation": "relu",
          "norm": "rms_free",
          "mixing": "none",
          "init_scale": 1.0,
          "ema_decay": 0.0,
          "mixup_alpha": 0.0,
          "cutout_size": 0,
          "data_dir": "./data",
          "num_workers": 0,
          "log_every": 200,
          "eval_every": 400
        }
      },
      {
        "seed": 1002,
        "steps": 1200,
        "wall_time_s": 51.7992540190462,
        "steps_per_sec": 23.16635678882111,
        "final_train_loss": 0.3541121389367472,
        "final_train_acc": 0.8727269174656107,
        "best_val_acc": 0.9027,
        "final_val_acc": 0.9027,
        "val_accs": [
          0.8637,
          0.8962,
          0.9027
        ],
        "config": {
          "seed": 1002,
          "steps": 1200,
          "batch_size": 128,
          "lr": 0.001,
          "weight_decay": 0.0001,
          "hidden_dim": 128,
          "dropout": 0.1,
          "label_smoothing": 0.0,
          "warmup_steps": 0,
          "grad_clip": 0.0,
          "grad_centralize": false,
          "optimizer": "adam",
          "scheduler": "none",
          "activation": "relu",
          "norm": "rms_free",
          "mixing": "none",
          "init_scale": 1.0,
          "ema_decay": 0.0,
          "mixup_alpha": 0.0,
          "cutout_size": 0,
          "data_dir": "./data",
          "num_workers": 0,
          "log_every": 200,
          "eval_every": 400
        }
      }
    ]
  },
  "verdict": "INCONCLUSIVA",
  "lesson": "Norm param-free.",
  "novelty_note": "NOVEL | RMS sem afim por canal. vs LN: sem shift/scale."
}
{
  "id": "exp-030",
  "name": "grad_shrink",
  "timestamp_utc": "2026-07-05T13:58:26.464516+00:00",
  "repro_command": "/usr/bin/python3 train_baseline.py --steps 1200 --eval_every 400 --optimizer grad_shrink --seed <SEED>",
  "seeds": [
    1000,
    1001,
    1002
  ],
  "config": {
    "seed": 1000,
    "steps": 1200,
    "batch_size": 128,
    "lr": 0.001,
    "weight_decay": 0.0001,
    "hidden_dim": 128,
    "dropout": 0.1,
    "label_smoothing": 0.0,
    "warmup_steps": 0,
    "grad_clip": 0.0,
    "grad_centralize": false,
    "optimizer": "grad_shrink",
    "scheduler": "none",
    "activation": "relu",
    "norm": "none",
    "mixing": "none",
    "init_scale": 1.0,
    "ema_decay": 0.0,
    "mixup_alpha": 0.0,
    "cutout_size": 0,
    "data_dir": "./data",
    "num_workers": 0,
    "log_every": 200,
    "eval_every": 400
  },
  "result": {
    "n_seeds": 3,
    "best_val_acc_mean": 0.8975,
    "best_val_acc_std": 0.001153256259467121,
    "wall_time_s_mean": 29.620820642351948,
    "steps_per_sec_mean": 40.51867974652242,
    "per_seed": [
      {
        "seed": 1000,
        "steps": 1200,
        "wall_time_s": 29.924992118030787,
        "steps_per_sec": 40.10026118860565,
        "final_train_loss": 0.36528045658943004,
        "final_train_acc": 0.8723100771154648,
        "best_val_acc": 0.8988,
        "final_val_acc": 0.8988,
        "val_accs": [
          0.8691,
          0.8906,
          0.8988
        ],
        "config": {
          "seed": 1000,
          "steps": 1200,
          "batch_size": 128,
          "lr": 0.001,
          "weight_decay": 0.0001,
          "hidden_dim": 128,
          "dropout": 0.1,
          "label_smoothing": 0.0,
          "warmup_steps": 0,
          "grad_clip": 0.0,
          "grad_centralize": false,
          "optimizer": "grad_shrink",
          "scheduler": "none",
          "activation": "relu",
          "norm": "none",
          "mixing": "none",
          "init_scale": 1.0,
          "ema_decay": 0.0,
          "mixup_alpha": 0.0,
          "cutout_size": 0,
          "data_dir": "./data",
          "num_workers": 0,
          "log_every": 200,
          "eval_every": 400
        }
      },
      {
        "seed": 1001,
        "steps": 1200,
        "wall_time_s": 29.848538575985003,
        "steps_per_sec": 40.20297331962089,
        "final_train_loss": 0.34880000264036404,
        "final_train_acc": 0.8765957169654023,
        "best_val_acc": 0.8971,
        "final_val_acc": 0.8971,
        "val_accs": [
          0.8759,
          0.8935,
          0.8971
        ],
        "config": {
          "seed": 1001,
          "steps": 1200,
          "batch_size": 128,
          "lr": 0.001,
          "weight_decay": 0.0001,
          "hidden_dim": 128,
          "dropout": 0.1,
          "label_smoothing": 0.0,
          "warmup_steps": 0,
          "grad_clip": 0.0,
          "grad_centralize": false,
          "optimizer": "grad_shrink",
          "scheduler": "none",
          "activation": "relu",
          "norm": "none",
          "mixing": "none",
          "init_scale": 1.0,
          "ema_decay": 0.0,
          "mixup_alpha": 0.0,
          "cutout_size": 0,
          "data_dir": "./data",
          "num_workers": 0,
          "log_every": 200,
          "eval_every": 400
        }
      },
      {
        "seed": 1002,
        "steps": 1200,
        "wall_time_s": 29.088931233040057,
        "steps_per_sec": 41.25280473134073,
        "final_train_loss": 0.3735428038998513,
        "final_train_acc": 0.8695810754481034,
        "best_val_acc": 0.8966,
        "final_val_acc": 0.8966,
        "val_accs": [
          0.8617,
          0.8934,
          0.8966
        ],
        "config": {
          "seed": 1002,
          "steps": 1200,
          "batch_size": 128,
          "lr": 0.001,
          "weight_decay": 0.0001,
          "hidden_dim": 128,
          "dropout": 0.1,
          "label_smoothing": 0.0,
          "warmup_steps": 0,
          "grad_clip": 0.0,
          "grad_centralize": false,
          "optimizer": "grad_shrink",
          "scheduler": "none",
          "activation": "relu",
          "norm": "none",
          "mixing": "none",
          "init_scale": 1.0,
          "ema_decay": 0.0,
          "mixup_alpha": 0.0,
          "cutout_size": 0,
          "data_dir": "./data",
          "num_workers": 0,
          "log_every": 200,
          "eval_every": 400
        }
      }
    ]
  },
  "verdict": "INCONCLUSIVA",
  "lesson": "Grad shrink optimizer.",
  "novelty_note": "NOVEL | g*=sigmoid(|g|) antes Adam. vs GC: não centraliza."
}
{
  "id": "exp-031",
  "name": "blend_k5_warmup_cosine",
  "timestamp_utc": "2026-07-05T14:01:58.414123+00:00",
  "repro_command": "/usr/bin/python3 train_baseline.py --steps 1200 --eval_every 400 --mixing local_blend_k5 --warmup_steps 100 --scheduler cosine --seed <SEED>",
  "seeds": [
    1000,
    1001,
    1002
  ],
  "config": {
    "seed": 1000,
    "steps": 1200,
    "batch_size": 128,
    "lr": 0.001,
    "weight_decay": 0.0001,
    "hidden_dim": 128,
    "dropout": 0.1,
    "label_smoothing": 0.0,
    "warmup_steps": 100,
    "grad_clip": 0.0,
    "grad_centralize": false,
    "optimizer": "adam",
    "scheduler": "cosine",
    "activation": "relu",
    "norm": "none",
    "mixing": "local_blend_k5",
    "init_scale": 1.0,
    "ema_decay": 0.0,
    "mixup_alpha": 0.0,
    "cutout_size": 0,
    "data_dir": "./data",
    "num_workers": 0,
    "log_every": 200,
    "eval_every": 400
  },
  "result": {
    "n_seeds": 3,
    "best_val_acc_mean": 0.9046666666666666,
    "best_val_acc_std": 0.002345918441321693,
    "wall_time_s_mean": 68.66660900134593,
    "steps_per_sec_mean": 17.48310200818082,
    "per_seed": [
      {
        "seed": 1000,
        "steps": 1200,
        "wall_time_s": 70.60693313000957,
        "steps_per_sec": 16.995498130338316,
        "final_train_loss": 0.3564617262315432,
        "final_train_acc": 0.8730069820758649,
        "best_val_acc": 0.9067,
        "final_val_acc": 0.9067,
        "val_accs": [
          0.8798,
          0.8921,
          0.9067
        ],
        "config": {
          "seed": 1000,
          "steps": 1200,
          "batch_size": 128,
          "lr": 0.001,
          "weight_decay": 0.0001,
          "hidden_dim": 128,
          "dropout": 0.1,
          "label_smoothing": 0.0,
          "warmup_steps": 100,
          "grad_clip": 0.0,
          "grad_centralize": false,
          "optimizer": "adam",
          "scheduler": "cosine",
          "activation": "relu",
          "norm": "none",
          "mixing": "local_blend_k5",
          "init_scale": 1.0,
          "ema_decay": 0.0,
          "mixup_alpha": 0.0,
          "cutout_size": 0,
          "data_dir": "./data",
          "num_workers": 0,
          "log_every": 200,
          "eval_every": 400
        }
      },
      {
        "seed": 1001,
        "steps": 1200,
        "wall_time_s": 68.12642357003642,
        "steps_per_sec": 17.61431082267744,
        "final_train_loss": 0.3494042397328047,
        "final_train_acc": 0.875436379741559,
        "best_val_acc": 0.9052,
        "final_val_acc": 0.9052,
        "val_accs": [
          0.8821,
          0.8951,
          0.9052
        ],
        "config": {
          "seed": 1001,
          "steps": 1200,
          "batch_size": 128,
          "lr": 0.001,
          "weight_decay": 0.0001,
          "hidden_dim": 128,
          "dropout": 0.1,
          "label_smoothing": 0.0,
          "warmup_steps": 100,
          "grad_clip": 0.0,
          "grad_centralize": false,
          "optimizer": "adam",
          "scheduler": "cosine",
          "activation": "relu",
          "norm": "none",
          "mixing": "local_blend_k5",
          "init_scale": 1.0,
          "ema_decay": 0.0,
          "mixup_alpha": 0.0,
          "cutout_size": 0,
          "data_dir": "./data",
          "num_workers": 0,
          "log_every": 200,
          "eval_every": 400
        }
      },
      {
        "seed": 1002,
        "steps": 1200,
        "wall_time_s": 67.26647030399181,
        "steps_per_sec": 17.839497071526704,
        "final_train_loss": 0.40619932019422333,
        "final_train_acc": 0.8627943934972906,
        "best_val_acc": 0.9021,
        "final_val_acc": 0.9021,
        "val_accs": [
          0.8751,
          0.8988,
          0.9021
        ],
        "config": {
          "seed": 1002,
          "steps": 1200,
          "batch_size": 128,
          "lr": 0.001,
          "weight_decay": 0.0001,
          "hidden_dim": 128,
          "dropout": 0.1,
          "label_smoothing": 0.0,
          "warmup_steps": 100,
          "grad_clip": 0.0,
          "grad_centralize": false,
          "optimizer": "adam",
          "scheduler": "cosine",
          "activation": "relu",
          "norm": "none",
          "mixing": "local_blend_k5",
          "init_scale": 1.0,
          "ema_decay": 0.0,
          "mixup_alpha": 0.0,
          "cutout_size": 0,
          "data_dir": "./data",
          "num_workers": 0,
          "log_every": 200,
          "eval_every": 400
        }
      }
    ]
  },
  "verdict": "INCONCLUSIVA",
  "lesson": "Combo top mutações.",
  "novelty_note": "RECOMB | k5 blend + warmup+cosine."
}
{
  "id": "exp-032",
  "name": "blend_k5_ls",
  "timestamp_utc": "2026-07-05T14:05:26.464626+00:00",
  "repro_command": "/usr/bin/python3 train_baseline.py --steps 1200 --eval_every 400 --mixing local_blend_k5 --label_smoothing 0.1 --seed <SEED>",
  "seeds": [
    1000,
    1001,
    1002
  ],
  "config": {
    "seed": 1000,
    "steps": 1200,
    "batch_size": 128,
    "lr": 0.001,
    "weight_decay": 0.0001,
    "hidden_dim": 128,
    "dropout": 0.1,
    "label_smoothing": 0.1,
    "warmup_steps": 0,
    "grad_clip": 0.0,
    "grad_centralize": false,
    "optimizer": "adam",
    "scheduler": "none",
    "activation": "relu",
    "norm": "none",
    "mixing": "local_blend_k5",
    "init_scale": 1.0,
    "ema_decay": 0.0,
    "mixup_alpha": 0.0,
    "cutout_size": 0,
    "data_dir": "./data",
    "num_workers": 0,
    "log_every": 200,
    "eval_every": 400
  },
  "result": {
    "n_seeds": 3,
    "best_val_acc_mean": 0.9061666666666667,
    "best_val_acc_std": 0.004050102879351752,
    "wall_time_s_mean": 67.4786612233341,
    "steps_per_sec_mean": 17.817288912531698,
    "per_seed": [
      {
        "seed": 1000,
        "steps": 1200,
        "wall_time_s": 64.3212340209866,
        "steps_per_sec": 18.656358483552516,
        "final_train_loss": 0.8013987698719968,
        "final_train_acc": 0.8817150375156315,
        "best_val_acc": 0.9069,
        "final_val_acc": 0.9069,
        "val_accs": [
          0.8822,
          0.8978,
          0.9069
        ],
        "config": {
          "seed": 1000,
          "steps": 1200,
          "batch_size": 128,
          "lr": 0.001,
          "weight_decay": 0.0001,
          "hidden_dim": 128,
          "dropout": 0.1,
          "label_smoothing": 0.1,
          "warmup_steps": 0,
          "grad_clip": 0.0,
          "grad_centralize": false,
          "optimizer": "adam",
          "scheduler": "none",
          "activation": "relu",
          "norm": "none",
          "mixing": "local_blend_k5",
          "init_scale": 1.0,
          "ema_decay": 0.0,
          "mixup_alpha": 0.0,
          "cutout_size": 0,
          "data_dir": "./data",
          "num_workers": 0,
          "log_every": 200,
          "eval_every": 400
        }
      },
      {
        "seed": 1001,
        "steps": 1200,
        "wall_time_s": 71.45083325501764,
        "steps_per_sec": 16.794765649786594,
        "final_train_loss": 0.7927673753473649,
        "final_train_acc": 0.883590819091288,
        "best_val_acc": 0.9098,
        "final_val_acc": 0.9098,
        "val_accs": [
          0.8835,
          0.8956,
          0.9098
        ],
        "config": {
          "seed": 1001,
          "steps": 1200,
          "batch_size": 128,
          "lr": 0.001,
          "weight_decay": 0.0001,
          "hidden_dim": 128,
          "dropout": 0.1,
          "label_smoothing": 0.1,
          "warmup_steps": 0,
          "grad_clip": 0.0,
          "grad_centralize": false,
          "optimizer": "adam",
          "scheduler": "none",
          "activation": "relu",
          "norm": "none",
          "mixing": "local_blend_k5",
          "init_scale": 1.0,
          "ema_decay": 0.0,
          "mixup_alpha": 0.0,
          "cutout_size": 0,
          "data_dir": "./data",
          "num_workers": 0,
          "log_every": 200,
          "eval_every": 400
        }
      },
      {
        "seed": 1002,
        "steps": 1200,
        "wall_time_s": 66.66391639399808,
        "steps_per_sec": 18.000742604255983,
        "final_train_loss": 0.8275872585350099,
        "final_train_acc": 0.8739383597332222,
        "best_val_acc": 0.9018,
        "final_val_acc": 0.9018,
        "val_accs": [
          0.8729,
          0.896,
          0.9018
        ],
        "config": {
          "seed": 1002,
          "steps": 1200,
          "batch_size": 128,
          "lr": 0.001,
          "weight_decay": 0.0001,
          "hidden_dim": 128,
          "dropout": 0.1,
          "label_smoothing": 0.1,
          "warmup_steps": 0,
          "grad_clip": 0.0,
          "grad_centralize": false,
          "optimizer": "adam",
          "scheduler": "none",
          "activation": "relu",
          "norm": "none",
          "mixing": "local_blend_k5",
          "init_scale": 1.0,
          "ema_decay": 0.0,
          "mixup_alpha": 0.0,
          "cutout_size": 0,
          "data_dir": "./data",
          "num_workers": 0,
          "log_every": 200,
          "eval_every": 400
        }
      }
    ]
  },
  "verdict": "INCONCLUSIVA",
  "lesson": "Combo k5+LS.",
  "novelty_note": "RECOMB | k5 blend + label smoothing."
}
=== BATCH 2 DONE ===
