=== exp-033 k5+LS @2400 (candidato óbvio) ===
{
  "id": "exp-033",
  "name": "k5_ls_2400",
  "timestamp_utc": "2026-07-05T14:20:15.006891+00:00",
  "repro_command": "/usr/bin/python3 train_baseline.py --steps 2400 --eval_every 800 --mixing local_blend_k5 --label_smoothing 0.1 --seed <SEED>",
  "seeds": [
    1000,
    1001,
    1002
  ],
  "config": {
    "seed": 1000,
    "steps": 2400,
    "batch_size": 128,
    "lr": 0.001,
    "weight_decay": 0.0001,
    "hidden_dim": 128,
    "dropout": 0.1,
    "label_smoothing": 0.1,
    "warmup_steps": 0,
    "grad_clip": 0.0,
    "grad_centralize": false,
    "optimizer": "adam",
    "scheduler": "none",
    "activation": "relu",
    "norm": "none",
    "mixing": "local_blend_k5",
    "init_scale": 1.0,
    "ema_decay": 0.0,
    "mixup_alpha": 0.0,
    "cutout_size": 0,
    "data_dir": "./data",
    "num_workers": 0,
    "log_every": 200,
    "eval_every": 800
  },
  "result": {
    "n_seeds": 3,
    "best_val_acc_mean": 0.9180333333333334,
    "best_val_acc_std": 0.0017156145643276832,
    "wall_time_s_mean": 139.39449479333902,
    "steps_per_sec_mean": 17.220377404593826,
    "per_seed": [
      {
        "seed": 1000,
        "steps": 2400,
        "wall_time_s": 141.02062466199277,
        "steps_per_sec": 17.01878718628905,
        "final_train_loss": 0.7434307308728774,
        "final_train_acc": 0.9068101875977072,
        "best_val_acc": 0.9183,
        "final_val_acc": 0.9183,
        "val_accs": [
          0.899,
          0.9168,
          0.9183
        ],
        "config": {
          "seed": 1000,
          "steps": 2400,
          "batch_size": 128,
          "lr": 0.001,
          "weight_decay": 0.0001,
          "hidden_dim": 128,
          "dropout": 0.1,
          "label_smoothing": 0.1,
          "warmup_steps": 0,
          "grad_clip": 0.0,
          "grad_centralize": false,
          "optimizer": "adam",
          "scheduler": "none",
          "activation": "relu",
          "norm": "none",
          "mixing": "local_blend_k5",
          "init_scale": 1.0,
          "ema_decay": 0.0,
          "mixup_alpha": 0.0,
          "cutout_size": 0,
          "data_dir": "./data",
          "num_workers": 0,
          "log_every": 200,
          "eval_every": 800
        }
      },
      {
        "seed": 1001,
        "steps": 2400,
        "wall_time_s": 136.8085498259752,
        "steps_per_sec": 17.542763248736104,
        "final_train_loss": 0.7393348475307645,
        "final_train_acc": 0.9069469775924961,
        "best_val_acc": 0.9196,
        "final_val_acc": 0.9196,
        "val_accs": [
          0.9014,
          0.913,
          0.9196
        ],
        "config": {
          "seed": 1001,
          "steps": 2400,
          "batch_size": 128,
          "lr": 0.001,
          "weight_decay": 0.0001,
          "hidden_dim": 128,
          "dropout": 0.1,
          "label_smoothing": 0.1,
          "warmup_steps": 0,
          "grad_clip": 0.0,
          "grad_centralize": false,
          "optimizer": "adam",
          "scheduler": "none",
          "activation": "relu",
          "norm": "none",
          "mixing": "local_blend_k5",
          "init_scale": 1.0,
          "ema_decay": 0.0,
          "mixup_alpha": 0.0,
          "cutout_size": 0,
          "data_dir": "./data",
          "num_workers": 0,
          "log_every": 200,
          "eval_every": 800
        }
      },
      {
        "seed": 1002,
        "steps": 2400,
        "wall_time_s": 140.35430989204906,
        "steps_per_sec": 17.09958177875632,
        "final_train_loss": 0.7610259012917543,
        "final_train_acc": 0.9005536737884314,
        "best_val_acc": 0.9162,
        "final_val_acc": 0.9162,
        "val_accs": [
          0.8941,
          0.9078,
          0.9162
        ],
        "config": {
          "seed": 1002,
          "steps": 2400,
          "batch_size": 128,
          "lr": 0.001,
          "weight_decay": 0.0001,
          "hidden_dim": 128,
          "dropout": 0.1,
          "label_smoothing": 0.1,
          "warmup_steps": 0,
          "grad_clip": 0.0,
          "grad_centralize": false,
          "optimizer": "adam",
          "scheduler": "none",
          "activation": "relu",
          "norm": "none",
          "mixing": "local_blend_k5",
          "init_scale": 1.0,
          "ema_decay": 0.0,
          "mixup_alpha": 0.0,
          "cutout_size": 0,
          "data_dir": "./data",
          "num_workers": 0,
          "log_every": 200,
          "eval_every": 800
        }
      }
    ]
  },
  "verdict": "INCONCLUSIVA",
  "lesson": "Combo mais forte em teoria.",
  "novelty_note": "RECOMB | k5 NOVEL + LS, nunca testado @2400."
}
=== exp-034 multi_scale+LS @2400 ===
{
  "id": "exp-034",
  "name": "multi_scale_ls_2400",
  "timestamp_utc": "2026-07-05T14:28:27.215804+00:00",
  "repro_command": "/usr/bin/python3 train_baseline.py --steps 2400 --eval_every 800 --mixing multi_scale_blend --label_smoothing 0.1 --seed <SEED>",
  "seeds": [
    1000,
    1001,
    1002
  ],
  "config": {
    "seed": 1000,
    "steps": 2400,
    "batch_size": 128,
    "lr": 0.001,
    "weight_decay": 0.0001,
    "hidden_dim": 128,
    "dropout": 0.1,
    "label_smoothing": 0.1,
    "warmup_steps": 0,
    "grad_clip": 0.0,
    "grad_centralize": false,
    "optimizer": "adam",
    "scheduler": "none",
    "activation": "relu",
    "norm": "none",
    "mixing": "multi_scale_blend",
    "init_scale": 1.0,
    "ema_decay": 0.0,
    "mixup_alpha": 0.0,
    "cutout_size": 0,
    "data_dir": "./data",
    "num_workers": 0,
    "log_every": 200,
    "eval_every": 800
  },
  "result": {
    "n_seeds": 3,
    "best_val_acc_mean": 0.9169333333333334,
    "best_val_acc_std": 0.0017672954855748448,
    "wall_time_s_mean": 162.1263184386577,
    "steps_per_sec_mean": 14.81390355133329,
    "per_seed": [
      {
        "seed": 1000,
        "steps": 2400,
        "wall_time_s": 167.6052771609975,
        "steps_per_sec": 14.319358200724308,
        "final_train_loss": 0.7288380565588645,
        "final_train_acc": 0.9100052110474205,
        "best_val_acc": 0.9181,
        "final_val_acc": 0.9181,
        "val_accs": [
          0.8988,
          0.9147,
          0.9181
        ],
        "config": {
          "seed": 1000,
          "steps": 2400,
          "batch_size": 128,
          "lr": 0.001,
          "weight_decay": 0.0001,
          "hidden_dim": 128,
          "dropout": 0.1,
          "label_smoothing": 0.1,
          "warmup_steps": 0,
          "grad_clip": 0.0,
          "grad_centralize": false,
          "optimizer": "adam",
          "scheduler": "none",
          "activation": "relu",
          "norm": "none",
          "mixing": "multi_scale_blend",
          "init_scale": 1.0,
          "ema_decay": 0.0,
          "mixup_alpha": 0.0,
          "cutout_size": 0,
          "data_dir": "./data",
          "num_workers": 0,
          "log_every": 200,
          "eval_every": 800
        }
      },
      {
        "seed": 1001,
        "steps": 2400,
        "wall_time_s": 161.8065637589898,
        "steps_per_sec": 14.832525604924099,
        "final_train_loss": 0.7228991958484977,
        "final_train_acc": 0.9136138613861386,
        "best_val_acc": 0.9178,
        "final_val_acc": 0.9178,
        "val_accs": [
          0.903,
          0.909,
          0.9178
        ],
        "config": {
          "seed": 1001,
          "steps": 2400,
          "batch_size": 128,
          "lr": 0.001,
          "weight_decay": 0.0001,
          "hidden_dim": 128,
          "dropout": 0.1,
          "label_smoothing": 0.1,
          "warmup_steps": 0,
          "grad_clip": 0.0,
          "grad_centralize": false,
          "optimizer": "adam",
          "scheduler": "none",
          "activation": "relu",
          "norm": "none",
          "mixing": "multi_scale_blend",
          "init_scale": 1.0,
          "ema_decay": 0.0,
          "mixup_alpha": 0.0,
          "cutout_size": 0,
          "data_dir": "./data",
          "num_workers": 0,
          "log_every": 200,
          "eval_every": 800
        }
      },
      {
        "seed": 1002,
        "steps": 2400,
        "wall_time_s": 156.96711439598585,
        "steps_per_sec": 15.289826848351463,
        "final_train_loss": 0.7371625024182775,
        "final_train_acc": 0.9081585461177697,
        "best_val_acc": 0.9149,
        "final_val_acc": 0.9149,
        "val_accs": [
          0.8984,
          0.9117,
          0.9149
        ],
        "config": {
          "seed": 1002,
          "steps": 2400,
          "batch_size": 128,
          "lr": 0.001,
          "weight_decay": 0.0001,
          "hidden_dim": 128,
          "dropout": 0.1,
          "label_smoothing": 0.1,
          "warmup_steps": 0,
          "grad_clip": 0.0,
          "grad_centralize": false,
          "optimizer": "adam",
          "scheduler": "none",
          "activation": "relu",
          "norm": "none",
          "mixing": "multi_scale_blend",
          "init_scale": 1.0,
          "ema_decay": 0.0,
          "mixup_alpha": 0.0,
          "cutout_size": 0,
          "data_dir": "./data",
          "num_workers": 0,
          "log_every": 200,
          "eval_every": 800
        }
      }
    ]
  },
  "verdict": "INCONCLUSIVA",
  "lesson": "Multi-scale blend revolucionário.",
  "novelty_note": "NOVEL | fusão paralela 3x3+5x5 + LS."
}
=== exp-035 multi_scale @2400 ===
{
  "id": "exp-035",
  "name": "multi_scale_2400",
  "timestamp_utc": "2026-07-05T14:36:06.444077+00:00",
  "repro_command": "/usr/bin/python3 train_baseline.py --steps 2400 --eval_every 800 --mixing multi_scale_blend --seed <SEED>",
  "seeds": [
    1000,
    1001,
    1002
  ],
  "config": {
    "seed": 1000,
    "steps": 2400,
    "batch_size": 128,
    "lr": 0.001,
    "weight_decay": 0.0001,
    "hidden_dim": 128,
    "dropout": 0.1,
    "label_smoothing": 0.0,
    "warmup_steps": 0,
    "grad_clip": 0.0,
    "grad_centralize": false,
    "optimizer": "adam",
    "scheduler": "none",
    "activation": "relu",
    "norm": "none",
    "mixing": "multi_scale_blend",
    "init_scale": 1.0,
    "ema_decay": 0.0,
    "mixup_alpha": 0.0,
    "cutout_size": 0,
    "data_dir": "./data",
    "num_workers": 0,
    "log_every": 200,
    "eval_every": 800
  },
  "result": {
    "n_seeds": 3,
    "best_val_acc_mean": 0.9159,
    "best_val_acc_std": 0.0018681541692269635,
    "wall_time_s_mean": 151.1524113860214,
    "steps_per_sec_mean": 15.902395489283911,
    "per_seed": [
      {
        "seed": 1000,
        "steps": 2400,
        "wall_time_s": 143.28464923403226,
        "steps_per_sec": 16.74987525062778,
        "final_train_loss": 0.25791068462467615,
        "final_train_acc": 0.9064584418968212,
        "best_val_acc": 0.9156,
        "final_val_acc": 0.9156,
        "val_accs": [
          0.8965,
          0.9101,
          0.9156
        ],
        "config": {
          "seed": 1000,
          "steps": 2400,
          "batch_size": 128,
          "lr": 0.001,
          "weight_decay": 0.0001,
          "hidden_dim": 128,
          "dropout": 0.1,
          "label_smoothing": 0.0,
          "warmup_steps": 0,
          "grad_clip": 0.0,
          "grad_centralize": false,
          "optimizer": "adam",
          "scheduler": "none",
          "activation": "relu",
          "norm": "none",
          "mixing": "multi_scale_blend",
          "init_scale": 1.0,
          "ema_decay": 0.0,
          "mixup_alpha": 0.0,
          "cutout_size": 0,
          "data_dir": "./data",
          "num_workers": 0,
          "log_every": 200,
          "eval_every": 800
        }
      },
      {
        "seed": 1001,
        "steps": 2400,
        "wall_time_s": 157.38483927800553,
        "steps_per_sec": 15.249245168784178,
        "final_train_loss": 0.2501050880313727,
        "final_train_acc": 0.9094580510682647,
        "best_val_acc": 0.9142,
        "final_val_acc": 0.9142,
        "val_accs": [
          0.9017,
          0.912,
          0.9142
        ],
        "config": {
          "seed": 1001,
          "steps": 2400,
          "batch_size": 128,
          "lr": 0.001,
          "weight_decay": 0.0001,
          "hidden_dim": 128,
          "dropout": 0.1,
          "label_smoothing": 0.0,
          "warmup_steps": 0,
          "grad_clip": 0.0,
          "grad_centralize": false,
          "optimizer": "adam",
          "scheduler": "none",
          "activation": "relu",
          "norm": "none",
          "mixing": "multi_scale_blend",
          "init_scale": 1.0,
          "ema_decay": 0.0,
          "mixup_alpha": 0.0,
          "cutout_size": 0,
          "data_dir": "./data",
          "num_workers": 0,
          "log_every": 200,
          "eval_every": 800
        }
      },
      {
        "seed": 1002,
        "steps": 2400,
        "wall_time_s": 152.78774564602645,
        "steps_per_sec": 15.708066048439774,
        "final_train_loss": 0.2674255635230227,
        "final_train_acc": 0.9035891089108911,
        "best_val_acc": 0.9179,
        "final_val_acc": 0.9179,
        "val_accs": [
          0.8988,
          0.9062,
          0.9179
        ],
        "config": {
          "seed": 1002,
          "steps": 2400,
          "batch_size": 128,
          "lr": 0.001,
          "weight_decay": 0.0001,
          "hidden_dim": 128,
          "dropout": 0.1,
          "label_smoothing": 0.0,
          "warmup_steps": 0,
          "grad_clip": 0.0,
          "grad_centralize": false,
          "optimizer": "adam",
          "scheduler": "none",
          "activation": "relu",
          "norm": "none",
          "mixing": "multi_scale_blend",
          "init_scale": 1.0,
          "ema_decay": 0.0,
          "mixup_alpha": 0.0,
          "cutout_size": 0,
          "data_dir": "./data",
          "num_workers": 0,
          "log_every": 200,
          "eval_every": 800
        }
      }
    ]
  },
  "verdict": "INCONCLUSIVA",
  "lesson": "Baseline multi-escala.",
  "novelty_note": "NOVEL | multi_scale_blend isolado."
}
=== exp-036 cosine_gate+LS @2400 ===
{
  "id": "exp-036",
  "name": "cosine_gate_ls_2400",
  "timestamp_utc": "2026-07-05T14:41:21.874332+00:00",
  "repro_command": "/usr/bin/python3 train_baseline.py --steps 2400 --eval_every 800 --mixing cosine_gate_blend --label_smoothing 0.1 --seed <SEED>",
  "seeds": [
    1000,
    1001,
    1002
  ],
  "config": {
    "seed": 1000,
    "steps": 2400,
    "batch_size": 128,
    "lr": 0.001,
    "weight_decay": 0.0001,
    "hidden_dim": 128,
    "dropout": 0.1,
    "label_smoothing": 0.1,
    "warmup_steps": 0,
    "grad_clip": 0.0,
    "grad_centralize": false,
    "optimizer": "adam",
    "scheduler": "none",
    "activation": "relu",
    "norm": "none",
    "mixing": "cosine_gate_blend",
    "init_scale": 1.0,
    "ema_decay": 0.0,
    "mixup_alpha": 0.0,
    "cutout_size": 0,
    "data_dir": "./data",
    "num_workers": 0,
    "log_every": 200,
    "eval_every": 800
  },
  "result": {
    "n_seeds": 3,
    "best_val_acc_mean": 0.9166,
    "best_val_acc_std": 0.0008544003745317695,
    "wall_time_s_mean": 103.30869276965193,
    "steps_per_sec_mean": 23.265468229557904,
    "per_seed": [
      {
        "seed": 1000,
        "steps": 2400,
        "wall_time_s": 99.86103401100263,
        "steps_per_sec": 24.03339824956719,
        "final_train_loss": 0.734545261503322,
        "final_train_acc": 0.9087578165711307,
        "best_val_acc": 0.9175,
        "final_val_acc": 0.9175,
        "val_accs": [
          0.9002,
          0.9102,
          0.9175
        ],
        "config": {
          "seed": 1000,
          "steps": 2400,
          "batch_size": 128,
          "lr": 0.001,
          "weight_decay": 0.0001,
          "hidden_dim": 128,
          "dropout": 0.1,
          "label_smoothing": 0.1,
          "warmup_steps": 0,
          "grad_clip": 0.0,
          "grad_centralize": false,
          "optimizer": "adam",
          "scheduler": "none",
          "activation": "relu",
          "norm": "none",
          "mixing": "cosine_gate_blend",
          "init_scale": 1.0,
          "ema_decay": 0.0,
          "mixup_alpha": 0.0,
          "cutout_size": 0,
          "data_dir": "./data",
          "num_workers": 0,
          "log_every": 200,
          "eval_every": 800
        }
      },
      {
        "seed": 1001,
        "steps": 2400,
        "wall_time_s": 101.13931294198846,
        "steps_per_sec": 23.72964508248729,
        "final_train_loss": 0.7504385674167512,
        "final_train_acc": 0.9045173267326733,
        "best_val_acc": 0.9165,
        "final_val_acc": 0.9165,
        "val_accs": [
          0.8968,
          0.9079,
          0.9165
        ],
        "config": {
          "seed": 1001,
          "steps": 2400,
          "batch_size": 128,
          "lr": 0.001,
          "weight_decay": 0.0001,
          "hidden_dim": 128,
          "dropout": 0.1,
          "label_smoothing": 0.1,
          "warmup_steps": 0,
          "grad_clip": 0.0,
          "grad_centralize": false,
          "optimizer": "adam",
          "scheduler": "none",
          "activation": "relu",
          "norm": "none",
          "mixing": "cosine_gate_blend",
          "init_scale": 1.0,
          "ema_decay": 0.0,
          "mixup_alpha": 0.0,
          "cutout_size": 0,
          "data_dir": "./data",
          "num_workers": 0,
          "log_every": 200,
          "eval_every": 800
        }
      },
      {
        "seed": 1002,
        "steps": 2400,
        "wall_time_s": 108.92573135596467,
        "steps_per_sec": 22.033361356619235,
        "final_train_loss": 0.7412522580612445,
        "final_train_acc": 0.9071977592496092,
        "best_val_acc": 0.9158,
        "final_val_acc": 0.9158,
        "val_accs": [
          0.8986,
          0.9126,
          0.9158
        ],
        "config": {
          "seed": 1002,
          "steps": 2400,
          "batch_size": 128,
          "lr": 0.001,
          "weight_decay": 0.0001,
          "hidden_dim": 128,
          "dropout": 0.1,
          "label_smoothing": 0.1,
          "warmup_steps": 0,
          "grad_clip": 0.0,
          "grad_centralize": false,
          "optimizer": "adam",
          "scheduler": "none",
          "activation": "relu",
          "norm": "none",
          "mixing": "cosine_gate_blend",
          "init_scale": 1.0,
          "ema_decay": 0.0,
          "mixup_alpha": 0.0,
          "cutout_size": 0,
          "data_dir": "./data",
          "num_workers": 0,
          "log_every": 200,
          "eval_every": 800
        }
      }
    ]
  },
  "verdict": "INCONCLUSIVA",
  "lesson": "Gate por similaridade direcional.",
  "novelty_note": "NOVEL | gate cossim(x,conv(x)) + LS."
}
=== exp-037 entropy_gate+LS @2400 ===
{
  "id": "exp-037",
  "name": "entropy_gate_ls_2400",
  "timestamp_utc": "2026-07-05T14:47:04.293180+00:00",
  "repro_command": "/usr/bin/python3 train_baseline.py --steps 2400 --eval_every 800 --mixing entropy_gate_blend --label_smoothing 0.1 --seed <SEED>",
  "seeds": [
    1000,
    1001,
    1002
  ],
  "config": {
    "seed": 1000,
    "steps": 2400,
    "batch_size": 128,
    "lr": 0.001,
    "weight_decay": 0.0001,
    "hidden_dim": 128,
    "dropout": 0.1,
    "label_smoothing": 0.1,
    "warmup_steps": 0,
    "grad_clip": 0.0,
    "grad_centralize": false,
    "optimizer": "adam",
    "scheduler": "none",
    "activation": "relu",
    "norm": "none",
    "mixing": "entropy_gate_blend",
    "init_scale": 1.0,
    "ema_decay": 0.0,
    "mixup_alpha": 0.0,
    "cutout_size": 0,
    "data_dir": "./data",
    "num_workers": 0,
    "log_every": 200,
    "eval_every": 800
  },
  "result": {
    "n_seeds": 3,
    "best_val_acc_mean": 0.9126,
    "best_val_acc_std": 0.002762245463386616,
    "wall_time_s_mean": 112.34341884835158,
    "steps_per_sec_mean": 21.368865757759757,
    "per_seed": [
      {
        "seed": 1000,
        "steps": 2400,
        "wall_time_s": 114.9287922810181,
        "steps_per_sec": 20.882495607642344,
        "final_train_loss": 0.797897649239972,
        "final_train_acc": 0.8922648514851486,
        "best_val_acc": 0.9135,
        "final_val_acc": 0.9135,
        "val_accs": [
          0.8923,
          0.9029,
          0.9135
        ],
        "config": {
          "seed": 1000,
          "steps": 2400,
          "batch_size": 128,
          "lr": 0.001,
          "weight_decay": 0.0001,
          "hidden_dim": 128,
          "dropout": 0.1,
          "label_smoothing": 0.1,
          "warmup_steps": 0,
          "grad_clip": 0.0,
          "grad_centralize": false,
          "optimizer": "adam",
          "scheduler": "none",
          "activation": "relu",
          "norm": "none",
          "mixing": "entropy_gate_blend",
          "init_scale": 1.0,
          "ema_decay": 0.0,
          "mixup_alpha": 0.0,
          "cutout_size": 0,
          "data_dir": "./data",
          "num_workers": 0,
          "log_every": 200,
          "eval_every": 800
        }
      },
      {
        "seed": 1001,
        "steps": 2400,
        "wall_time_s": 110.63233842601767,
        "steps_per_sec": 21.69347619462038,
        "final_train_loss": 0.7691619731722679,
        "final_train_acc": 0.9031657113079729,
        "best_val_acc": 0.9148,
        "final_val_acc": 0.9148,
        "val_accs": [
          0.8962,
          0.9124,
          0.9148
        ],
        "config": {
          "seed": 1001,
          "steps": 2400,
          "batch_size": 128,
          "lr": 0.001,
          "weight_decay": 0.0001,
          "hidden_dim": 128,
          "dropout": 0.1,
          "label_smoothing": 0.1,
          "warmup_steps": 0,
          "grad_clip": 0.0,
          "grad_centralize": false,
          "optimizer": "adam",
          "scheduler": "none",
          "activation": "relu",
          "norm": "none",
          "mixing": "entropy_gate_blend",
          "init_scale": 1.0,
          "ema_decay": 0.0,
          "mixup_alpha": 0.0,
          "cutout_size": 0,
          "data_dir": "./data",
          "num_workers": 0,
          "log_every": 200,
          "eval_every": 800
        }
      },
      {
        "seed": 1002,
        "steps": 2400,
        "wall_time_s": 111.46912583801895,
        "steps_per_sec": 21.53062547101655,
        "final_train_loss": 0.7848410909967288,
        "final_train_acc": 0.8969971339239187,
        "best_val_acc": 0.9095,
        "final_val_acc": 0.9095,
        "val_accs": [
          0.8904,
          0.9062,
          0.9095
        ],
        "config": {
          "seed": 1002,
          "steps": 2400,
          "batch_size": 128,
          "lr": 0.001,
          "weight_decay": 0.0001,
          "hidden_dim": 128,
          "dropout": 0.1,
          "label_smoothing": 0.1,
          "warmup_steps": 0,
          "grad_clip": 0.0,
          "grad_centralize": false,
          "optimizer": "adam",
          "scheduler": "none",
          "activation": "relu",
          "norm": "none",
          "mixing": "entropy_gate_blend",
          "init_scale": 1.0,
          "ema_decay": 0.0,
          "mixup_alpha": 0.0,
          "cutout_size": 0,
          "data_dir": "./data",
          "num_workers": 0,
          "log_every": 200,
          "eval_every": 800
        }
      }
    ]
  },
  "verdict": "INCONCLUSIVA",
  "lesson": "Gate informacional.",
  "novelty_note": "NOVEL | gate entropia espacial + LS."
}
=== exp-038 post_act_blend+LS @2400 ===
{
  "id": "exp-038",
  "name": "post_act_ls_2400",
  "timestamp_utc": "2026-07-05T14:51:58.185873+00:00",
  "repro_command": "/usr/bin/python3 train_baseline.py --steps 2400 --eval_every 800 --mixing post_act_blend --label_smoothing 0.1 --seed <SEED>",
  "seeds": [
    1000,
    1001,
    1002
  ],
  "config": {
    "seed": 1000,
    "steps": 2400,
    "batch_size": 128,
    "lr": 0.001,
    "weight_decay": 0.0001,
    "hidden_dim": 128,
    "dropout": 0.1,
    "label_smoothing": 0.1,
    "warmup_steps": 0,
    "grad_clip": 0.0,
    "grad_centralize": false,
    "optimizer": "adam",
    "scheduler": "none",
    "activation": "relu",
    "norm": "none",
    "mixing": "post_act_blend",
    "init_scale": 1.0,
    "ema_decay": 0.0,
    "mixup_alpha": 0.0,
    "cutout_size": 0,
    "data_dir": "./data",
    "num_workers": 0,
    "log_every": 200,
    "eval_every": 800
  },
  "result": {
    "n_seeds": 3,
    "best_val_acc_mean": 0.9143333333333333,
    "best_val_acc_std": 0.00032145502536639643,
    "wall_time_s_mean": 95.98719842966723,
    "steps_per_sec_mean": 25.13052520547845,
    "per_seed": [
      {
        "seed": 1000,
        "steps": 2400,
        "wall_time_s": 88.77877198701026,
        "steps_per_sec": 27.033489496240815,
        "final_train_loss": 0.7545730674061818,
        "final_train_acc": 0.9030712610734758,
        "best_val_acc": 0.9142,
        "final_val_acc": 0.9142,
        "val_accs": [
          0.8956,
          0.9116,
          0.9142
        ],
        "config": {
          "seed": 1000,
          "steps": 2400,
          "batch_size": 128,
          "lr": 0.001,
          "weight_decay": 0.0001,
          "hidden_dim": 128,
          "dropout": 0.1,
          "label_smoothing": 0.1,
          "warmup_steps": 0,
          "grad_clip": 0.0,
          "grad_centralize": false,
          "optimizer": "adam",
          "scheduler": "none",
          "activation": "relu",
          "norm": "none",
          "mixing": "post_act_blend",
          "init_scale": 1.0,
          "ema_decay": 0.0,
          "mixup_alpha": 0.0,
          "cutout_size": 0,
          "data_dir": "./data",
          "num_workers": 0,
          "log_every": 200,
          "eval_every": 800
        }
      },
      {
        "seed": 1001,
        "steps": 2400,
        "wall_time_s": 105.3407086179941,
        "steps_per_sec": 22.783214879475725,
        "final_train_loss": 0.7460261358451943,
        "final_train_acc": 0.905881969775925,
        "best_val_acc": 0.9147,
        "final_val_acc": 0.9147,
        "val_accs": [
          0.8975,
          0.9115,
          0.9147
        ],
        "config": {
          "seed": 1001,
          "steps": 2400,
          "batch_size": 128,
          "lr": 0.001,
          "weight_decay": 0.0001,
          "hidden_dim": 128,
          "dropout": 0.1,
          "label_smoothing": 0.1,
          "warmup_steps": 0,
          "grad_clip": 0.0,
          "grad_centralize": false,
          "optimizer": "adam",
          "scheduler": "none",
          "activation": "relu",
          "norm": "none",
          "mixing": "post_act_blend",
          "init_scale": 1.0,
          "ema_decay": 0.0,
          "mixup_alpha": 0.0,
          "cutout_size": 0,
          "data_dir": "./data",
          "num_workers": 0,
          "log_every": 200,
          "eval_every": 800
        }
      },
      {
        "seed": 1002,
        "steps": 2400,
        "wall_time_s": 93.84211468399735,
        "steps_per_sec": 25.574871240718807,
        "final_train_loss": 0.7374841279881643,
        "final_train_acc": 0.9077351485148515,
        "best_val_acc": 0.9141,
        "final_val_acc": 0.9141,
        "val_accs": [
          0.8939,
          0.9133,
          0.9141
        ],
        "config": {
          "seed": 1002,
          "steps": 2400,
          "batch_size": 128,
          "lr": 0.001,
          "weight_decay": 0.0001,
          "hidden_dim": 128,
          "dropout": 0.1,
          "label_smoothing": 0.1,
          "warmup_steps": 0,
          "grad_clip": 0.0,
          "grad_centralize": false,
          "optimizer": "adam",
          "scheduler": "none",
          "activation": "relu",
          "norm": "none",
          "mixing": "post_act_blend",
          "init_scale": 1.0,
          "ema_decay": 0.0,
          "mixup_alpha": 0.0,
          "cutout_size": 0,
          "data_dir": "./data",
          "num_workers": 0,
          "log_every": 200,
          "eval_every": 800
        }
      }
    ]
  },
  "verdict": "INCONCLUSIVA",
  "lesson": "Mixing no espaço de ativação.",
  "novelty_note": "NOVEL | blend pós-ReLU + LS."
}
=== exp-039 k5+LS+wc @2400 ===
{
  "id": "exp-039",
  "name": "k5_ls_wc_2400",
  "timestamp_utc": "2026-07-05T14:59:29.755917+00:00",
  "repro_command": "/usr/bin/python3 train_baseline.py --steps 2400 --eval_every 800 --mixing local_blend_k5 --label_smoothing 0.1 --warmup_steps 100 --scheduler cosine --seed <SEED>",
  "seeds": [
    1000,
    1001,
    1002
  ],
  "config": {
    "seed": 1000,
    "steps": 2400,
    "batch_size": 128,
    "lr": 0.001,
    "weight_decay": 0.0001,
    "hidden_dim": 128,
    "dropout": 0.1,
    "label_smoothing": 0.1,
    "warmup_steps": 100,
    "grad_clip": 0.0,
    "grad_centralize": false,
    "optimizer": "adam",
    "scheduler": "cosine",
    "activation": "relu",
    "norm": "none",
    "mixing": "local_blend_k5",
    "init_scale": 1.0,
    "ema_decay": 0.0,
    "mixup_alpha": 0.0,
    "cutout_size": 0,
    "data_dir": "./data",
    "num_workers": 0,
    "log_every": 200,
    "eval_every": 800
  },
  "result": {
    "n_seeds": 3,
    "best_val_acc_mean": 0.9157333333333334,
    "best_val_acc_std": 0.004015387071420809,
    "wall_time_s_mean": 148.40910885665411,
    "steps_per_sec_mean": 16.17952798834178,
    "per_seed": [
      {
        "seed": 1000,
        "steps": 2400,
        "wall_time_s": 150.7338217169745,
        "steps_per_sec": 15.92210674858601,
        "final_train_loss": 0.738870131863847,
        "final_train_acc": 0.9067515633142261,
        "best_val_acc": 0.9182,
        "final_val_acc": 0.9182,
        "val_accs": [
          0.899,
          0.915,
          0.9182
        ],
        "config": {
          "seed": 1000,
          "steps": 2400,
          "batch_size": 128,
          "lr": 0.001,
          "weight_decay": 0.0001,
          "hidden_dim": 128,
          "dropout": 0.1,
          "label_smoothing": 0.1,
          "warmup_steps": 100,
          "grad_clip": 0.0,
          "grad_centralize": false,
          "optimizer": "adam",
          "scheduler": "cosine",
          "activation": "relu",
          "norm": "none",
          "mixing": "local_blend_k5",
          "init_scale": 1.0,
          "ema_decay": 0.0,
          "mixup_alpha": 0.0,
          "cutout_size": 0,
          "data_dir": "./data",
          "num_workers": 0,
          "log_every": 200,
          "eval_every": 800
        }
      },
      {
        "seed": 1001,
        "steps": 2400,
        "wall_time_s": 143.77468555199448,
        "steps_per_sec": 16.69278559563997,
        "final_train_loss": 0.7352781088231689,
        "final_train_acc": 0.9067906461698801,
        "best_val_acc": 0.9179,
        "final_val_acc": 0.9179,
        "val_accs": [
          0.8978,
          0.9123,
          0.9179
        ],
        "config": {
          "seed": 1001,
          "steps": 2400,
          "batch_size": 128,
          "lr": 0.001,
          "weight_decay": 0.0001,
          "hidden_dim": 128,
          "dropout": 0.1,
          "label_smoothing": 0.1,
          "warmup_steps": 100,
          "grad_clip": 0.0,
          "grad_centralize": false,
          "optimizer": "adam",
          "scheduler": "cosine",
          "activation": "relu",
          "norm": "none",
          "mixing": "local_blend_k5",
          "init_scale": 1.0,
          "ema_decay": 0.0,
          "mixup_alpha": 0.0,
          "cutout_size": 0,
          "data_dir": "./data",
          "num_workers": 0,
          "log_every": 200,
          "eval_every": 800
        }
      },
      {
        "seed": 1002,
        "steps": 2400,
        "wall_time_s": 150.71881930099335,
        "steps_per_sec": 15.923691620799357,
        "final_train_loss": 0.7723007521572183,
        "final_train_acc": 0.8968896560708702,
        "best_val_acc": 0.9111,
        "final_val_acc": 0.9111,
        "val_accs": [
          0.8936,
          0.907,
          0.9111
        ],
        "config": {
          "seed": 1002,
          "steps": 2400,
          "batch_size": 128,
          "lr": 0.001,
          "weight_decay": 0.0001,
          "hidden_dim": 128,
          "dropout": 0.1,
          "label_smoothing": 0.1,
          "warmup_steps": 100,
          "grad_clip": 0.0,
          "grad_centralize": false,
          "optimizer": "adam",
          "scheduler": "cosine",
          "activation": "relu",
          "norm": "none",
          "mixing": "local_blend_k5",
          "init_scale": 1.0,
          "ema_decay": 0.0,
          "mixup_alpha": 0.0,
          "cutout_size": 0,
          "data_dir": "./data",
          "num_workers": 0,
          "log_every": 200,
          "eval_every": 800
        }
      }
    ]
  },
  "verdict": "INCONCLUSIVA",
  "lesson": "k5+LS+warmup+cosine.",
  "novelty_note": "RECOMB | triple stack campeões."
}
=== exp-040 multi_scale+LS+wc @2400 ===
{
  "id": "exp-040",
  "name": "multi_scale_ls_wc_2400",
  "timestamp_utc": "2026-07-05T15:08:06.962842+00:00",
  "repro_command": "/usr/bin/python3 train_baseline.py --steps 2400 --eval_every 800 --mixing multi_scale_blend --label_smoothing 0.1 --warmup_steps 100 --scheduler cosine --seed <SEED>",
  "seeds": [
    1000,
    1001,
    1002
  ],
  "config": {
    "seed": 1000,
    "steps": 2400,
    "batch_size": 128,
    "lr": 0.001,
    "weight_decay": 0.0001,
    "hidden_dim": 128,
    "dropout": 0.1,
    "label_smoothing": 0.1,
    "warmup_steps": 100,
    "grad_clip": 0.0,
    "grad_centralize": false,
    "optimizer": "adam",
    "scheduler": "cosine",
    "activation": "relu",
    "norm": "none",
    "mixing": "multi_scale_blend",
    "init_scale": 1.0,
    "ema_decay": 0.0,
    "mixup_alpha": 0.0,
    "cutout_size": 0,
    "data_dir": "./data",
    "num_workers": 0,
    "log_every": 200,
    "eval_every": 800
  },
  "result": {
    "n_seeds": 3,
    "best_val_acc_mean": 0.9179666666666667,
    "best_val_acc_std": 0.002010804150914099,
    "wall_time_s_mean": 170.26225625434503,
    "steps_per_sec_mean": 14.151547430615324,
    "per_seed": [
      {
        "seed": 1000,
        "steps": 2400,
        "wall_time_s": 159.36989364598412,
        "steps_per_sec": 15.059306027594104,
        "final_train_loss": 0.7346497807358627,
        "final_train_acc": 0.9069665190203231,
        "best_val_acc": 0.9174,
        "final_val_acc": 0.9174,
        "val_accs": [
          0.8974,
          0.915,
          0.9174
        ],
        "config": {
          "seed": 1000,
          "steps": 2400,
          "batch_size": 128,
          "lr": 0.001,
          "weight_decay": 0.0001,
          "hidden_dim": 128,
          "dropout": 0.1,
          "label_smoothing": 0.1,
          "warmup_steps": 100,
          "grad_clip": 0.0,
          "grad_centralize": false,
          "optimizer": "adam",
          "scheduler": "cosine",
          "activation": "relu",
          "norm": "none",
          "mixing": "multi_scale_blend",
          "init_scale": 1.0,
          "ema_decay": 0.0,
          "mixup_alpha": 0.0,
          "cutout_size": 0,
          "data_dir": "./data",
          "num_workers": 0,
          "log_every": 200,
          "eval_every": 800
        }
      },
      {
        "seed": 1001,
        "steps": 2400,
        "wall_time_s": 185.0451800720184,
        "steps_per_sec": 12.96980553109211,
        "final_train_loss": 0.7247465119627753,
        "final_train_acc": 0.9112819176654507,
        "best_val_acc": 0.9202,
        "final_val_acc": 0.9202,
        "val_accs": [
          0.9028,
          0.915,
          0.9202
        ],
        "config": {
          "seed": 1001,
          "steps": 2400,
          "batch_size": 128,
          "lr": 0.001,
          "weight_decay": 0.0001,
          "hidden_dim": 128,
          "dropout": 0.1,
          "label_smoothing": 0.1,
          "warmup_steps": 100,
          "grad_clip": 0.0,
          "grad_centralize": false,
          "optimizer": "adam",
          "scheduler": "cosine",
          "activation": "relu",
          "norm": "none",
          "mixing": "multi_scale_blend",
          "init_scale": 1.0,
          "ema_decay": 0.0,
          "mixup_alpha": 0.0,
          "cutout_size": 0,
          "data_dir": "./data",
          "num_workers": 0,
          "log_every": 200,
          "eval_every": 800
        }
      },
      {
        "seed": 1002,
        "steps": 2400,
        "wall_time_s": 166.37169504503254,
        "steps_per_sec": 14.425530733159759,
        "final_train_loss": 0.7385839714986574,
        "final_train_acc": 0.905745179781136,
        "best_val_acc": 0.9163,
        "final_val_acc": 0.9163,
        "val_accs": [
          0.8989,
          0.9106,
          0.9163
        ],
        "config": {
          "seed": 1002,
          "steps": 2400,
          "batch_size": 128,
          "lr": 0.001,
          "weight_decay": 0.0001,
          "hidden_dim": 128,
          "dropout": 0.1,
          "label_smoothing": 0.1,
          "warmup_steps": 100,
          "grad_clip": 0.0,
          "grad_centralize": false,
          "optimizer": "adam",
          "scheduler": "cosine",
          "activation": "relu",
          "norm": "none",
          "mixing": "multi_scale_blend",
          "init_scale": 1.0,
          "ema_decay": 0.0,
          "mixup_alpha": 0.0,
          "cutout_size": 0,
          "data_dir": "./data",
          "num_workers": 0,
          "log_every": 200,
          "eval_every": 800
        }
      }
    ]
  },
  "verdict": "INCONCLUSIVA",
  "lesson": "Stack agressivo.",
  "novelty_note": "RECOMB | multi_scale+LS+cosine."
}
=== BATCH 3 DONE ===
