=== exp-020 local_blend_var ===
{
  "id": "exp-020",
  "name": "local_blend_var",
  "timestamp_utc": "2026-07-05T13:22:20.747982+00:00",
  "repro_command": "/usr/bin/python3 train_baseline.py --steps 1200 --eval_every 400 --mixing local_blend_var --seed <SEED>",
  "seeds": [
    1000,
    1001,
    1002
  ],
  "config": {
    "seed": 1000,
    "steps": 1200,
    "batch_size": 128,
    "lr": 0.001,
    "weight_decay": 0.0001,
    "hidden_dim": 128,
    "dropout": 0.1,
    "label_smoothing": 0.0,
    "warmup_steps": 0,
    "grad_clip": 0.0,
    "grad_centralize": false,
    "optimizer": "adam",
    "scheduler": "none",
    "activation": "relu",
    "norm": "none",
    "mixing": "local_blend_var",
    "init_scale": 1.0,
    "ema_decay": 0.0,
    "mixup_alpha": 0.0,
    "cutout_size": 0,
    "data_dir": "./data",
    "num_workers": 0,
    "log_every": 200,
    "eval_every": 400
  },
  "result": {
    "n_seeds": 3,
    "best_val_acc_mean": 0.8971333333333333,
    "best_val_acc_std": 0.00597020379328323,
    "wall_time_s_mean": 308.2862116563095,
    "steps_per_sec_mean": 13.206109098868323,
    "per_seed": [
      {
        "seed": 1000,
        "steps": 1200,
        "wall_time_s": 63.04921560600633,
        "steps_per_sec": 19.03275066098813,
        "final_train_loss": 0.40350729682983183,
        "final_train_acc": 0.8659206961233847,
        "best_val_acc": 0.8977,
        "final_val_acc": 0.8977,
        "val_accs": [
          0.8787,
          0.8838,
          0.8977
        ],
        "config": {
          "seed": 1000,
          "steps": 1200,
          "batch_size": 128,
          "lr": 0.001,
          "weight_decay": 0.0001,
          "hidden_dim": 128,
          "dropout": 0.1,
          "label_smoothing": 0.0,
          "warmup_steps": 0,
          "grad_clip": 0.0,
          "grad_centralize": false,
          "optimizer": "adam",
          "scheduler": "none",
          "activation": "relu",
          "norm": "none",
          "mixing": "local_blend_var",
          "init_scale": 1.0,
          "ema_decay": 0.0,
          "mixup_alpha": 0.0,
          "cutout_size": 0,
          "data_dir": "./data",
          "num_workers": 0,
          "log_every": 200,
          "eval_every": 400
        }
      },
      {
        "seed": 1001,
        "steps": 1200,
        "wall_time_s": 798.9280836769613,
        "steps_per_sec": 1.5020125396983894,
        "final_train_loss": 0.3714499877934259,
        "final_train_acc": 0.8740946748645269,
        "best_val_acc": 0.9028,
        "final_val_acc": 0.9028,
        "val_accs": [
          0.8647,
          0.8901,
          0.9028
        ],
        "config": {
          "seed": 1001,
          "steps": 1200,
          "batch_size": 128,
          "lr": 0.001,
          "weight_decay": 0.0001,
          "hidden_dim": 128,
          "dropout": 0.1,
          "label_smoothing": 0.0,
          "warmup_steps": 0,
          "grad_clip": 0.0,
          "grad_centralize": false,
          "optimizer": "adam",
          "scheduler": "none",
          "activation": "relu",
          "norm": "none",
          "mixing": "local_blend_var",
          "init_scale": 1.0,
          "ema_decay": 0.0,
          "mixup_alpha": 0.0,
          "cutout_size": 0,
          "data_dir": "./data",
          "num_workers": 0,
          "log_every": 200,
          "eval_every": 400
        }
      },
      {
        "seed": 1002,
        "steps": 1200,
        "wall_time_s": 62.88133568596095,
        "steps_per_sec": 19.08356409591845,
        "final_train_loss": 0.3913047348442998,
        "final_train_acc": 0.8662789182992914,
        "best_val_acc": 0.8909,
        "final_val_acc": 0.8825,
        "val_accs": [
          0.8622,
          0.8909,
          0.8825
        ],
        "config": {
          "seed": 1002,
          "steps": 1200,
          "batch_size": 128,
          "lr": 0.001,
          "weight_decay": 0.0001,
          "hidden_dim": 128,
          "dropout": 0.1,
          "label_smoothing": 0.0,
          "warmup_steps": 0,
          "grad_clip": 0.0,
          "grad_centralize": false,
          "optimizer": "adam",
          "scheduler": "none",
          "activation": "relu",
          "norm": "none",
          "mixing": "local_blend_var",
          "init_scale": 1.0,
          "ema_decay": 0.0,
          "mixup_alpha": 0.0,
          "cutout_size": 0,
          "data_dir": "./data",
          "num_workers": 0,
          "log_every": 200,
          "eval_every": 400
        }
      }
    ]
  },
  "verdict": "INCONCLUSIVA",
  "lesson": "Mutação local_blend: gate=sigmoid(4*var).",
  "novelty_note": "NOVEL | Gate por variância espacial em vez de média."
}
=== exp-021 local_blend_k5 ===
{
  "id": "exp-021",
  "name": "local_blend_k5",
  "timestamp_utc": "2026-07-05T13:26:02.721885+00:00",
  "repro_command": "/usr/bin/python3 train_baseline.py --steps 1200 --eval_every 400 --mixing local_blend_k5 --seed <SEED>",
  "seeds": [
    1000,
    1001,
    1002
  ],
  "config": {
    "seed": 1000,
    "steps": 1200,
    "batch_size": 128,
    "lr": 0.001,
    "weight_decay": 0.0001,
    "hidden_dim": 128,
    "dropout": 0.1,
    "label_smoothing": 0.0,
    "warmup_steps": 0,
    "grad_clip": 0.0,
    "grad_centralize": false,
    "optimizer": "adam",
    "scheduler": "none",
    "activation": "relu",
    "norm": "none",
    "mixing": "local_blend_k5",
    "init_scale": 1.0,
    "ema_decay": 0.0,
    "mixup_alpha": 0.0,
    "cutout_size": 0,
    "data_dir": "./data",
    "num_workers": 0,
    "log_every": 200,
    "eval_every": 400
  },
  "result": {
    "n_seeds": 3,
    "best_val_acc_mean": 0.9062333333333333,
    "best_val_acc_std": 0.002433789911502919,
    "wall_time_s_mean": 72.00541670965806,
    "steps_per_sec_mean": 16.68686715032161,
    "per_seed": [
      {
        "seed": 1000,
        "steps": 1200,
        "wall_time_s": 75.67908021999756,
        "steps_per_sec": 15.856429498239464,
        "final_train_loss": 0.34738506241024114,
        "final_train_acc": 0.876543611921634,
        "best_val_acc": 0.9036,
        "final_val_acc": 0.9036,
        "val_accs": [
          0.8806,
          0.8972,
          0.9036
        ],
        "config": {
          "seed": 1000,
          "steps": 1200,
          "batch_size": 128,
          "lr": 0.001,
          "weight_decay": 0.0001,
          "hidden_dim": 128,
          "dropout": 0.1,
          "label_smoothing": 0.0,
          "warmup_steps": 0,
          "grad_clip": 0.0,
          "grad_centralize": false,
          "optimizer": "adam",
          "scheduler": "none",
          "activation": "relu",
          "norm": "none",
          "mixing": "local_blend_k5",
          "init_scale": 1.0,
          "ema_decay": 0.0,
          "mixup_alpha": 0.0,
          "cutout_size": 0,
          "data_dir": "./data",
          "num_workers": 0,
          "log_every": 200,
          "eval_every": 400
        }
      },
      {
        "seed": 1001,
        "steps": 1200,
        "wall_time_s": 69.82261740695685,
        "steps_per_sec": 17.18640813772239,
        "final_train_loss": 0.3326139664056153,
        "final_train_acc": 0.8813372759483118,
        "best_val_acc": 0.9084,
        "final_val_acc": 0.9084,
        "val_accs": [
          0.8819,
          0.8863,
          0.9084
        ],
        "config": {
          "seed": 1001,
          "steps": 1200,
          "batch_size": 128,
          "lr": 0.001,
          "weight_decay": 0.0001,
          "hidden_dim": 128,
          "dropout": 0.1,
          "label_smoothing": 0.0,
          "warmup_steps": 0,
          "grad_clip": 0.0,
          "grad_centralize": false,
          "optimizer": "adam",
          "scheduler": "none",
          "activation": "relu",
          "norm": "none",
          "mixing": "local_blend_k5",
          "init_scale": 1.0,
          "ema_decay": 0.0,
          "mixup_alpha": 0.0,
          "cutout_size": 0,
          "data_dir": "./data",
          "num_workers": 0,
          "log_every": 200,
          "eval_every": 400
        }
      },
      {
        "seed": 1002,
        "steps": 1200,
        "wall_time_s": 70.5145525020198,
        "steps_per_sec": 17.017763815002976,
        "final_train_loss": 0.361699204204007,
        "final_train_acc": 0.8746548040850355,
        "best_val_acc": 0.9067,
        "final_val_acc": 0.9067,
        "val_accs": [
          0.8777,
          0.9006,
          0.9067
        ],
        "config": {
          "seed": 1002,
          "steps": 1200,
          "batch_size": 128,
          "lr": 0.001,
          "weight_decay": 0.0001,
          "hidden_dim": 128,
          "dropout": 0.1,
          "label_smoothing": 0.0,
          "warmup_steps": 0,
          "grad_clip": 0.0,
          "grad_centralize": false,
          "optimizer": "adam",
          "scheduler": "none",
          "activation": "relu",
          "norm": "none",
          "mixing": "local_blend_k5",
          "init_scale": 1.0,
          "ema_decay": 0.0,
          "mixup_alpha": 0.0,
          "cutout_size": 0,
          "data_dir": "./data",
          "num_workers": 0,
          "log_every": 200,
          "eval_every": 400
        }
      }
    ]
  },
  "verdict": "INCONCLUSIVA",
  "lesson": "Mutação local_blend: receptive field maior.",
  "novelty_note": "NOVEL | Local blend com kernel depthwise 5x5."
}
=== exp-022 laplacian_blend ===
{
  "id": "exp-022",
  "name": "laplacian_blend",
  "timestamp_utc": "2026-07-05T13:28:48.974823+00:00",
  "repro_command": "/usr/bin/python3 train_baseline.py --steps 1200 --eval_every 400 --mixing laplacian_blend --seed <SEED>",
  "seeds": [
    1000,
    1001,
    1002
  ],
  "config": {
    "seed": 1000,
    "steps": 1200,
    "batch_size": 128,
    "lr": 0.001,
    "weight_decay": 0.0001,
    "hidden_dim": 128,
    "dropout": 0.1,
    "label_smoothing": 0.0,
    "warmup_steps": 0,
    "grad_clip": 0.0,
    "grad_centralize": false,
    "optimizer": "adam",
    "scheduler": "none",
    "activation": "relu",
    "norm": "none",
    "mixing": "laplacian_blend",
    "init_scale": 1.0,
    "ema_decay": 0.0,
    "mixup_alpha": 0.0,
    "cutout_size": 0,
    "data_dir": "./data",
    "num_workers": 0,
    "log_every": 200,
    "eval_every": 400
  },
  "result": {
    "n_seeds": 3,
    "best_val_acc_mean": 0.9047666666666667,
    "best_val_acc_std": 0.0037753587026047707,
    "wall_time_s_mean": 53.48753602135306,
    "steps_per_sec_mean": 22.64361151200576,
    "per_seed": [
      {
        "seed": 1000,
        "steps": 1200,
        "wall_time_s": 52.59974343102658,
        "steps_per_sec": 22.813799492644783,
        "final_train_loss": 0.33405075882215607,
        "final_train_acc": 0.8799174135056274,
        "best_val_acc": 0.9039,
        "final_val_acc": 0.9039,
        "val_accs": [
          0.8844,
          0.8993,
          0.9039
        ],
        "config": {
          "seed": 1000,
          "steps": 1200,
          "batch_size": 128,
          "lr": 0.001,
          "weight_decay": 0.0001,
          "hidden_dim": 128,
          "dropout": 0.1,
          "label_smoothing": 0.0,
          "warmup_steps": 0,
          "grad_clip": 0.0,
          "grad_centralize": false,
          "optimizer": "adam",
          "scheduler": "none",
          "activation": "relu",
          "norm": "none",
          "mixing": "laplacian_blend",
          "init_scale": 1.0,
          "ema_decay": 0.0,
          "mixup_alpha": 0.0,
          "cutout_size": 0,
          "data_dir": "./data",
          "num_workers": 0,
          "log_every": 200,
          "eval_every": 400
        }
      },
      {
        "seed": 1001,
        "steps": 1200,
        "wall_time_s": 47.6292373460019,
        "steps_per_sec": 25.19460875013844,
        "final_train_loss": 0.3249869790361443,
        "final_train_acc": 0.883818778657774,
        "best_val_acc": 0.9089,
        "final_val_acc": 0.9089,
        "val_accs": [
          0.8773,
          0.8998,
          0.9089
        ],
        "config": {
          "seed": 1001,
          "steps": 1200,
          "batch_size": 128,
          "lr": 0.001,
          "weight_decay": 0.0001,
          "hidden_dim": 128,
          "dropout": 0.1,
          "label_smoothing": 0.0,
          "warmup_steps": 0,
          "grad_clip": 0.0,
          "grad_centralize": false,
          "optimizer": "adam",
          "scheduler": "none",
          "activation": "relu",
          "norm": "none",
          "mixing": "laplacian_blend",
          "init_scale": 1.0,
          "ema_decay": 0.0,
          "mixup_alpha": 0.0,
          "cutout_size": 0,
          "data_dir": "./data",
          "num_workers": 0,
          "log_every": 200,
          "eval_every": 400
        }
      },
      {
        "seed": 1002,
        "steps": 1200,
        "wall_time_s": 60.233627287030686,
        "steps_per_sec": 19.92242629323405,
        "final_train_loss": 0.33093018266758656,
        "final_train_acc": 0.8817997082117549,
        "best_val_acc": 0.9015,
        "final_val_acc": 0.9015,
        "val_accs": [
          0.8766,
          0.901,
          0.9015
        ],
        "config": {
          "seed": 1002,
          "steps": 1200,
          "batch_size": 128,
          "lr": 0.001,
          "weight_decay": 0.0001,
          "hidden_dim": 128,
          "dropout": 0.1,
          "label_smoothing": 0.0,
          "warmup_steps": 0,
          "grad_clip": 0.0,
          "grad_centralize": false,
          "optimizer": "adam",
          "scheduler": "none",
          "activation": "relu",
          "norm": "none",
          "mixing": "laplacian_blend",
          "init_scale": 1.0,
          "ema_decay": 0.0,
          "mixup_alpha": 0.0,
          "cutout_size": 0,
          "data_dir": "./data",
          "num_workers": 0,
          "log_every": 200,
          "eval_every": 400
        }
      }
    ]
  },
  "verdict": "INCONCLUSIVA",
  "lesson": "Mutação: filtro de borda em vez de dirac.",
  "novelty_note": "NOVEL | Depthwise Laplaciano fixo + gate média."
}
=== exp-023 dual_gate_blend ===
{
  "id": "exp-023",
  "name": "dual_gate_blend",
  "timestamp_utc": "2026-07-05T13:31:56.928631+00:00",
  "repro_command": "/usr/bin/python3 train_baseline.py --steps 1200 --eval_every 400 --mixing dual_gate_blend --seed <SEED>",
  "seeds": [
    1000,
    1001,
    1002
  ],
  "config": {
    "seed": 1000,
    "steps": 1200,
    "batch_size": 128,
    "lr": 0.001,
    "weight_decay": 0.0001,
    "hidden_dim": 128,
    "dropout": 0.1,
    "label_smoothing": 0.0,
    "warmup_steps": 0,
    "grad_clip": 0.0,
    "grad_centralize": false,
    "optimizer": "adam",
    "scheduler": "none",
    "activation": "relu",
    "norm": "none",
    "mixing": "dual_gate_blend",
    "init_scale": 1.0,
    "ema_decay": 0.0,
    "mixup_alpha": 0.0,
    "cutout_size": 0,
    "data_dir": "./data",
    "num_workers": 0,
    "log_every": 200,
    "eval_every": 400
  },
  "result": {
    "n_seeds": 3,
    "best_val_acc_mean": 0.9030666666666667,
    "best_val_acc_std": 0.0010692676621563539,
    "wall_time_s_mean": 60.66101746067094,
    "steps_per_sec_mean": 19.87031740073632,
    "per_seed": [
      {
        "seed": 1000,
        "steps": 1200,
        "wall_time_s": 66.5142766450299,
        "steps_per_sec": 18.041239573334018,
        "final_train_loss": 0.336785534220519,
        "final_train_acc": 0.8777094622759483,
        "best_val_acc": 0.9033,
        "final_val_acc": 0.9033,
        "val_accs": [
          0.8783,
          0.8961,
          0.9033
        ],
        "config": {
          "seed": 1000,
          "steps": 1200,
          "batch_size": 128,
          "lr": 0.001,
          "weight_decay": 0.0001,
          "hidden_dim": 128,
          "dropout": 0.1,
          "label_smoothing": 0.0,
          "warmup_steps": 0,
          "grad_clip": 0.0,
          "grad_centralize": false,
          "optimizer": "adam",
          "scheduler": "none",
          "activation": "relu",
          "norm": "none",
          "mixing": "dual_gate_blend",
          "init_scale": 1.0,
          "ema_decay": 0.0,
          "mixup_alpha": 0.0,
          "cutout_size": 0,
          "data_dir": "./data",
          "num_workers": 0,
          "log_every": 200,
          "eval_every": 400
        }
      },
      {
        "seed": 1001,
        "steps": 1200,
        "wall_time_s": 57.68284967698855,
        "steps_per_sec": 20.803410488901637,
        "final_train_loss": 0.3281161868669133,
        "final_train_acc": 0.8825617444768653,
        "best_val_acc": 0.904,
        "final_val_acc": 0.904,
        "val_accs": [
          0.8808,
          0.9001,
          0.904
        ],
        "config": {
          "seed": 1001,
          "steps": 1200,
          "batch_size": 128,
          "lr": 0.001,
          "weight_decay": 0.0001,
          "hidden_dim": 128,
          "dropout": 0.1,
          "label_smoothing": 0.0,
          "warmup_steps": 0,
          "grad_clip": 0.0,
          "grad_centralize": false,
          "optimizer": "adam",
          "scheduler": "none",
          "activation": "relu",
          "norm": "none",
          "mixing": "dual_gate_blend",
          "init_scale": 1.0,
          "ema_decay": 0.0,
          "mixup_alpha": 0.0,
          "cutout_size": 0,
          "data_dir": "./data",
          "num_workers": 0,
          "log_every": 200,
          "eval_every": 400
        }
      },
      {
        "seed": 1002,
        "steps": 1200,
        "wall_time_s": 57.78592605999438,
        "steps_per_sec": 20.7663021399733,
        "final_train_loss": 0.33406264049813567,
        "final_train_acc": 0.8802430700291788,
        "best_val_acc": 0.9019,
        "final_val_acc": 0.9019,
        "val_accs": [
          0.874,
          0.8964,
          0.9019
        ],
        "config": {
          "seed": 1002,
          "steps": 1200,
          "batch_size": 128,
          "lr": 0.001,
          "weight_decay": 0.0001,
          "hidden_dim": 128,
          "dropout": 0.1,
          "label_smoothing": 0.0,
          "warmup_steps": 0,
          "grad_clip": 0.0,
          "grad_centralize": false,
          "optimizer": "adam",
          "scheduler": "none",
          "activation": "relu",
          "norm": "none",
          "mixing": "dual_gate_blend",
          "init_scale": 1.0,
          "ema_decay": 0.0,
          "mixup_alpha": 0.0,
          "cutout_size": 0,
          "data_dir": "./data",
          "num_workers": 0,
          "log_every": 200,
          "eval_every": 400
        }
      }
    ]
  },
  "verdict": "INCONCLUSIVA",
  "lesson": "Mutação: gate dual mean+variance.",
  "novelty_note": "NOVEL | Gate = sigmoid(mean)*sigmoid(4*var)."
}
=== exp-024 local_blend_warmup_cosine ===
{
  "id": "exp-024",
  "name": "local_blend_warmup_cosine",
  "timestamp_utc": "2026-07-05T13:34:28.224307+00:00",
  "repro_command": "/usr/bin/python3 train_baseline.py --steps 1200 --eval_every 400 --mixing local_blend --warmup_steps 100 --scheduler cosine --seed <SEED>",
  "seeds": [
    1000,
    1001,
    1002
  ],
  "config": {
    "seed": 1000,
    "steps": 1200,
    "batch_size": 128,
    "lr": 0.001,
    "weight_decay": 0.0001,
    "hidden_dim": 128,
    "dropout": 0.1,
    "label_smoothing": 0.0,
    "warmup_steps": 100,
    "grad_clip": 0.0,
    "grad_centralize": false,
    "optimizer": "adam",
    "scheduler": "cosine",
    "activation": "relu",
    "norm": "none",
    "mixing": "local_blend",
    "init_scale": 1.0,
    "ema_decay": 0.0,
    "mixup_alpha": 0.0,
    "cutout_size": 0,
    "data_dir": "./data",
    "num_workers": 0,
    "log_every": 200,
    "eval_every": 400
  },
  "result": {
    "n_seeds": 3,
    "best_val_acc_mean": 0.9061,
    "best_val_acc_std": 0.00144222051018556,
    "wall_time_s_mean": 48.55558203934925,
    "steps_per_sec_mean": 24.795553125291416,
    "per_seed": [
      {
        "seed": 1000,
        "steps": 1200,
        "wall_time_s": 45.99187809799332,
        "steps_per_sec": 26.091563328707757,
        "final_train_loss": 0.3512909427198235,
        "final_train_acc": 0.8755926948728637,
        "best_val_acc": 0.9049,
        "final_val_acc": 0.9049,
        "val_accs": [
          0.883,
          0.9013,
          0.9049
        ],
        "config": {
          "seed": 1000,
          "steps": 1200,
          "batch_size": 128,
          "lr": 0.001,
          "weight_decay": 0.0001,
          "hidden_dim": 128,
          "dropout": 0.1,
          "label_smoothing": 0.0,
          "warmup_steps": 100,
          "grad_clip": 0.0,
          "grad_centralize": false,
          "optimizer": "adam",
          "scheduler": "cosine",
          "activation": "relu",
          "norm": "none",
          "mixing": "local_blend",
          "init_scale": 1.0,
          "ema_decay": 0.0,
          "mixup_alpha": 0.0,
          "cutout_size": 0,
          "data_dir": "./data",
          "num_workers": 0,
          "log_every": 200,
          "eval_every": 400
        }
      },
      {
        "seed": 1001,
        "steps": 1200,
        "wall_time_s": 47.168326372047886,
        "steps_per_sec": 25.44080089962921,
        "final_train_loss": 0.3431014468386403,
        "final_train_acc": 0.878074197582326,
        "best_val_acc": 0.9077,
        "final_val_acc": 0.9077,
        "val_accs": [
          0.872,
          0.9045,
          0.9077
        ],
        "config": {
          "seed": 1001,
          "steps": 1200,
          "batch_size": 128,
          "lr": 0.001,
          "weight_decay": 0.0001,
          "hidden_dim": 128,
          "dropout": 0.1,
          "label_smoothing": 0.0,
          "warmup_steps": 100,
          "grad_clip": 0.0,
          "grad_centralize": false,
          "optimizer": "adam",
          "scheduler": "cosine",
          "activation": "relu",
          "norm": "none",
          "mixing": "local_blend",
          "init_scale": 1.0,
          "ema_decay": 0.0,
          "mixup_alpha": 0.0,
          "cutout_size": 0,
          "data_dir": "./data",
          "num_workers": 0,
          "log_every": 200,
          "eval_every": 400
        }
      },
      {
        "seed": 1002,
        "steps": 1200,
        "wall_time_s": 52.50654164800653,
        "steps_per_sec": 22.854295147537282,
        "final_train_loss": 0.35000589789326564,
        "final_train_acc": 0.8746287515631513,
        "best_val_acc": 0.9057,
        "final_val_acc": 0.9057,
        "val_accs": [
          0.8768,
          0.9021,
          0.9057
        ],
        "config": {
          "seed": 1002,
          "steps": 1200,
          "batch_size": 128,
          "lr": 0.001,
          "weight_decay": 0.0001,
          "hidden_dim": 128,
          "dropout": 0.1,
          "label_smoothing": 0.0,
          "warmup_steps": 100,
          "grad_clip": 0.0,
          "grad_centralize": false,
          "optimizer": "adam",
          "scheduler": "cosine",
          "activation": "relu",
          "norm": "none",
          "mixing": "local_blend",
          "init_scale": 1.0,
          "ema_decay": 0.0,
          "mixup_alpha": 0.0,
          "cutout_size": 0,
          "data_dir": "./data",
          "num_workers": 0,
          "log_every": 200,
          "eval_every": 400
        }
      }
    ]
  },
  "verdict": "INCONCLUSIVA",
  "lesson": "Combo dos dois campeões.",
  "novelty_note": "RECOMB | local_blend NOVEL + warmup+cosine RECOMB."
}
=== exp-025 local_blend_ls ===
{
  "id": "exp-025",
  "name": "local_blend_ls",
  "timestamp_utc": "2026-07-05T13:37:17.424678+00:00",
  "repro_command": "/usr/bin/python3 train_baseline.py --steps 1200 --eval_every 400 --mixing local_blend --label_smoothing 0.1 --seed <SEED>",
  "seeds": [
    1000,
    1001,
    1002
  ],
  "config": {
    "seed": 1000,
    "steps": 1200,
    "batch_size": 128,
    "lr": 0.001,
    "weight_decay": 0.0001,
    "hidden_dim": 128,
    "dropout": 0.1,
    "label_smoothing": 0.1,
    "warmup_steps": 0,
    "grad_clip": 0.0,
    "grad_centralize": false,
    "optimizer": "adam",
    "scheduler": "none",
    "activation": "relu",
    "norm": "none",
    "mixing": "local_blend",
    "init_scale": 1.0,
    "ema_decay": 0.0,
    "mixup_alpha": 0.0,
    "cutout_size": 0,
    "data_dir": "./data",
    "num_workers": 0,
    "log_every": 200,
    "eval_every": 400
  },
  "result": {
    "n_seeds": 3,
    "best_val_acc_mean": 0.9067000000000001,
    "best_val_acc_std": 0.003576310948449529,
    "wall_time_s_mean": 54.309128794974335,
    "steps_per_sec_mean": 22.252914249636557,
    "per_seed": [
      {
        "seed": 1000,
        "steps": 1200,
        "wall_time_s": 60.958517347986344,
        "steps_per_sec": 19.685518155727255,
        "final_train_loss": 0.7913034079521087,
        "final_train_acc": 0.8835061483951646,
        "best_val_acc": 0.9072,
        "final_val_acc": 0.9072,
        "val_accs": [
          0.8827,
          0.895,
          0.9072
        ],
        "config": {
          "seed": 1000,
          "steps": 1200,
          "batch_size": 128,
          "lr": 0.001,
          "weight_decay": 0.0001,
          "hidden_dim": 128,
          "dropout": 0.1,
          "label_smoothing": 0.1,
          "warmup_steps": 0,
          "grad_clip": 0.0,
          "grad_centralize": false,
          "optimizer": "adam",
          "scheduler": "none",
          "activation": "relu",
          "norm": "none",
          "mixing": "local_blend",
          "init_scale": 1.0,
          "ema_decay": 0.0,
          "mixup_alpha": 0.0,
          "cutout_size": 0,
          "data_dir": "./data",
          "num_workers": 0,
          "log_every": 200,
          "eval_every": 400
        }
      },
      {
        "seed": 1001,
        "steps": 1200,
        "wall_time_s": 50.94106223696144,
        "steps_per_sec": 23.556634810989724,
        "final_train_loss": 0.7838396507036989,
        "final_train_acc": 0.8877136306794498,
        "best_val_acc": 0.91,
        "final_val_acc": 0.91,
        "val_accs": [
          0.8868,
          0.9032,
          0.91
        ],
        "config": {
          "seed": 1001,
          "steps": 1200,
          "batch_size": 128,
          "lr": 0.001,
          "weight_decay": 0.0001,
          "hidden_dim": 128,
          "dropout": 0.1,
          "label_smoothing": 0.1,
          "warmup_steps": 0,
          "grad_clip": 0.0,
          "grad_centralize": false,
          "optimizer": "adam",
          "scheduler": "none",
          "activation": "relu",
          "norm": "none",
          "mixing": "local_blend",
          "init_scale": 1.0,
          "ema_decay": 0.0,
          "mixup_alpha": 0.0,
          "cutout_size": 0,
          "data_dir": "./data",
          "num_workers": 0,
          "log_every": 200,
          "eval_every": 400
        }
      },
      {
        "seed": 1002,
        "steps": 1200,
        "wall_time_s": 51.027806799975224,
        "steps_per_sec": 23.51658978219269,
        "final_train_loss": 0.78591514743085,
        "final_train_acc": 0.8863914651938307,
        "best_val_acc": 0.9029,
        "final_val_acc": 0.8987,
        "val_accs": [
          0.8821,
          0.9029,
          0.8987
        ],
        "config": {
          "seed": 1002,
          "steps": 1200,
          "batch_size": 128,
          "lr": 0.001,
          "weight_decay": 0.0001,
          "hidden_dim": 128,
          "dropout": 0.1,
          "label_smoothing": 0.1,
          "warmup_steps": 0,
          "grad_clip": 0.0,
          "grad_centralize": false,
          "optimizer": "adam",
          "scheduler": "none",
          "activation": "relu",
          "norm": "none",
          "mixing": "local_blend",
          "init_scale": 1.0,
          "ema_decay": 0.0,
          "mixup_alpha": 0.0,
          "cutout_size": 0,
          "data_dir": "./data",
          "num_workers": 0,
          "log_every": 200,
          "eval_every": 400
        }
      }
    ]
  },
  "verdict": "INCONCLUSIVA",
  "lesson": "Combo blend + regularização.",
  "novelty_note": "RECOMB | local_blend + label_smoothing 0.1."
}
=== BATCH DONE ===
