=== exp-048 ViT attn baseline @2400 ===
{
  "id": "exp-048",
  "name": "vit_attn_2400",
  "timestamp_utc": "2026-07-05T16:37:11.460488+00:00",
  "repro_command": "/usr/bin/python3 train_baseline.py --steps 2400 --eval_every 800 --arch vit --label_smoothing 0.1 --warmup_steps 100 --scheduler cosine --seed <SEED>",
  "seeds": [
    1000,
    1001,
    1002
  ],
  "config": {
    "seed": 1000,
    "steps": 2400,
    "batch_size": 128,
    "lr": 0.001,
    "weight_decay": 0.0001,
    "hidden_dim": 128,
    "dropout": 0.1,
    "label_smoothing": 0.1,
    "warmup_steps": 100,
    "grad_clip": 0.0,
    "grad_centralize": false,
    "optimizer": "adam",
    "scheduler": "cosine",
    "activation": "relu",
    "norm": "none",
    "mixing": "none",
    "arch": "vit",
    "vit_dim": 64,
    "vit_depth": 2,
    "vit_heads": 4,
    "vit_mixer": "attn",
    "init_scale": 1.0,
    "ema_decay": 0.0,
    "mixup_alpha": 0.0,
    "cutout_size": 0,
    "data_dir": "./data",
    "num_workers": 0,
    "log_every": 200,
    "eval_every": 800
  },
  "result": {
    "n_seeds": 3,
    "best_val_acc_mean": 0.8687,
    "best_val_acc_std": 0.003132091952673139,
    "wall_time_s_mean": 68.1383985823486,
    "steps_per_sec_mean": 35.458350179124636,
    "per_seed": [
      {
        "seed": 1000,
        "steps": 2400,
        "wall_time_s": 76.0600609810208,
        "steps_per_sec": 31.554010988748352,
        "final_train_loss": 0.8745267504139951,
        "final_train_acc": 0.8274752475247524,
        "best_val_acc": 0.8672,
        "final_val_acc": 0.8672,
        "val_accs": [
          0.8316,
          0.8587,
          0.8672
        ],
        "config": {
          "seed": 1000,
          "steps": 2400,
          "batch_size": 128,
          "lr": 0.001,
          "weight_decay": 0.0001,
          "hidden_dim": 128,
          "dropout": 0.1,
          "label_smoothing": 0.1,
          "warmup_steps": 100,
          "grad_clip": 0.0,
          "grad_centralize": false,
          "optimizer": "adam",
          "scheduler": "cosine",
          "activation": "relu",
          "norm": "none",
          "mixing": "none",
          "arch": "vit",
          "vit_dim": 64,
          "vit_depth": 2,
          "vit_heads": 4,
          "vit_mixer": "attn",
          "init_scale": 1.0,
          "ema_decay": 0.0,
          "mixup_alpha": 0.0,
          "cutout_size": 0,
          "data_dir": "./data",
          "num_workers": 0,
          "log_every": 200,
          "eval_every": 800
        }
      },
      {
        "seed": 1001,
        "steps": 2400,
        "wall_time_s": 65.4312249100185,
        "steps_per_sec": 36.679735146338736,
        "final_train_loss": 0.8726694967238589,
        "final_train_acc": 0.8296410891089109,
        "best_val_acc": 0.8723,
        "final_val_acc": 0.8723,
        "val_accs": [
          0.84,
          0.865,
          0.8723
        ],
        "config": {
          "seed": 1001,
          "steps": 2400,
          "batch_size": 128,
          "lr": 0.001,
          "weight_decay": 0.0001,
          "hidden_dim": 128,
          "dropout": 0.1,
          "label_smoothing": 0.1,
          "warmup_steps": 100,
          "grad_clip": 0.0,
          "grad_centralize": false,
          "optimizer": "adam",
          "scheduler": "cosine",
          "activation": "relu",
          "norm": "none",
          "mixing": "none",
          "arch": "vit",
          "vit_dim": 64,
          "vit_depth": 2,
          "vit_heads": 4,
          "vit_mixer": "attn",
          "init_scale": 1.0,
          "ema_decay": 0.0,
          "mixup_alpha": 0.0,
          "cutout_size": 0,
          "data_dir": "./data",
          "num_workers": 0,
          "log_every": 200,
          "eval_every": 800
        }
      },
      {
        "seed": 1002,
        "steps": 2400,
        "wall_time_s": 62.9239098560065,
        "steps_per_sec": 38.14130440228682,
        "final_train_loss": 0.8715460644593271,
        "final_train_acc": 0.8292470036477332,
        "best_val_acc": 0.8666,
        "final_val_acc": 0.8666,
        "val_accs": [
          0.8252,
          0.8592,
          0.8666
        ],
        "config": {
          "seed": 1002,
          "steps": 2400,
          "batch_size": 128,
          "lr": 0.001,
          "weight_decay": 0.0001,
          "hidden_dim": 128,
          "dropout": 0.1,
          "label_smoothing": 0.1,
          "warmup_steps": 100,
          "grad_clip": 0.0,
          "grad_centralize": false,
          "optimizer": "adam",
          "scheduler": "cosine",
          "activation": "relu",
          "norm": "none",
          "mixing": "none",
          "arch": "vit",
          "vit_dim": 64,
          "vit_depth": 2,
          "vit_heads": 4,
          "vit_mixer": "attn",
          "init_scale": 1.0,
          "ema_decay": 0.0,
          "mixup_alpha": 0.0,
          "cutout_size": 0,
          "data_dir": "./data",
          "num_workers": 0,
          "log_every": 200,
          "eval_every": 800
        }
      }
    ]
  },
  "verdict": "BASELINE",
  "lesson": "Baseline transformer track.",
  "novelty_note": "CONHECIDA | TinyViT self-attention padrão (baseline transformer)."
}
=== exp-049 ViT token_blend @2400 ===
{
  "id": "exp-049",
  "name": "vit_token_blend_2400",
  "timestamp_utc": "2026-07-05T16:39:41.047760+00:00",
  "repro_command": "/usr/bin/python3 train_baseline.py --steps 2400 --eval_every 800 --arch vit --vit_mixer token_blend --label_smoothing 0.1 --warmup_steps 100 --scheduler cosine --seed <SEED>",
  "seeds": [
    1000,
    1001,
    1002
  ],
  "config": {
    "seed": 1000,
    "steps": 2400,
    "batch_size": 128,
    "lr": 0.001,
    "weight_decay": 0.0001,
    "hidden_dim": 128,
    "dropout": 0.1,
    "label_smoothing": 0.1,
    "warmup_steps": 100,
    "grad_clip": 0.0,
    "grad_centralize": false,
    "optimizer": "adam",
    "scheduler": "cosine",
    "activation": "relu",
    "norm": "none",
    "mixing": "none",
    "arch": "vit",
    "vit_dim": 64,
    "vit_depth": 2,
    "vit_heads": 4,
    "vit_mixer": "token_blend",
    "init_scale": 1.0,
    "ema_decay": 0.0,
    "mixup_alpha": 0.0,
    "cutout_size": 0,
    "data_dir": "./data",
    "num_workers": 0,
    "log_every": 200,
    "eval_every": 800
  },
  "result": {
    "n_seeds": 3,
    "best_val_acc_mean": 0.8590333333333333,
    "best_val_acc_std": 0.0037220066272554675,
    "wall_time_s_mean": 48.02594860767325,
    "steps_per_sec_mean": 50.012791924106274,
    "per_seed": [
      {
        "seed": 1000,
        "steps": 2400,
        "wall_time_s": 46.7081953320303,
        "steps_per_sec": 51.382845835497136,
        "final_train_loss": 0.9946581637629498,
        "final_train_acc": 0.7878126628452319,
        "best_val_acc": 0.8625,
        "final_val_acc": 0.8625,
        "val_accs": [
          0.8111,
          0.8466,
          0.8625
        ],
        "config": {
          "seed": 1000,
          "steps": 2400,
          "batch_size": 128,
          "lr": 0.001,
          "weight_decay": 0.0001,
          "hidden_dim": 128,
          "dropout": 0.1,
          "label_smoothing": 0.1,
          "warmup_steps": 100,
          "grad_clip": 0.0,
          "grad_centralize": false,
          "optimizer": "adam",
          "scheduler": "cosine",
          "activation": "relu",
          "norm": "none",
          "mixing": "none",
          "arch": "vit",
          "vit_dim": 64,
          "vit_depth": 2,
          "vit_heads": 4,
          "vit_mixer": "token_blend",
          "init_scale": 1.0,
          "ema_decay": 0.0,
          "mixup_alpha": 0.0,
          "cutout_size": 0,
          "data_dir": "./data",
          "num_workers": 0,
          "log_every": 200,
          "eval_every": 800
        }
      },
      {
        "seed": 1001,
        "steps": 2400,
        "wall_time_s": 47.46257784799673,
        "steps_per_sec": 50.5661535638924,
        "final_train_loss": 0.9949079299855195,
        "final_train_acc": 0.7876139916623242,
        "best_val_acc": 0.8595,
        "final_val_acc": 0.8595,
        "val_accs": [
          0.7915,
          0.852,
          0.8595
        ],
        "config": {
          "seed": 1001,
          "steps": 2400,
          "batch_size": 128,
          "lr": 0.001,
          "weight_decay": 0.0001,
          "hidden_dim": 128,
          "dropout": 0.1,
          "label_smoothing": 0.1,
          "warmup_steps": 100,
          "grad_clip": 0.0,
          "grad_centralize": false,
          "optimizer": "adam",
          "scheduler": "cosine",
          "activation": "relu",
          "norm": "none",
          "mixing": "none",
          "arch": "vit",
          "vit_dim": 64,
          "vit_depth": 2,
          "vit_heads": 4,
          "vit_mixer": "token_blend",
          "init_scale": 1.0,
          "ema_decay": 0.0,
          "mixup_alpha": 0.0,
          "cutout_size": 0,
          "data_dir": "./data",
          "num_workers": 0,
          "log_every": 200,
          "eval_every": 800
        }
      },
      {
        "seed": 1002,
        "steps": 2400,
        "wall_time_s": 49.907072642992716,
        "steps_per_sec": 48.089376372929294,
        "final_train_loss": 1.0011945309273709,
        "final_train_acc": 0.7846306670140698,
        "best_val_acc": 0.8551,
        "final_val_acc": 0.8551,
        "val_accs": [
          0.7915,
          0.8492,
          0.8551
        ],
        "config": {
          "seed": 1002,
          "steps": 2400,
          "batch_size": 128,
          "lr": 0.001,
          "weight_decay": 0.0001,
          "hidden_dim": 128,
          "dropout": 0.1,
          "label_smoothing": 0.1,
          "warmup_steps": 100,
          "grad_clip": 0.0,
          "grad_centralize": false,
          "optimizer": "adam",
          "scheduler": "cosine",
          "activation": "relu",
          "norm": "none",
          "mixing": "none",
          "arch": "vit",
          "vit_dim": 64,
          "vit_depth": 2,
          "vit_heads": 4,
          "vit_mixer": "token_blend",
          "init_scale": 1.0,
          "ema_decay": 0.0,
          "mixup_alpha": 0.0,
          "cutout_size": 0,
          "data_dir": "./data",
          "num_workers": 0,
          "log_every": 200,
          "eval_every": 800
        }
      }
    ]
  },
  "verdict": "INCONCLUSIVA",
  "lesson": "local_blend aplicado a tokens.",
  "novelty_note": "NOVEL | token mixing O(N) sem QKV: conv1d depthwise + gate global. vs MLP-Mixer: sem MLP de tokens; vs ConvMixer: gate adaptativo + init identidade."
}
=== exp-050 ViT token_blend_ms @2400 ===
{
  "id": "exp-050",
  "name": "vit_token_blend_ms_2400",
  "timestamp_utc": "2026-07-05T16:42:33.988318+00:00",
  "repro_command": "/usr/bin/python3 train_baseline.py --steps 2400 --eval_every 800 --arch vit --vit_mixer token_blend_ms --label_smoothing 0.1 --warmup_steps 100 --scheduler cosine --seed <SEED>",
  "seeds": [
    1000,
    1001,
    1002
  ],
  "config": {
    "seed": 1000,
    "steps": 2400,
    "batch_size": 128,
    "lr": 0.001,
    "weight_decay": 0.0001,
    "hidden_dim": 128,
    "dropout": 0.1,
    "label_smoothing": 0.1,
    "warmup_steps": 100,
    "grad_clip": 0.0,
    "grad_centralize": false,
    "optimizer": "adam",
    "scheduler": "cosine",
    "activation": "relu",
    "norm": "none",
    "mixing": "none",
    "arch": "vit",
    "vit_dim": 64,
    "vit_depth": 2,
    "vit_heads": 4,
    "vit_mixer": "token_blend_ms",
    "init_scale": 1.0,
    "ema_decay": 0.0,
    "mixup_alpha": 0.0,
    "cutout_size": 0,
    "data_dir": "./data",
    "num_workers": 0,
    "log_every": 200,
    "eval_every": 800
  },
  "result": {
    "n_seeds": 3,
    "best_val_acc_mean": 0.8555,
    "best_val_acc_std": 0.0045133136385587065,
    "wall_time_s_mean": 55.801606014332116,
    "steps_per_sec_mean": 43.01162877997783,
    "per_seed": [
      {
        "seed": 1000,
        "steps": 2400,
        "wall_time_s": 55.51615879201563,
        "steps_per_sec": 43.230656663248276,
        "final_train_loss": 0.9885859442664162,
        "final_train_acc": 0.7904572694111517,
        "best_val_acc": 0.8598,
        "final_val_acc": 0.8598,
        "val_accs": [
          0.8068,
          0.8476,
          0.8598
        ],
        "config": {
          "seed": 1000,
          "steps": 2400,
          "batch_size": 128,
          "lr": 0.001,
          "weight_decay": 0.0001,
          "hidden_dim": 128,
          "dropout": 0.1,
          "label_smoothing": 0.1,
          "warmup_steps": 100,
          "grad_clip": 0.0,
          "grad_centralize": false,
          "optimizer": "adam",
          "scheduler": "cosine",
          "activation": "relu",
          "norm": "none",
          "mixing": "none",
          "arch": "vit",
          "vit_dim": 64,
          "vit_depth": 2,
          "vit_heads": 4,
          "vit_mixer": "token_blend_ms",
          "init_scale": 1.0,
          "ema_decay": 0.0,
          "mixup_alpha": 0.0,
          "cutout_size": 0,
          "data_dir": "./data",
          "num_workers": 0,
          "log_every": 200,
          "eval_every": 800
        }
      },
      {
        "seed": 1001,
        "steps": 2400,
        "wall_time_s": 55.53251592698507,
        "steps_per_sec": 43.21792304810309,
        "final_train_loss": 0.9934289612330267,
        "final_train_acc": 0.7873697238144867,
        "best_val_acc": 0.8559,
        "final_val_acc": 0.8559,
        "val_accs": [
          0.8121,
          0.8463,
          0.8559
        ],
        "config": {
          "seed": 1001,
          "steps": 2400,
          "batch_size": 128,
          "lr": 0.001,
          "weight_decay": 0.0001,
          "hidden_dim": 128,
          "dropout": 0.1,
          "label_smoothing": 0.1,
          "warmup_steps": 100,
          "grad_clip": 0.0,
          "grad_centralize": false,
          "optimizer": "adam",
          "scheduler": "cosine",
          "activation": "relu",
          "norm": "none",
          "mixing": "none",
          "arch": "vit",
          "vit_dim": 64,
          "vit_depth": 2,
          "vit_heads": 4,
          "vit_mixer": "token_blend_ms",
          "init_scale": 1.0,
          "ema_decay": 0.0,
          "mixup_alpha": 0.0,
          "cutout_size": 0,
          "data_dir": "./data",
          "num_workers": 0,
          "log_every": 200,
          "eval_every": 800
        }
      },
      {
        "seed": 1002,
        "steps": 2400,
        "wall_time_s": 56.35614332399564,
        "steps_per_sec": 42.58630662858213,
        "final_train_loss": 0.9996962493257389,
        "final_train_acc": 0.7842528660760812,
        "best_val_acc": 0.8508,
        "final_val_acc": 0.8508,
        "val_accs": [
          0.8019,
          0.8442,
          0.8508
        ],
        "config": {
          "seed": 1002,
          "steps": 2400,
          "batch_size": 128,
          "lr": 0.001,
          "weight_decay": 0.0001,
          "hidden_dim": 128,
          "dropout": 0.1,
          "label_smoothing": 0.1,
          "warmup_steps": 100,
          "grad_clip": 0.0,
          "grad_centralize": false,
          "optimizer": "adam",
          "scheduler": "cosine",
          "activation": "relu",
          "norm": "none",
          "mixing": "none",
          "arch": "vit",
          "vit_dim": 64,
          "vit_depth": 2,
          "vit_heads": 4,
          "vit_mixer": "token_blend_ms",
          "init_scale": 1.0,
          "ema_decay": 0.0,
          "mixup_alpha": 0.0,
          "cutout_size": 0,
          "data_dir": "./data",
          "num_workers": 0,
          "log_every": 200,
          "eval_every": 800
        }
      }
    ]
  },
  "verdict": "INCONCLUSIVA",
  "lesson": "MultiScale nos tokens.",
  "novelty_note": "NOVEL | multi-scale token blend (k3+k5) sobre sequência."
}
=== exp-051 tri_scale+LS+wc @4800 (ataque ao recorde) ===
{
  "id": "exp-051",
  "name": "tri_scale_ls_wc_4800",
  "timestamp_utc": "2026-07-05T17:04:35.079708+00:00",
  "repro_command": "/usr/bin/python3 train_baseline.py --steps 4800 --eval_every 1600 --mixing tri_scale_blend --label_smoothing 0.1 --warmup_steps 100 --scheduler cosine --seed <SEED>",
  "seeds": [
    1000,
    1001,
    1002
  ],
  "config": {
    "seed": 1000,
    "steps": 4800,
    "batch_size": 128,
    "lr": 0.001,
    "weight_decay": 0.0001,
    "hidden_dim": 128,
    "dropout": 0.1,
    "label_smoothing": 0.1,
    "warmup_steps": 100,
    "grad_clip": 0.0,
    "grad_centralize": false,
    "optimizer": "adam",
    "scheduler": "cosine",
    "activation": "relu",
    "norm": "none",
    "mixing": "tri_scale_blend",
    "arch": "cnn",
    "vit_dim": 64,
    "vit_depth": 2,
    "vit_heads": 4,
    "vit_mixer": "attn",
    "init_scale": 1.0,
    "ema_decay": 0.0,
    "mixup_alpha": 0.0,
    "cutout_size": 0,
    "data_dir": "./data",
    "num_workers": 0,
    "log_every": 200,
    "eval_every": 1600
  },
  "result": {
    "n_seeds": 3,
    "best_val_acc_mean": 0.9284333333333333,
    "best_val_acc_std": 0.0010785793124908798,
    "wall_time_s_mean": 438.3939433703393,
    "steps_per_sec_mean": 10.95694488104198,
    "per_seed": [
      {
        "seed": 1000,
        "steps": 4800,
        "wall_time_s": 421.92246019502636,
        "steps_per_sec": 11.376497941781253,
        "final_train_loss": 0.6720939852906864,
        "final_train_acc": 0.9368714174048984,
        "best_val_acc": 0.9292,
        "final_val_acc": 0.9292,
        "val_accs": [
          0.9049,
          0.9236,
          0.9292
        ],
        "config": {
          "seed": 1000,
          "steps": 4800,
          "batch_size": 128,
          "lr": 0.001,
          "weight_decay": 0.0001,
          "hidden_dim": 128,
          "dropout": 0.1,
          "label_smoothing": 0.1,
          "warmup_steps": 100,
          "grad_clip": 0.0,
          "grad_centralize": false,
          "optimizer": "adam",
          "scheduler": "cosine",
          "activation": "relu",
          "norm": "none",
          "mixing": "tri_scale_blend",
          "arch": "cnn",
          "vit_dim": 64,
          "vit_depth": 2,
          "vit_heads": 4,
          "vit_mixer": "attn",
          "init_scale": 1.0,
          "ema_decay": 0.0,
          "mixup_alpha": 0.0,
          "cutout_size": 0,
          "data_dir": "./data",
          "num_workers": 0,
          "log_every": 200,
          "eval_every": 1600
        }
      },
      {
        "seed": 1001,
        "steps": 4800,
        "wall_time_s": 446.2013584320084,
        "steps_per_sec": 10.757475093459218,
        "final_train_loss": 0.6690418980716727,
        "final_train_acc": 0.9386610865033872,
        "best_val_acc": 0.9272,
        "final_val_acc": 0.9272,
        "val_accs": [
          0.9134,
          0.9264,
          0.9272
        ],
        "config": {
          "seed": 1001,
          "steps": 4800,
          "batch_size": 128,
          "lr": 0.001,
          "weight_decay": 0.0001,
          "hidden_dim": 128,
          "dropout": 0.1,
          "label_smoothing": 0.1,
          "warmup_steps": 100,
          "grad_clip": 0.0,
          "grad_centralize": false,
          "optimizer": "adam",
          "scheduler": "cosine",
          "activation": "relu",
          "norm": "none",
          "mixing": "tri_scale_blend",
          "arch": "cnn",
          "vit_dim": 64,
          "vit_depth": 2,
          "vit_heads": 4,
          "vit_mixer": "attn",
          "init_scale": 1.0,
          "ema_decay": 0.0,
          "mixup_alpha": 0.0,
          "cutout_size": 0,
          "data_dir": "./data",
          "num_workers": 0,
          "log_every": 200,
          "eval_every": 1600
        }
      },
      {
        "seed": 1002,
        "steps": 4800,
        "wall_time_s": 447.05801148398314,
        "steps_per_sec": 10.73686160788547,
        "final_train_loss": 0.6692334622967796,
        "final_train_acc": 0.9374902292860865,
        "best_val_acc": 0.9289,
        "final_val_acc": 0.9289,
        "val_accs": [
          0.9137,
          0.9273,
          0.9289
        ],
        "config": {
          "seed": 1002,
          "steps": 4800,
          "batch_size": 128,
          "lr": 0.001,
          "weight_decay": 0.0001,
          "hidden_dim": 128,
          "dropout": 0.1,
          "label_smoothing": 0.1,
          "warmup_steps": 100,
          "grad_clip": 0.0,
          "grad_centralize": false,
          "optimizer": "adam",
          "scheduler": "cosine",
          "activation": "relu",
          "norm": "none",
          "mixing": "tri_scale_blend",
          "arch": "cnn",
          "vit_dim": 64,
          "vit_depth": 2,
          "vit_heads": 4,
          "vit_mixer": "attn",
          "init_scale": 1.0,
          "ema_decay": 0.0,
          "mixup_alpha": 0.0,
          "cutout_size": 0,
          "data_dir": "./data",
          "num_workers": 0,
          "log_every": 200,
          "eval_every": 1600
        }
      }
    ]
  },
  "verdict": "INCONCLUSIVA",
  "lesson": "Extensão do campeão.",
  "novelty_note": "NOVEL | tri-scale 3+5+7 blend."
}
=== exp-052 multi_scale+LS+wc+mixup @4800 ===
{
  "id": "exp-052",
  "name": "ms_ls_wc_mixup_4800",
  "timestamp_utc": "2026-07-05T17:18:58.877494+00:00",
  "repro_command": "/usr/bin/python3 train_baseline.py --steps 4800 --eval_every 1600 --mixing multi_scale_blend --label_smoothing 0.1 --warmup_steps 100 --scheduler cosine --mixup_alpha 0.2 --seed <SEED>",
  "seeds": [
    1000,
    1001,
    1002
  ],
  "config": {
    "seed": 1000,
    "steps": 4800,
    "batch_size": 128,
    "lr": 0.001,
    "weight_decay": 0.0001,
    "hidden_dim": 128,
    "dropout": 0.1,
    "label_smoothing": 0.1,
    "warmup_steps": 100,
    "grad_clip": 0.0,
    "grad_centralize": false,
    "optimizer": "adam",
    "scheduler": "cosine",
    "activation": "relu",
    "norm": "none",
    "mixing": "multi_scale_blend",
    "arch": "cnn",
    "vit_dim": 64,
    "vit_depth": 2,
    "vit_heads": 4,
    "vit_mixer": "attn",
    "init_scale": 1.0,
    "ema_decay": 0.0,
    "mixup_alpha": 0.2,
    "cutout_size": 0,
    "data_dir": "./data",
    "num_workers": 0,
    "log_every": 200,
    "eval_every": 1600
  },
  "result": {
    "n_seeds": 3,
    "best_val_acc_mean": 0.9245,
    "best_val_acc_std": 0.0006999999999999863,
    "wall_time_s_mean": 285.93776864832034,
    "steps_per_sec_mean": 16.796468324505213,
    "per_seed": [
      {
        "seed": 1000,
        "steps": 4800,
        "wall_time_s": 281.59529005899094,
        "steps_per_sec": 17.045739646406926,
        "final_train_loss": 0.9044225432370838,
        "final_train_acc": 0.8368741179091848,
        "best_val_acc": 0.924,
        "final_val_acc": 0.924,
        "val_accs": [
          0.9052,
          0.9233,
          0.924
        ],
        "config": {
          "seed": 1000,
          "steps": 4800,
          "batch_size": 128,
          "lr": 0.001,
          "weight_decay": 0.0001,
          "hidden_dim": 128,
          "dropout": 0.1,
          "label_smoothing": 0.1,
          "warmup_steps": 100,
          "grad_clip": 0.0,
          "grad_centralize": false,
          "optimizer": "adam",
          "scheduler": "cosine",
          "activation": "relu",
          "norm": "none",
          "mixing": "multi_scale_blend",
          "arch": "cnn",
          "vit_dim": 64,
          "vit_depth": 2,
          "vit_heads": 4,
          "vit_mixer": "attn",
          "init_scale": 1.0,
          "ema_decay": 0.0,
          "mixup_alpha": 0.2,
          "cutout_size": 0,
          "data_dir": "./data",
          "num_workers": 0,
          "log_every": 200,
          "eval_every": 1600
        }
      },
      {
        "seed": 1001,
        "steps": 4800,
        "wall_time_s": 280.55141317797825,
        "steps_per_sec": 17.109163506351475,
        "final_train_loss": 0.9019304993284314,
        "final_train_acc": 0.8375757414577777,
        "best_val_acc": 0.9253,
        "final_val_acc": 0.9253,
        "val_accs": [
          0.9103,
          0.9208,
          0.9253
        ],
        "config": {
          "seed": 1001,
          "steps": 4800,
          "batch_size": 128,
          "lr": 0.001,
          "weight_decay": 0.0001,
          "hidden_dim": 128,
          "dropout": 0.1,
          "label_smoothing": 0.1,
          "warmup_steps": 100,
          "grad_clip": 0.0,
          "grad_centralize": false,
          "optimizer": "adam",
          "scheduler": "cosine",
          "activation": "relu",
          "norm": "none",
          "mixing": "multi_scale_blend",
          "arch": "cnn",
          "vit_dim": 64,
          "vit_depth": 2,
          "vit_heads": 4,
          "vit_mixer": "attn",
          "init_scale": 1.0,
          "ema_decay": 0.0,
          "mixup_alpha": 0.2,
          "cutout_size": 0,
          "data_dir": "./data",
          "num_workers": 0,
          "log_every": 200,
          "eval_every": 1600
        }
      },
      {
        "seed": 1002,
        "steps": 4800,
        "wall_time_s": 295.66660270799184,
        "steps_per_sec": 16.234501820757238,
        "final_train_loss": 0.901286623423891,
        "final_train_acc": 0.8388946640865762,
        "best_val_acc": 0.9242,
        "final_val_acc": 0.9242,
        "val_accs": [
          0.9101,
          0.9202,
          0.9242
        ],
        "config": {
          "seed": 1002,
          "steps": 4800,
          "batch_size": 128,
          "lr": 0.001,
          "weight_decay": 0.0001,
          "hidden_dim": 128,
          "dropout": 0.1,
          "label_smoothing": 0.1,
          "warmup_steps": 100,
          "grad_clip": 0.0,
          "grad_centralize": false,
          "optimizer": "adam",
          "scheduler": "cosine",
          "activation": "relu",
          "norm": "none",
          "mixing": "multi_scale_blend",
          "arch": "cnn",
          "vit_dim": 64,
          "vit_depth": 2,
          "vit_heads": 4,
          "vit_mixer": "attn",
          "init_scale": 1.0,
          "ema_decay": 0.0,
          "mixup_alpha": 0.2,
          "cutout_size": 0,
          "data_dir": "./data",
          "num_workers": 0,
          "log_every": 200,
          "eval_every": 1600
        }
      }
    ]
  },
  "verdict": "INCONCLUSIVA",
  "lesson": "Stack + augmentation.",
  "novelty_note": "RECOMB | campeão + mixup 0.2."
}
=== BATCH 5 DONE ===
