========== FASE 1: 12 PROMISSORAS @7200 (Regra 3 — escala 3–6×) ==========
=== exp-059 | exp-007 warmup+cosine @7200 ===
{
  "id": "exp-059",
  "name": "p007_warmup_cosine_7200",
  "timestamp_utc": "2026-07-05T20:24:58.684456+00:00",
  "repro_command": "/usr/bin/python3 train_baseline.py --steps 7200 --eval_every 2400 --warmup_steps 150 --scheduler cosine --seed <SEED>",
  "seeds": [
    1000,
    1001,
    1002
  ],
  "config": {
    "seed": 1000,
    "steps": 7200,
    "batch_size": 128,
    "lr": 0.001,
    "weight_decay": 0.0001,
    "hidden_dim": 128,
    "dropout": 0.1,
    "label_smoothing": 0.0,
    "warmup_steps": 150,
    "grad_clip": 0.0,
    "grad_centralize": false,
    "optimizer": "adam",
    "scheduler": "cosine",
    "activation": "relu",
    "norm": "none",
    "mixing": "none",
    "arch": "cnn",
    "vit_dim": 64,
    "vit_depth": 2,
    "vit_heads": 4,
    "vit_mixer": "attn",
    "init_scale": 1.0,
    "ema_decay": 0.0,
    "mixup_alpha": 0.0,
    "cutout_size": 0,
    "data_dir": "./data",
    "num_workers": 0,
    "log_every": 200,
    "eval_every": 2400
  },
  "result": {
    "n_seeds": 3,
    "best_val_acc_mean": 0.9255333333333333,
    "best_val_acc_std": 0.0008504900548115076,
    "wall_time_s_mean": 348.4713916730058,
    "steps_per_sec_mean": 35.42447729715384,
    "per_seed": [
      {
        "seed": 1000,
        "steps": 7200,
        "wall_time_s": 747.2227776960353,
        "steps_per_sec": 9.63568056932133,
        "final_train_loss": 0.16839018537701264,
        "final_train_acc": 0.9395290515893695,
        "best_val_acc": 0.9249,
        "final_val_acc": 0.9249,
        "val_accs": [
          0.9104,
          0.9229,
          0.9249
        ],
        "config": {
          "seed": 1000,
          "steps": 7200,
          "batch_size": 128,
          "lr": 0.001,
          "weight_decay": 0.0001,
          "hidden_dim": 128,
          "dropout": 0.1,
          "label_smoothing": 0.0,
          "warmup_steps": 150,
          "grad_clip": 0.0,
          "grad_centralize": false,
          "optimizer": "adam",
          "scheduler": "cosine",
          "activation": "relu",
          "norm": "none",
          "mixing": "none",
          "arch": "cnn",
          "vit_dim": 64,
          "vit_depth": 2,
          "vit_heads": 4,
          "vit_mixer": "attn",
          "init_scale": 1.0,
          "ema_decay": 0.0,
          "mixup_alpha": 0.0,
          "cutout_size": 0,
          "data_dir": "./data",
          "num_workers": 0,
          "log_every": 200,
          "eval_every": 2400
        }
      },
      {
        "seed": 1001,
        "steps": 7200,
        "wall_time_s": 145.5230362089933,
        "steps_per_sec": 49.47670271021353,
        "final_train_loss": 0.16381647054747261,
        "final_train_acc": 0.9420064703838805,
        "best_val_acc": 0.9252,
        "final_val_acc": 0.9252,
        "val_accs": [
          0.9129,
          0.9206,
          0.9252
        ],
        "config": {
          "seed": 1001,
          "steps": 7200,
          "batch_size": 128,
          "lr": 0.001,
          "weight_decay": 0.0001,
          "hidden_dim": 128,
          "dropout": 0.1,
          "label_smoothing": 0.0,
          "warmup_steps": 150,
          "grad_clip": 0.0,
          "grad_centralize": false,
          "optimizer": "adam",
          "scheduler": "cosine",
          "activation": "relu",
          "norm": "none",
          "mixing": "none",
          "arch": "cnn",
          "vit_dim": 64,
          "vit_depth": 2,
          "vit_heads": 4,
          "vit_mixer": "attn",
          "init_scale": 1.0,
          "ema_decay": 0.0,
          "mixup_alpha": 0.0,
          "cutout_size": 0,
          "data_dir": "./data",
          "num_workers": 0,
          "log_every": 200,
          "eval_every": 2400
        }
      },
      {
        "seed": 1002,
        "steps": 7200,
        "wall_time_s": 152.6683611139888,
        "steps_per_sec": 47.16104861192667,
        "final_train_loss": 0.16017422575904136,
        "final_train_acc": 0.942584028139656,
        "best_val_acc": 0.9265,
        "final_val_acc": 0.9265,
        "val_accs": [
          0.9125,
          0.9239,
          0.9265
        ],
        "config": {
          "seed": 1002,
          "steps": 7200,
          "batch_size": 128,
          "lr": 0.001,
          "weight_decay": 0.0001,
          "hidden_dim": 128,
          "dropout": 0.1,
          "label_smoothing": 0.0,
          "warmup_steps": 150,
          "grad_clip": 0.0,
          "grad_centralize": false,
          "optimizer": "adam",
          "scheduler": "cosine",
          "activation": "relu",
          "norm": "none",
          "mixing": "none",
          "arch": "cnn",
          "vit_dim": 64,
          "vit_depth": 2,
          "vit_heads": 4,
          "vit_mixer": "attn",
          "init_scale": 1.0,
          "ema_decay": 0.0,
          "mixup_alpha": 0.0,
          "cutout_size": 0,
          "data_dir": "./data",
          "num_workers": 0,
          "log_every": 200,
          "eval_every": 2400
        }
      }
    ]
  },
  "verdict": "INCONCLUSIVA",
  "lesson": "Promissora @7200: warmup+cosine.",
  "novelty_note": "RECOMB | escala 6× do exp-007 PROMISSORA."
}
=== exp-060 | exp-011 warmup+cosine @7200 ===
{
  "id": "exp-060",
  "name": "p011_warmup_cosine_7200",
  "timestamp_utc": "2026-07-05T20:33:19.050665+00:00",
  "repro_command": "/usr/bin/python3 train_baseline.py --steps 7200 --eval_every 2400 --warmup_steps 150 --scheduler cosine --seed <SEED>",
  "seeds": [
    1000,
    1001,
    1002
  ],
  "config": {
    "seed": 1000,
    "steps": 7200,
    "batch_size": 128,
    "lr": 0.001,
    "weight_decay": 0.0001,
    "hidden_dim": 128,
    "dropout": 0.1,
    "label_smoothing": 0.0,
    "warmup_steps": 150,
    "grad_clip": 0.0,
    "grad_centralize": false,
    "optimizer": "adam",
    "scheduler": "cosine",
    "activation": "relu",
    "norm": "none",
    "mixing": "none",
    "arch": "cnn",
    "vit_dim": 64,
    "vit_depth": 2,
    "vit_heads": 4,
    "vit_mixer": "attn",
    "init_scale": 1.0,
    "ema_decay": 0.0,
    "mixup_alpha": 0.0,
    "cutout_size": 0,
    "data_dir": "./data",
    "num_workers": 0,
    "log_every": 200,
    "eval_every": 2400
  },
  "result": {
    "n_seeds": 3,
    "best_val_acc_mean": 0.9255333333333333,
    "best_val_acc_std": 0.0008504900548115076,
    "wall_time_s_mean": 164.7733692160109,
    "steps_per_sec_mean": 43.70451591079269,
    "per_seed": [
      {
        "seed": 1000,
        "steps": 7200,
        "wall_time_s": 161.7370124310255,
        "steps_per_sec": 44.51671198681574,
        "final_train_loss": 0.16839018537701264,
        "final_train_acc": 0.9395290515893695,
        "best_val_acc": 0.9249,
        "final_val_acc": 0.9249,
        "val_accs": [
          0.9104,
          0.9229,
          0.9249
        ],
        "config": {
          "seed": 1000,
          "steps": 7200,
          "batch_size": 128,
          "lr": 0.001,
          "weight_decay": 0.0001,
          "hidden_dim": 128,
          "dropout": 0.1,
          "label_smoothing": 0.0,
          "warmup_steps": 150,
          "grad_clip": 0.0,
          "grad_centralize": false,
          "optimizer": "adam",
          "scheduler": "cosine",
          "activation": "relu",
          "norm": "none",
          "mixing": "none",
          "arch": "cnn",
          "vit_dim": 64,
          "vit_depth": 2,
          "vit_heads": 4,
          "vit_mixer": "attn",
          "init_scale": 1.0,
          "ema_decay": 0.0,
          "mixup_alpha": 0.0,
          "cutout_size": 0,
          "data_dir": "./data",
          "num_workers": 0,
          "log_every": 200,
          "eval_every": 2400
        }
      },
      {
        "seed": 1001,
        "steps": 7200,
        "wall_time_s": 165.50540719198762,
        "steps_per_sec": 43.50311039474343,
        "final_train_loss": 0.16381647054747261,
        "final_train_acc": 0.9420064703838805,
        "best_val_acc": 0.9252,
        "final_val_acc": 0.9252,
        "val_accs": [
          0.9129,
          0.9206,
          0.9252
        ],
        "config": {
          "seed": 1001,
          "steps": 7200,
          "batch_size": 128,
          "lr": 0.001,
          "weight_decay": 0.0001,
          "hidden_dim": 128,
          "dropout": 0.1,
          "label_smoothing": 0.0,
          "warmup_steps": 150,
          "grad_clip": 0.0,
          "grad_centralize": false,
          "optimizer": "adam",
          "scheduler": "cosine",
          "activation": "relu",
          "norm": "none",
          "mixing": "none",
          "arch": "cnn",
          "vit_dim": 64,
          "vit_depth": 2,
          "vit_heads": 4,
          "vit_mixer": "attn",
          "init_scale": 1.0,
          "ema_decay": 0.0,
          "mixup_alpha": 0.0,
          "cutout_size": 0,
          "data_dir": "./data",
          "num_workers": 0,
          "log_every": 200,
          "eval_every": 2400
        }
      },
      {
        "seed": 1002,
        "steps": 7200,
        "wall_time_s": 167.0776880250196,
        "steps_per_sec": 43.09372535081891,
        "final_train_loss": 0.16017422575904136,
        "final_train_acc": 0.942584028139656,
        "best_val_acc": 0.9265,
        "final_val_acc": 0.9265,
        "val_accs": [
          0.9125,
          0.9239,
          0.9265
        ],
        "config": {
          "seed": 1002,
          "steps": 7200,
          "batch_size": 128,
          "lr": 0.001,
          "weight_decay": 0.0001,
          "hidden_dim": 128,
          "dropout": 0.1,
          "label_smoothing": 0.0,
          "warmup_steps": 150,
          "grad_clip": 0.0,
          "grad_centralize": false,
          "optimizer": "adam",
          "scheduler": "cosine",
          "activation": "relu",
          "norm": "none",
          "mixing": "none",
          "arch": "cnn",
          "vit_dim": 64,
          "vit_depth": 2,
          "vit_heads": 4,
          "vit_mixer": "attn",
          "init_scale": 1.0,
          "ema_decay": 0.0,
          "mixup_alpha": 0.0,
          "cutout_size": 0,
          "data_dir": "./data",
          "num_workers": 0,
          "log_every": 200,
          "eval_every": 2400
        }
      }
    ]
  },
  "verdict": "INCONCLUSIVA",
  "lesson": "Promissora @7200: warmup+cosine.",
  "novelty_note": "RECOMB | escala 3× do exp-011 PROMISSORA."
}
=== exp-061 | exp-016 local_blend @7200 ===
{
  "id": "exp-061",
  "name": "p016_local_blend_7200",
  "timestamp_utc": "2026-07-05T20:47:28.706168+00:00",
  "repro_command": "/usr/bin/python3 train_baseline.py --steps 7200 --eval_every 2400 --mixing local_blend --seed <SEED>",
  "seeds": [
    1000,
    1001,
    1002
  ],
  "config": {
    "seed": 1000,
    "steps": 7200,
    "batch_size": 128,
    "lr": 0.001,
    "weight_decay": 0.0001,
    "hidden_dim": 128,
    "dropout": 0.1,
    "label_smoothing": 0.0,
    "warmup_steps": 0,
    "grad_clip": 0.0,
    "grad_centralize": false,
    "optimizer": "adam",
    "scheduler": "none",
    "activation": "relu",
    "norm": "none",
    "mixing": "local_blend",
    "arch": "cnn",
    "vit_dim": 64,
    "vit_depth": 2,
    "vit_heads": 4,
    "vit_mixer": "attn",
    "init_scale": 1.0,
    "ema_decay": 0.0,
    "mixup_alpha": 0.0,
    "cutout_size": 0,
    "data_dir": "./data",
    "num_workers": 0,
    "log_every": 200,
    "eval_every": 2400
  },
  "result": {
    "n_seeds": 3,
    "best_val_acc_mean": 0.9217,
    "best_val_acc_std": 0.0016370705543744793,
    "wall_time_s_mean": 281.23057551233796,
    "steps_per_sec_mean": 25.76351498604406,
    "per_seed": [
      {
        "seed": 1000,
        "steps": 7200,
        "wall_time_s": 313.50285498896847,
        "steps_per_sec": 22.966298027025474,
        "final_train_loss": 0.1590166295129422,
        "final_train_acc": 0.9418761941983672,
        "best_val_acc": 0.9203,
        "final_val_acc": 0.9203,
        "val_accs": [
          0.913,
          0.9143,
          0.9203
        ],
        "config": {
          "seed": 1000,
          "steps": 7200,
          "batch_size": 128,
          "lr": 0.001,
          "weight_decay": 0.0001,
          "hidden_dim": 128,
          "dropout": 0.1,
          "label_smoothing": 0.0,
          "warmup_steps": 0,
          "grad_clip": 0.0,
          "grad_centralize": false,
          "optimizer": "adam",
          "scheduler": "none",
          "activation": "relu",
          "norm": "none",
          "mixing": "local_blend",
          "arch": "cnn",
          "vit_dim": 64,
          "vit_depth": 2,
          "vit_heads": 4,
          "vit_mixer": "attn",
          "init_scale": 1.0,
          "ema_decay": 0.0,
          "mixup_alpha": 0.0,
          "cutout_size": 0,
          "data_dir": "./data",
          "num_workers": 0,
          "log_every": 200,
          "eval_every": 2400
        }
      },
      {
        "seed": 1001,
        "steps": 7200,
        "wall_time_s": 262.82482759904815,
        "steps_per_sec": 27.3946722072389,
        "final_train_loss": 0.15210306984400748,
        "final_train_acc": 0.9440941462567309,
        "best_val_acc": 0.9213,
        "final_val_acc": 0.9213,
        "val_accs": [
          0.9178,
          0.9202,
          0.9213
        ],
        "config": {
          "seed": 1001,
          "steps": 7200,
          "batch_size": 128,
          "lr": 0.001,
          "weight_decay": 0.0001,
          "hidden_dim": 128,
          "dropout": 0.1,
          "label_smoothing": 0.0,
          "warmup_steps": 0,
          "grad_clip": 0.0,
          "grad_centralize": false,
          "optimizer": "adam",
          "scheduler": "none",
          "activation": "relu",
          "norm": "none",
          "mixing": "local_blend",
          "arch": "cnn",
          "vit_dim": 64,
          "vit_depth": 2,
          "vit_heads": 4,
          "vit_mixer": "attn",
          "init_scale": 1.0,
          "ema_decay": 0.0,
          "mixup_alpha": 0.0,
          "cutout_size": 0,
          "data_dir": "./data",
          "num_workers": 0,
          "log_every": 200,
          "eval_every": 2400
        }
      },
      {
        "seed": 1002,
        "steps": 7200,
        "wall_time_s": 267.3640439489973,
        "steps_per_sec": 26.929574723867812,
        "final_train_loss": 0.15655366017927885,
        "final_train_acc": 0.9428239534479764,
        "best_val_acc": 0.9235,
        "final_val_acc": 0.9212,
        "val_accs": [
          0.9167,
          0.9235,
          0.9212
        ],
        "config": {
          "seed": 1002,
          "steps": 7200,
          "batch_size": 128,
          "lr": 0.001,
          "weight_decay": 0.0001,
          "hidden_dim": 128,
          "dropout": 0.1,
          "label_smoothing": 0.0,
          "warmup_steps": 0,
          "grad_clip": 0.0,
          "grad_centralize": false,
          "optimizer": "adam",
          "scheduler": "none",
          "activation": "relu",
          "norm": "none",
          "mixing": "local_blend",
          "arch": "cnn",
          "vit_dim": 64,
          "vit_depth": 2,
          "vit_heads": 4,
          "vit_mixer": "attn",
          "init_scale": 1.0,
          "ema_decay": 0.0,
          "mixup_alpha": 0.0,
          "cutout_size": 0,
          "data_dir": "./data",
          "num_workers": 0,
          "log_every": 200,
          "eval_every": 2400
        }
      }
    ]
  },
  "verdict": "INCONCLUSIVA",
  "lesson": "Promissora @7200: local_blend.",
  "novelty_note": "NOVEL | escala 6× do exp-016 PROMISSORA."
}
=== exp-062 | exp-018 local_blend @7200 ===
{
  "id": "exp-062",
  "name": "p018_local_blend_7200",
  "timestamp_utc": "2026-07-05T21:11:59.901278+00:00",
  "repro_command": "/usr/bin/python3 train_baseline.py --steps 7200 --eval_every 2400 --mixing local_blend --seed <SEED>",
  "seeds": [
    1000,
    1001,
    1002
  ],
  "config": {
    "seed": 1000,
    "steps": 7200,
    "batch_size": 128,
    "lr": 0.001,
    "weight_decay": 0.0001,
    "hidden_dim": 128,
    "dropout": 0.1,
    "label_smoothing": 0.0,
    "warmup_steps": 0,
    "grad_clip": 0.0,
    "grad_centralize": false,
    "optimizer": "adam",
    "scheduler": "none",
    "activation": "relu",
    "norm": "none",
    "mixing": "local_blend",
    "arch": "cnn",
    "vit_dim": 64,
    "vit_depth": 2,
    "vit_heads": 4,
    "vit_mixer": "attn",
    "init_scale": 1.0,
    "ema_decay": 0.0,
    "mixup_alpha": 0.0,
    "cutout_size": 0,
    "data_dir": "./data",
    "num_workers": 0,
    "log_every": 200,
    "eval_every": 2400
  },
  "result": {
    "n_seeds": 3,
    "best_val_acc_mean": 0.9217,
    "best_val_acc_std": 0.0016370705543744793,
    "wall_time_s_mean": 488.33530398266157,
    "steps_per_sec_mean": 21.09746479291927,
    "per_seed": [
      {
        "seed": 1000,
        "steps": 7200,
        "wall_time_s": 245.71700654696906,
        "steps_per_sec": 29.30200111575799,
        "final_train_loss": 0.1590166295129422,
        "final_train_acc": 0.9418761941983672,
        "best_val_acc": 0.9203,
        "final_val_acc": 0.9203,
        "val_accs": [
          0.913,
          0.9143,
          0.9203
        ],
        "config": {
          "seed": 1000,
          "steps": 7200,
          "batch_size": 128,
          "lr": 0.001,
          "weight_decay": 0.0001,
          "hidden_dim": 128,
          "dropout": 0.1,
          "label_smoothing": 0.0,
          "warmup_steps": 0,
          "grad_clip": 0.0,
          "grad_centralize": false,
          "optimizer": "adam",
          "scheduler": "none",
          "activation": "relu",
          "norm": "none",
          "mixing": "local_blend",
          "arch": "cnn",
          "vit_dim": 64,
          "vit_depth": 2,
          "vit_heads": 4,
          "vit_mixer": "attn",
          "init_scale": 1.0,
          "ema_decay": 0.0,
          "mixup_alpha": 0.0,
          "cutout_size": 0,
          "data_dir": "./data",
          "num_workers": 0,
          "log_every": 200,
          "eval_every": 2400
        }
      },
      {
        "seed": 1001,
        "steps": 7200,
        "wall_time_s": 272.9086121750297,
        "steps_per_sec": 26.382458005327756,
        "final_train_loss": 0.15210306984400748,
        "final_train_acc": 0.9440941462567309,
        "best_val_acc": 0.9213,
        "final_val_acc": 0.9213,
        "val_accs": [
          0.9178,
          0.9202,
          0.9213
        ],
        "config": {
          "seed": 1001,
          "steps": 7200,
          "batch_size": 128,
          "lr": 0.001,
          "weight_decay": 0.0001,
          "hidden_dim": 128,
          "dropout": 0.1,
          "label_smoothing": 0.0,
          "warmup_steps": 0,
          "grad_clip": 0.0,
          "grad_centralize": false,
          "optimizer": "adam",
          "scheduler": "none",
          "activation": "relu",
          "norm": "none",
          "mixing": "local_blend",
          "arch": "cnn",
          "vit_dim": 64,
          "vit_depth": 2,
          "vit_heads": 4,
          "vit_mixer": "attn",
          "init_scale": 1.0,
          "ema_decay": 0.0,
          "mixup_alpha": 0.0,
          "cutout_size": 0,
          "data_dir": "./data",
          "num_workers": 0,
          "log_every": 200,
          "eval_every": 2400
        }
      },
      {
        "seed": 1002,
        "steps": 7200,
        "wall_time_s": 946.380293225986,
        "steps_per_sec": 7.607935257672059,
        "final_train_loss": 0.15655366017927885,
        "final_train_acc": 0.9428239534479764,
        "best_val_acc": 0.9235,
        "final_val_acc": 0.9212,
        "val_accs": [
          0.9167,
          0.9235,
          0.9212
        ],
        "config": {
          "seed": 1002,
          "steps": 7200,
          "batch_size": 128,
          "lr": 0.001,
          "weight_decay": 0.0001,
          "hidden_dim": 128,
          "dropout": 0.1,
          "label_smoothing": 0.0,
          "warmup_steps": 0,
          "grad_clip": 0.0,
          "grad_centralize": false,
          "optimizer": "adam",
          "scheduler": "none",
          "activation": "relu",
          "norm": "none",
          "mixing": "local_blend",
          "arch": "cnn",
          "vit_dim": 64,
          "vit_depth": 2,
          "vit_heads": 4,
          "vit_mixer": "attn",
          "init_scale": 1.0,
          "ema_decay": 0.0,
          "mixup_alpha": 0.0,
          "cutout_size": 0,
          "data_dir": "./data",
          "num_workers": 0,
          "log_every": 200,
          "eval_every": 2400
        }
      }
    ]
  },
  "verdict": "INCONCLUSIVA",
  "lesson": "Promissora @7200: local_blend.",
  "novelty_note": "NOVEL | escala 3× do exp-018 PROMISSORA."
}
=== exp-063 | exp-021 local_blend_k5 @7200 ===
{
  "id": "exp-063",
  "name": "p021_k5_7200",
  "timestamp_utc": "2026-07-05T21:34:41.108201+00:00",
  "repro_command": "/usr/bin/python3 train_baseline.py --steps 7200 --eval_every 2400 --mixing local_blend_k5 --seed <SEED>",
  "seeds": [
    1000,
    1001,
    1002
  ],
  "config": {
    "seed": 1000,
    "steps": 7200,
    "batch_size": 128,
    "lr": 0.001,
    "weight_decay": 0.0001,
    "hidden_dim": 128,
    "dropout": 0.1,
    "label_smoothing": 0.0,
    "warmup_steps": 0,
    "grad_clip": 0.0,
    "grad_centralize": false,
    "optimizer": "adam",
    "scheduler": "none",
    "activation": "relu",
    "norm": "none",
    "mixing": "local_blend_k5",
    "arch": "cnn",
    "vit_dim": 64,
    "vit_depth": 2,
    "vit_heads": 4,
    "vit_mixer": "attn",
    "init_scale": 1.0,
    "ema_decay": 0.0,
    "mixup_alpha": 0.0,
    "cutout_size": 0,
    "data_dir": "./data",
    "num_workers": 0,
    "log_every": 200,
    "eval_every": 2400
  },
  "result": {
    "n_seeds": 3,
    "best_val_acc_mean": 0.9204,
    "best_val_acc_std": 0.0035552777669262438,
    "wall_time_s_mean": 451.78219332666293,
    "steps_per_sec_mean": 16.00779495021584,
    "per_seed": [
      {
        "seed": 1000,
        "steps": 7200,
        "wall_time_s": 494.3606985670049,
        "steps_per_sec": 14.564264555961913,
        "final_train_loss": 0.16378647643546687,
        "final_train_acc": 0.9402846534653465,
        "best_val_acc": 0.9164,
        "final_val_acc": 0.9147,
        "val_accs": [
          0.9151,
          0.9164,
          0.9147
        ],
        "config": {
          "seed": 1000,
          "steps": 7200,
          "batch_size": 128,
          "lr": 0.001,
          "weight_decay": 0.0001,
          "hidden_dim": 128,
          "dropout": 0.1,
          "label_smoothing": 0.0,
          "warmup_steps": 0,
          "grad_clip": 0.0,
          "grad_centralize": false,
          "optimizer": "adam",
          "scheduler": "none",
          "activation": "relu",
          "norm": "none",
          "mixing": "local_blend_k5",
          "arch": "cnn",
          "vit_dim": 64,
          "vit_depth": 2,
          "vit_heads": 4,
          "vit_mixer": "attn",
          "init_scale": 1.0,
          "ema_decay": 0.0,
          "mixup_alpha": 0.0,
          "cutout_size": 0,
          "data_dir": "./data",
          "num_workers": 0,
          "log_every": 200,
          "eval_every": 2400
        }
      },
      {
        "seed": 1001,
        "steps": 7200,
        "wall_time_s": 423.395584805985,
        "steps_per_sec": 17.005373363303487,
        "final_train_loss": 0.15506007282041687,
        "final_train_acc": 0.942986798679868,
        "best_val_acc": 0.9232,
        "final_val_acc": 0.9232,
        "val_accs": [
          0.9161,
          0.9177,
          0.9232
        ],
        "config": {
          "seed": 1001,
          "steps": 7200,
          "batch_size": 128,
          "lr": 0.001,
          "weight_decay": 0.0001,
          "hidden_dim": 128,
          "dropout": 0.1,
          "label_smoothing": 0.0,
          "warmup_steps": 0,
          "grad_clip": 0.0,
          "grad_centralize": false,
          "optimizer": "adam",
          "scheduler": "none",
          "activation": "relu",
          "norm": "none",
          "mixing": "local_blend_k5",
          "arch": "cnn",
          "vit_dim": 64,
          "vit_depth": 2,
          "vit_heads": 4,
          "vit_mixer": "attn",
          "init_scale": 1.0,
          "ema_decay": 0.0,
          "mixup_alpha": 0.0,
          "cutout_size": 0,
          "device": "auto",
          "amp": false,
          "width_mult": 1.0,
          "compile": false,
          "data_dir": "./data",
          "num_workers": 0,
          "log_every": 200,
          "eval_every": 2400
        }
      },
      {
        "seed": 1002,
        "steps": 7200,
        "wall_time_s": 437.5902966069989,
        "steps_per_sec": 16.45374693138212,
        "final_train_loss": 0.16548213434611236,
        "final_train_acc": 0.9401978026750043,
        "best_val_acc": 0.9216,
        "final_val_acc": 0.9216,
        "val_accs": [
          0.9159,
          0.9162,
          0.9216
        ],
        "config": {
          "seed": 1002,
          "steps": 7200,
          "batch_size": 128,
          "lr": 0.001,
          "weight_decay": 0.0001,
          "hidden_dim": 128,
          "dropout": 0.1,
          "label_smoothing": 0.0,
          "warmup_steps": 0,
          "grad_clip": 0.0,
          "grad_centralize": false,
          "optimizer": "adam",
          "scheduler": "none",
          "activation": "relu",
          "norm": "none",
          "mixing": "local_blend_k5",
          "arch": "cnn",
          "vit_dim": 64,
          "vit_depth": 2,
          "vit_heads": 4,
          "vit_mixer": "attn",
          "init_scale": 1.0,
          "ema_decay": 0.0,
          "mixup_alpha": 0.0,
          "cutout_size": 0,
          "device": "auto",
          "amp": false,
          "width_mult": 1.0,
          "compile": false,
          "data_dir": "./data",
          "num_workers": 0,
          "log_every": 200,
          "eval_every": 2400
        }
      }
    ]
  },
  "verdict": "INCONCLUSIVA",
  "lesson": "Promissora @7200: k5 blend.",
  "novelty_note": "NOVEL | escala 6× do exp-021 PROMISSORA."
}
=== exp-064 | exp-022 laplacian_blend @7200 ===
{
  "id": "exp-064",
  "name": "p022_laplacian_7200",
  "timestamp_utc": "2026-07-05T21:49:44.385537+00:00",
  "repro_command": "/usr/bin/python3 train_baseline.py --steps 7200 --eval_every 2400 --mixing laplacian_blend --seed <SEED>",
  "seeds": [
    1000,
    1001,
    1002
  ],
  "config": {
    "seed": 1000,
    "steps": 7200,
    "batch_size": 128,
    "lr": 0.001,
    "weight_decay": 0.0001,
    "hidden_dim": 128,
    "dropout": 0.1,
    "label_smoothing": 0.0,
    "warmup_steps": 0,
    "grad_clip": 0.0,
    "grad_centralize": false,
    "optimizer": "adam",
    "scheduler": "none",
    "activation": "relu",
    "norm": "none",
    "mixing": "laplacian_blend",
    "arch": "cnn",
    "vit_dim": 64,
    "vit_depth": 2,
    "vit_heads": 4,
    "vit_mixer": "attn",
    "init_scale": 1.0,
    "ema_decay": 0.0,
    "mixup_alpha": 0.0,
    "cutout_size": 0,
    "device": "auto",
    "amp": false,
    "width_mult": 1.0,
    "compile": false,
    "data_dir": "./data",
    "num_workers": 0,
    "log_every": 200,
    "eval_every": 2400
  },
  "result": {
    "n_seeds": 3,
    "best_val_acc_mean": 0.9217,
    "best_val_acc_std": 0.0016370705543744793,
    "wall_time_s_mean": 299.11802250267164,
    "steps_per_sec_mean": 24.27104490152038,
    "per_seed": [
      {
        "seed": 1000,
        "steps": 7200,
        "wall_time_s": 323.34711384098046,
        "steps_per_sec": 22.267092210821165,
        "final_train_loss": 0.1590166295129422,
        "final_train_acc": 0.9418761941983672,
        "best_val_acc": 0.9203,
        "final_val_acc": 0.9203,
        "val_accs": [
          0.913,
          0.9143,
          0.9203
        ],
        "config": {
          "seed": 1000,
          "steps": 7200,
          "batch_size": 128,
          "lr": 0.001,
          "weight_decay": 0.0001,
          "hidden_dim": 128,
          "dropout": 0.1,
          "label_smoothing": 0.0,
          "warmup_steps": 0,
          "grad_clip": 0.0,
          "grad_centralize": false,
          "optimizer": "adam",
          "scheduler": "none",
          "activation": "relu",
          "norm": "none",
          "mixing": "laplacian_blend",
          "arch": "cnn",
          "vit_dim": 64,
          "vit_depth": 2,
          "vit_heads": 4,
          "vit_mixer": "attn",
          "init_scale": 1.0,
          "ema_decay": 0.0,
          "mixup_alpha": 0.0,
          "cutout_size": 0,
          "device": "auto",
          "amp": false,
          "width_mult": 1.0,
          "compile": false,
          "data_dir": "./data",
          "num_workers": 0,
          "log_every": 200,
          "eval_every": 2400
        }
      },
      {
        "seed": 1001,
        "steps": 7200,
        "wall_time_s": 262.36757821805077,
        "steps_per_sec": 27.442415137194125,
        "final_train_loss": 0.15210306984400748,
        "final_train_acc": 0.9440941462567309,
        "best_val_acc": 0.9213,
        "final_val_acc": 0.9213,
        "val_accs": [
          0.9178,
          0.9202,
          0.9213
        ],
        "config": {
          "seed": 1001,
          "steps": 7200,
          "batch_size": 128,
          "lr": 0.001,
          "weight_decay": 0.0001,
          "hidden_dim": 128,
          "dropout": 0.1,
          "label_smoothing": 0.0,
          "warmup_steps": 0,
          "grad_clip": 0.0,
          "grad_centralize": false,
          "optimizer": "adam",
          "scheduler": "none",
          "activation": "relu",
          "norm": "none",
          "mixing": "laplacian_blend",
          "arch": "cnn",
          "vit_dim": 64,
          "vit_depth": 2,
          "vit_heads": 4,
          "vit_mixer": "attn",
          "init_scale": 1.0,
          "ema_decay": 0.0,
          "mixup_alpha": 0.0,
          "cutout_size": 0,
          "device": "auto",
          "amp": false,
          "width_mult": 1.0,
          "compile": false,
          "data_dir": "./data",
          "num_workers": 0,
          "log_every": 200,
          "eval_every": 2400
        }
      },
      {
        "seed": 1002,
        "steps": 7200,
        "wall_time_s": 311.6393754489836,
        "steps_per_sec": 23.103627356545847,
        "final_train_loss": 0.15655366017927885,
        "final_train_acc": 0.9428239534479764,
        "best_val_acc": 0.9235,
        "final_val_acc": 0.9212,
        "val_accs": [
          0.9167,
          0.9235,
          0.9212
        ],
        "config": {
          "seed": 1002,
          "steps": 7200,
          "batch_size": 128,
          "lr": 0.001,
          "weight_decay": 0.0001,
          "hidden_dim": 128,
          "dropout": 0.1,
          "label_smoothing": 0.0,
          "warmup_steps": 0,
          "grad_clip": 0.0,
          "grad_centralize": false,
          "optimizer": "adam",
          "scheduler": "none",
          "activation": "relu",
          "norm": "none",
          "mixing": "laplacian_blend",
          "arch": "cnn",
          "vit_dim": 64,
          "vit_depth": 2,
          "vit_heads": 4,
          "vit_mixer": "attn",
          "init_scale": 1.0,
          "ema_decay": 0.0,
          "mixup_alpha": 0.0,
          "cutout_size": 0,
          "device": "auto",
          "amp": false,
          "width_mult": 1.0,
          "compile": false,
          "data_dir": "./data",
          "num_workers": 0,
          "log_every": 200,
          "eval_every": 2400
        }
      }
    ]
  },
  "verdict": "INCONCLUSIVA",
  "lesson": "Promissora @7200: laplacian.",
  "novelty_note": "NOVEL | escala 6× do exp-022 PROMISSORA."
}
=== exp-065 | exp-024 blend+warmup+cosine @7200 ===
{
  "id": "exp-065",
  "name": "p024_blend_wc_7200",
  "timestamp_utc": "2026-07-05T22:03:49.222372+00:00",
  "repro_command": "/usr/bin/python3 train_baseline.py --steps 7200 --eval_every 2400 --mixing local_blend --warmup_steps 150 --scheduler cosine --seed <SEED>",
  "seeds": [
    1000,
    1001,
    1002
  ],
  "config": {
    "seed": 1000,
    "steps": 7200,
    "batch_size": 128,
    "lr": 0.001,
    "weight_decay": 0.0001,
    "hidden_dim": 128,
    "dropout": 0.1,
    "label_smoothing": 0.0,
    "warmup_steps": 150,
    "grad_clip": 0.0,
    "grad_centralize": false,
    "optimizer": "adam",
    "scheduler": "cosine",
    "activation": "relu",
    "norm": "none",
    "mixing": "local_blend",
    "arch": "cnn",
    "vit_dim": 64,
    "vit_depth": 2,
    "vit_heads": 4,
    "vit_mixer": "attn",
    "init_scale": 1.0,
    "ema_decay": 0.0,
    "mixup_alpha": 0.0,
    "cutout_size": 0,
    "device": "auto",
    "amp": false,
    "width_mult": 1.0,
    "compile": false,
    "data_dir": "./data",
    "num_workers": 0,
    "log_every": 200,
    "eval_every": 2400
  },
  "result": {
    "n_seeds": 3,
    "best_val_acc_mean": 0.9268666666666666,
    "best_val_acc_std": 0.0015502687938977933,
    "wall_time_s_mean": 279.5536661570077,
    "steps_per_sec_mean": 26.060245880037435,
    "per_seed": [
      {
        "seed": 1000,
        "steps": 7200,
        "wall_time_s": 305.1005286920117,
        "steps_per_sec": 23.598779165893045,
        "final_train_loss": 0.14639356947502852,
        "final_train_acc": 0.9478026750043426,
        "best_val_acc": 0.9253,
        "final_val_acc": 0.9253,
        "val_accs": [
          0.9148,
          0.919,
          0.9253
        ],
        "config": {
          "seed": 1000,
          "steps": 7200,
          "batch_size": 128,
          "lr": 0.001,
          "weight_decay": 0.0001,
          "hidden_dim": 128,
          "dropout": 0.1,
          "label_smoothing": 0.0,
          "warmup_steps": 150,
          "grad_clip": 0.0,
          "grad_centralize": false,
          "optimizer": "adam",
          "scheduler": "cosine",
          "activation": "relu",
          "norm": "none",
          "mixing": "local_blend",
          "arch": "cnn",
          "vit_dim": 64,
          "vit_depth": 2,
          "vit_heads": 4,
          "vit_mixer": "attn",
          "init_scale": 1.0,
          "ema_decay": 0.0,
          "mixup_alpha": 0.0,
          "cutout_size": 0,
          "device": "auto",
          "amp": false,
          "width_mult": 1.0,
          "compile": false,
          "data_dir": "./data",
          "num_workers": 0,
          "log_every": 200,
          "eval_every": 2400
        }
      },
      {
        "seed": 1001,
        "steps": 7200,
        "wall_time_s": 294.8660794190364,
        "steps_per_sec": 24.417864591905214,
        "final_train_loss": 0.14244172329117705,
        "final_train_acc": 0.9492986798679868,
        "best_val_acc": 0.9284,
        "final_val_acc": 0.9284,
        "val_accs": [
          0.9211,
          0.9237,
          0.9284
        ],
        "config": {
          "seed": 1001,
          "steps": 7200,
          "batch_size": 128,
          "lr": 0.001,
          "weight_decay": 0.0001,
          "hidden_dim": 128,
          "dropout": 0.1,
          "label_smoothing": 0.0,
          "warmup_steps": 150,
          "grad_clip": 0.0,
          "grad_centralize": false,
          "optimizer": "adam",
          "scheduler": "cosine",
          "activation": "relu",
          "norm": "none",
          "mixing": "local_blend",
          "arch": "cnn",
          "vit_dim": 64,
          "vit_depth": 2,
          "vit_heads": 4,
          "vit_mixer": "attn",
          "init_scale": 1.0,
          "ema_decay": 0.0,
          "mixup_alpha": 0.0,
          "cutout_size": 0,
          "device": "auto",
          "amp": false,
          "width_mult": 1.0,
          "compile": false,
          "data_dir": "./data",
          "num_workers": 0,
          "log_every": 200,
          "eval_every": 2400
        }
      },
      {
        "seed": 1002,
        "steps": 7200,
        "wall_time_s": 238.69439035997493,
        "steps_per_sec": 30.16409388231404,
        "final_train_loss": 0.14294233949515572,
        "final_train_acc": 0.9492965085982282,
        "best_val_acc": 0.9269,
        "final_val_acc": 0.9269,
        "val_accs": [
          0.9192,
          0.9247,
          0.9269
        ],
        "config": {
          "seed": 1002,
          "steps": 7200,
          "batch_size": 128,
          "lr": 0.001,
          "weight_decay": 0.0001,
          "hidden_dim": 128,
          "dropout": 0.1,
          "label_smoothing": 0.0,
          "warmup_steps": 150,
          "grad_clip": 0.0,
          "grad_centralize": false,
          "optimizer": "adam",
          "scheduler": "cosine",
          "activation": "relu",
          "norm": "none",
          "mixing": "local_blend",
          "arch": "cnn",
          "vit_dim": 64,
          "vit_depth": 2,
          "vit_heads": 4,
          "vit_mixer": "attn",
          "init_scale": 1.0,
          "ema_decay": 0.0,
          "mixup_alpha": 0.0,
          "cutout_size": 0,
          "device": "auto",
          "amp": false,
          "width_mult": 1.0,
          "compile": false,
          "data_dir": "./data",
          "num_workers": 0,
          "log_every": 200,
          "eval_every": 2400
        }
      }
    ]
  },
  "verdict": "INCONCLUSIVA",
  "lesson": "Promissora @7200: blend+wc.",
  "novelty_note": "RECOMB | escala 6× do exp-024 PROMISSORA."
}
=== exp-066 | exp-025 blend+LS @7200 ===
{
  "id": "exp-066",
  "name": "p025_blend_ls_7200",
  "timestamp_utc": "2026-07-05T22:19:34.577780+00:00",
  "repro_command": "/usr/bin/python3 train_baseline.py --steps 7200 --eval_every 2400 --mixing local_blend --label_smoothing 0.1 --seed <SEED>",
  "seeds": [
    1000,
    1001,
    1002
  ],
  "config": {
    "seed": 1000,
    "steps": 7200,
    "batch_size": 128,
    "lr": 0.001,
    "weight_decay": 0.0001,
    "hidden_dim": 128,
    "dropout": 0.1,
    "label_smoothing": 0.1,
    "warmup_steps": 0,
    "grad_clip": 0.0,
    "grad_centralize": false,
    "optimizer": "adam",
    "scheduler": "none",
    "activation": "relu",
    "norm": "none",
    "mixing": "local_blend",
    "arch": "cnn",
    "vit_dim": 64,
    "vit_depth": 2,
    "vit_heads": 4,
    "vit_mixer": "attn",
    "init_scale": 1.0,
    "ema_decay": 0.0,
    "mixup_alpha": 0.0,
    "cutout_size": 0,
    "device": "auto",
    "amp": false,
    "width_mult": 1.0,
    "compile": false,
    "data_dir": "./data",
    "num_workers": 0,
    "log_every": 200,
    "eval_every": 2400
  },
  "result": {
    "n_seeds": 3,
    "best_val_acc_mean": 0.9244333333333333,
    "best_val_acc_std": 0.002300724523564955,
    "wall_time_s_mean": 312.9522163819832,
    "steps_per_sec_mean": 23.0398657016477,
    "per_seed": [
      {
        "seed": 1000,
        "steps": 7200,
        "wall_time_s": 323.53245572396554,
        "steps_per_sec": 22.254336072369085,
        "final_train_loss": 0.660794735899066,
        "final_train_acc": 0.9452145214521452,
        "best_val_acc": 0.9221,
        "final_val_acc": 0.9221,
        "val_accs": [
          0.9173,
          0.918,
          0.9221
        ],
        "config": {
          "seed": 1000,
          "steps": 7200,
          "batch_size": 128,
          "lr": 0.001,
          "weight_decay": 0.0001,
          "hidden_dim": 128,
          "dropout": 0.1,
          "label_smoothing": 0.1,
          "warmup_steps": 0,
          "grad_clip": 0.0,
          "grad_centralize": false,
          "optimizer": "adam",
          "scheduler": "none",
          "activation": "relu",
          "norm": "none",
          "mixing": "local_blend",
          "arch": "cnn",
          "vit_dim": 64,
          "vit_depth": 2,
          "vit_heads": 4,
          "vit_mixer": "attn",
          "init_scale": 1.0,
          "ema_decay": 0.0,
          "mixup_alpha": 0.0,
          "cutout_size": 0,
          "device": "auto",
          "amp": false,
          "width_mult": 1.0,
          "compile": false,
          "data_dir": "./data",
          "num_workers": 0,
          "log_every": 200,
          "eval_every": 2400
        }
      },
      {
        "seed": 1001,
        "steps": 7200,
        "wall_time_s": 318.73137571499683,
        "steps_per_sec": 22.589555182160964,
        "final_train_loss": 0.6562792216611235,
        "final_train_acc": 0.947444415494181,
        "best_val_acc": 0.9245,
        "final_val_acc": 0.9245,
        "val_accs": [
          0.9222,
          0.9239,
          0.9245
        ],
        "config": {
          "seed": 1001,
          "steps": 7200,
          "batch_size": 128,
          "lr": 0.001,
          "weight_decay": 0.0001,
          "hidden_dim": 128,
          "dropout": 0.1,
          "label_smoothing": 0.1,
          "warmup_steps": 0,
          "grad_clip": 0.0,
          "grad_centralize": false,
          "optimizer": "adam",
          "scheduler": "none",
          "activation": "relu",
          "norm": "none",
          "mixing": "local_blend",
          "arch": "cnn",
          "vit_dim": 64,
          "vit_depth": 2,
          "vit_heads": 4,
          "vit_mixer": "attn",
          "init_scale": 1.0,
          "ema_decay": 0.0,
          "mixup_alpha": 0.0,
          "cutout_size": 0,
          "device": "auto",
          "amp": false,
          "width_mult": 1.0,
          "compile": false,
          "data_dir": "./data",
          "num_workers": 0,
          "log_every": 200,
          "eval_every": 2400
        }
      },
      {
        "seed": 1002,
        "steps": 7200,
        "wall_time_s": 296.59281770698726,
        "steps_per_sec": 24.275705850413043,
        "final_train_loss": 0.65853131243146,
        "final_train_acc": 0.9461242834809797,
        "best_val_acc": 0.9267,
        "final_val_acc": 0.9267,
        "val_accs": [
          0.9221,
          0.9257,
          0.9267
        ],
        "config": {
          "seed": 1002,
          "steps": 7200,
          "batch_size": 128,
          "lr": 0.001,
          "weight_decay": 0.0001,
          "hidden_dim": 128,
          "dropout": 0.1,
          "label_smoothing": 0.1,
          "warmup_steps": 0,
          "grad_clip": 0.0,
          "grad_centralize": false,
          "optimizer": "adam",
          "scheduler": "none",
          "activation": "relu",
          "norm": "none",
          "mixing": "local_blend",
          "arch": "cnn",
          "vit_dim": 64,
          "vit_depth": 2,
          "vit_heads": 4,
          "vit_mixer": "attn",
          "init_scale": 1.0,
          "ema_decay": 0.0,
          "mixup_alpha": 0.0,
          "cutout_size": 0,
          "device": "auto",
          "amp": false,
          "width_mult": 1.0,
          "compile": false,
          "data_dir": "./data",
          "num_workers": 0,
          "log_every": 200,
          "eval_every": 2400
        }
      }
    ]
  },
  "verdict": "INCONCLUSIVA",
  "lesson": "Promissora @7200: blend+LS.",
  "novelty_note": "RECOMB | escala 6× do exp-025 PROMISSORA."
}
=== exp-067 | exp-026 k5 @7200 ===
{
  "id": "exp-067",
  "name": "p026_k5_7200",
  "timestamp_utc": "2026-07-05T22:40:36.803812+00:00",
  "repro_command": "/usr/bin/python3 train_baseline.py --steps 7200 --eval_every 2400 --mixing local_blend_k5 --seed <SEED>",
  "seeds": [
    1000,
    1001,
    1002
  ],
  "config": {
    "seed": 1000,
    "steps": 7200,
    "batch_size": 128,
    "lr": 0.001,
    "weight_decay": 0.0001,
    "hidden_dim": 128,
    "dropout": 0.1,
    "label_smoothing": 0.0,
    "warmup_steps": 0,
    "grad_clip": 0.0,
    "grad_centralize": false,
    "optimizer": "adam",
    "scheduler": "none",
    "activation": "relu",
    "norm": "none",
    "mixing": "local_blend_k5",
    "arch": "cnn",
    "vit_dim": 64,
    "vit_depth": 2,
    "vit_heads": 4,
    "vit_mixer": "attn",
    "init_scale": 1.0,
    "ema_decay": 0.0,
    "mixup_alpha": 0.0,
    "cutout_size": 0,
    "device": "auto",
    "amp": false,
    "width_mult": 1.0,
    "compile": false,
    "data_dir": "./data",
    "num_workers": 0,
    "log_every": 200,
    "eval_every": 2400
  },
  "result": {
    "n_seeds": 3,
    "best_val_acc_mean": 0.9204,
    "best_val_acc_std": 0.0035552777669262438,
    "wall_time_s_mean": 418.7598976393153,
    "steps_per_sec_mean": 17.222926309817087,
    "per_seed": [
      {
        "seed": 1000,
        "steps": 7200,
        "wall_time_s": 397.68283185496693,
        "steps_per_sec": 18.104880128760012,
        "final_train_loss": 0.16378647643546687,
        "final_train_acc": 0.9402846534653465,
        "best_val_acc": 0.9164,
        "final_val_acc": 0.9147,
        "val_accs": [
          0.9151,
          0.9164,
          0.9147
        ],
        "config": {
          "seed": 1000,
          "steps": 7200,
          "batch_size": 128,
          "lr": 0.001,
          "weight_decay": 0.0001,
          "hidden_dim": 128,
          "dropout": 0.1,
          "label_smoothing": 0.0,
          "warmup_steps": 0,
          "grad_clip": 0.0,
          "grad_centralize": false,
          "optimizer": "adam",
          "scheduler": "none",
          "activation": "relu",
          "norm": "none",
          "mixing": "local_blend_k5",
          "arch": "cnn",
          "vit_dim": 64,
          "vit_depth": 2,
          "vit_heads": 4,
          "vit_mixer": "attn",
          "init_scale": 1.0,
          "ema_decay": 0.0,
          "mixup_alpha": 0.0,
          "cutout_size": 0,
          "device": "auto",
          "amp": false,
          "width_mult": 1.0,
          "compile": false,
          "data_dir": "./data",
          "num_workers": 0,
          "log_every": 200,
          "eval_every": 2400
        }
      },
      {
        "seed": 1001,
        "steps": 7200,
        "wall_time_s": 418.61165348801296,
        "steps_per_sec": 17.199712287049778,
        "final_train_loss": 0.15506007282041687,
        "final_train_acc": 0.942986798679868,
        "best_val_acc": 0.9232,
        "final_val_acc": 0.9232,
        "val_accs": [
          0.9161,
          0.9177,
          0.9232
        ],
        "config": {
          "seed": 1001,
          "steps": 7200,
          "batch_size": 128,
          "lr": 0.001,
          "weight_decay": 0.0001,
          "hidden_dim": 128,
          "dropout": 0.1,
          "label_smoothing": 0.0,
          "warmup_steps": 0,
          "grad_clip": 0.0,
          "grad_centralize": false,
          "optimizer": "adam",
          "scheduler": "none",
          "activation": "relu",
          "norm": "none",
          "mixing": "local_blend_k5",
          "arch": "cnn",
          "vit_dim": 64,
          "vit_depth": 2,
          "vit_heads": 4,
          "vit_mixer": "attn",
          "init_scale": 1.0,
          "ema_decay": 0.0,
          "mixup_alpha": 0.0,
          "cutout_size": 0,
          "device": "auto",
          "amp": false,
          "width_mult": 1.0,
          "compile": false,
          "data_dir": "./data",
          "num_workers": 0,
          "log_every": 200,
          "eval_every": 2400
        }
      },
      {
        "seed": 1002,
        "steps": 7200,
        "wall_time_s": 439.9852075749659,
        "steps_per_sec": 16.36418651364147,
        "final_train_loss": 0.16548213434611236,
        "final_train_acc": 0.9401978026750043,
        "best_val_acc": 0.9216,
        "final_val_acc": 0.9216,
        "val_accs": [
          0.9159,
          0.9162,
          0.9216
        ],
        "config": {
          "seed": 1002,
          "steps": 7200,
          "batch_size": 128,
          "lr": 0.001,
          "weight_decay": 0.0001,
          "hidden_dim": 128,
          "dropout": 0.1,
          "label_smoothing": 0.0,
          "warmup_steps": 0,
          "grad_clip": 0.0,
          "grad_centralize": false,
          "optimizer": "adam",
          "scheduler": "none",
          "activation": "relu",
          "norm": "none",
          "mixing": "local_blend_k5",
          "arch": "cnn",
          "vit_dim": 64,
          "vit_depth": 2,
          "vit_heads": 4,
          "vit_mixer": "attn",
          "init_scale": 1.0,
          "ema_decay": 0.0,
          "mixup_alpha": 0.0,
          "cutout_size": 0,
          "device": "auto",
          "amp": false,
          "width_mult": 1.0,
          "compile": false,
          "data_dir": "./data",
          "num_workers": 0,
          "log_every": 200,
          "eval_every": 2400
        }
      }
    ]
  },
  "verdict": "INCONCLUSIVA",
  "lesson": "Promissora @7200: k5 blend.",
  "novelty_note": "NOVEL | escala 3× do exp-026 PROMISSORA."
}
=== exp-068 | exp-027 blend+LS @7200 (ex-campeão) ===
{
  "id": "exp-068",
  "name": "p027_blend_ls_7200",
  "timestamp_utc": "2026-07-05T22:55:39.690253+00:00",
  "repro_command": "/usr/bin/python3 train_baseline.py --steps 7200 --eval_every 2400 --mixing local_blend --label_smoothing 0.1 --seed <SEED>",
  "seeds": [
    1000,
    1001,
    1002
  ],
  "config": {
    "seed": 1000,
    "steps": 7200,
    "batch_size": 128,
    "lr": 0.001,
    "weight_decay": 0.0001,
    "hidden_dim": 128,
    "dropout": 0.1,
    "label_smoothing": 0.1,
    "warmup_steps": 0,
    "grad_clip": 0.0,
    "grad_centralize": false,
    "optimizer": "adam",
    "scheduler": "none",
    "activation": "relu",
    "norm": "none",
    "mixing": "local_blend",
    "arch": "cnn",
    "vit_dim": 64,
    "vit_depth": 2,
    "vit_heads": 4,
    "vit_mixer": "attn",
    "init_scale": 1.0,
    "ema_decay": 0.0,
    "mixup_alpha": 0.0,
    "cutout_size": 0,
    "device": "auto",
    "amp": false,
    "width_mult": 1.0,
    "compile": false,
    "data_dir": "./data",
    "num_workers": 0,
    "log_every": 200,
    "eval_every": 2400
  },
  "result": {
    "n_seeds": 3,
    "best_val_acc_mean": 0.9244333333333333,
    "best_val_acc_std": 0.002300724523564955,
    "wall_time_s_mean": 299.0619070623458,
    "steps_per_sec_mean": 24.12063961289532,
    "per_seed": [
      {
        "seed": 1000,
        "steps": 7200,
        "wall_time_s": 317.67069428798277,
        "steps_per_sec": 22.66498021209623,
        "final_train_loss": 0.660794735899066,
        "final_train_acc": 0.9452145214521452,
        "best_val_acc": 0.9221,
        "final_val_acc": 0.9221,
        "val_accs": [
          0.9173,
          0.918,
          0.9221
        ],
        "config": {
          "seed": 1000,
          "steps": 7200,
          "batch_size": 128,
          "lr": 0.001,
          "weight_decay": 0.0001,
          "hidden_dim": 128,
          "dropout": 0.1,
          "label_smoothing": 0.1,
          "warmup_steps": 0,
          "grad_clip": 0.0,
          "grad_centralize": false,
          "optimizer": "adam",
          "scheduler": "none",
          "activation": "relu",
          "norm": "none",
          "mixing": "local_blend",
          "arch": "cnn",
          "vit_dim": 64,
          "vit_depth": 2,
          "vit_heads": 4,
          "vit_mixer": "attn",
          "init_scale": 1.0,
          "ema_decay": 0.0,
          "mixup_alpha": 0.0,
          "cutout_size": 0,
          "device": "auto",
          "amp": false,
          "width_mult": 1.0,
          "compile": false,
          "data_dir": "./data",
          "num_workers": 0,
          "log_every": 200,
          "eval_every": 2400
        }
      },
      {
        "seed": 1001,
        "steps": 7200,
        "wall_time_s": 289.1593718090444,
        "steps_per_sec": 24.89976359733811,
        "final_train_loss": 0.6562792216611235,
        "final_train_acc": 0.947444415494181,
        "best_val_acc": 0.9245,
        "final_val_acc": 0.9245,
        "val_accs": [
          0.9222,
          0.9239,
          0.9245
        ],
        "config": {
          "seed": 1001,
          "steps": 7200,
          "batch_size": 128,
          "lr": 0.001,
          "weight_decay": 0.0001,
          "hidden_dim": 128,
          "dropout": 0.1,
          "label_smoothing": 0.1,
          "warmup_steps": 0,
          "grad_clip": 0.0,
          "grad_centralize": false,
          "optimizer": "adam",
          "scheduler": "none",
          "activation": "relu",
          "norm": "none",
          "mixing": "local_blend",
          "arch": "cnn",
          "vit_dim": 64,
          "vit_depth": 2,
          "vit_heads": 4,
          "vit_mixer": "attn",
          "init_scale": 1.0,
          "ema_decay": 0.0,
          "mixup_alpha": 0.0,
          "cutout_size": 0,
          "device": "auto",
          "amp": false,
          "width_mult": 1.0,
          "compile": false,
          "data_dir": "./data",
          "num_workers": 0,
          "log_every": 200,
          "eval_every": 2400
        }
      },
      {
        "seed": 1002,
        "steps": 7200,
        "wall_time_s": 290.35565509001026,
        "steps_per_sec": 24.797175029251626,
        "final_train_loss": 0.65853131243146,
        "final_train_acc": 0.9461242834809797,
        "best_val_acc": 0.9267,
        "final_val_acc": 0.9267,
        "val_accs": [
          0.9221,
          0.9257,
          0.9267
        ],
        "config": {
          "seed": 1002,
          "steps": 7200,
          "batch_size": 128,
          "lr": 0.001,
          "weight_decay": 0.0001,
          "hidden_dim": 128,
          "dropout": 0.1,
          "label_smoothing": 0.1,
          "warmup_steps": 0,
          "grad_clip": 0.0,
          "grad_centralize": false,
          "optimizer": "adam",
          "scheduler": "none",
          "activation": "relu",
          "norm": "none",
          "mixing": "local_blend",
          "arch": "cnn",
          "vit_dim": 64,
          "vit_depth": 2,
          "vit_heads": 4,
          "vit_mixer": "attn",
          "init_scale": 1.0,
          "ema_decay": 0.0,
          "mixup_alpha": 0.0,
          "cutout_size": 0,
          "device": "auto",
          "amp": false,
          "width_mult": 1.0,
          "compile": false,
          "data_dir": "./data",
          "num_workers": 0,
          "log_every": 200,
          "eval_every": 2400
        }
      }
    ]
  },
  "verdict": "INCONCLUSIVA",
  "lesson": "Ex-campeão @7200.",
  "novelty_note": "RECOMB | escala 3× do exp-027 campeão PROMISSORA (91.78%)."
}
=== exp-069 | exp-028 laplacian @7200 ===
{
  "id": "exp-069",
  "name": "p028_laplacian_7200",
  "timestamp_utc": "2026-07-05T23:09:38.743331+00:00",
  "repro_command": "/usr/bin/python3 train_baseline.py --steps 7200 --eval_every 2400 --mixing laplacian_blend --seed <SEED>",
  "seeds": [
    1000,
    1001,
    1002
  ],
  "config": {
    "seed": 1000,
    "steps": 7200,
    "batch_size": 128,
    "lr": 0.001,
    "weight_decay": 0.0001,
    "hidden_dim": 128,
    "dropout": 0.1,
    "label_smoothing": 0.0,
    "warmup_steps": 0,
    "grad_clip": 0.0,
    "grad_centralize": false,
    "optimizer": "adam",
    "scheduler": "none",
    "activation": "relu",
    "norm": "none",
    "mixing": "laplacian_blend",
    "arch": "cnn",
    "vit_dim": 64,
    "vit_depth": 2,
    "vit_heads": 4,
    "vit_mixer": "attn",
    "init_scale": 1.0,
    "ema_decay": 0.0,
    "mixup_alpha": 0.0,
    "cutout_size": 0,
    "device": "auto",
    "amp": false,
    "width_mult": 1.0,
    "compile": false,
    "data_dir": "./data",
    "num_workers": 0,
    "log_every": 200,
    "eval_every": 2400
  },
  "result": {
    "n_seeds": 3,
    "best_val_acc_mean": 0.9217,
    "best_val_acc_std": 0.0016370705543744793,
    "wall_time_s_mean": 277.8364328443422,
    "steps_per_sec_mean": 26.17476767257857,
    "per_seed": [
      {
        "seed": 1000,
        "steps": 7200,
        "wall_time_s": 295.1757235790137,
        "steps_per_sec": 24.392249852731123,
        "final_train_loss": 0.1590166295129422,
        "final_train_acc": 0.9418761941983672,
        "best_val_acc": 0.9203,
        "final_val_acc": 0.9203,
        "val_accs": [
          0.913,
          0.9143,
          0.9203
        ],
        "config": {
          "seed": 1000,
          "steps": 7200,
          "batch_size": 128,
          "lr": 0.001,
          "weight_decay": 0.0001,
          "hidden_dim": 128,
          "dropout": 0.1,
          "label_smoothing": 0.0,
          "warmup_steps": 0,
          "grad_clip": 0.0,
          "grad_centralize": false,
          "optimizer": "adam",
          "scheduler": "none",
          "activation": "relu",
          "norm": "none",
          "mixing": "laplacian_blend",
          "arch": "cnn",
          "vit_dim": 64,
          "vit_depth": 2,
          "vit_heads": 4,
          "vit_mixer": "attn",
          "init_scale": 1.0,
          "ema_decay": 0.0,
          "mixup_alpha": 0.0,
          "cutout_size": 0,
          "device": "auto",
          "amp": false,
          "width_mult": 1.0,
          "compile": false,
          "data_dir": "./data",
          "num_workers": 0,
          "log_every": 200,
          "eval_every": 2400
        }
      },
      {
        "seed": 1001,
        "steps": 7200,
        "wall_time_s": 240.0455095070065,
        "steps_per_sec": 29.994312390125526,
        "final_train_loss": 0.15210306984400748,
        "final_train_acc": 0.9440941462567309,
        "best_val_acc": 0.9213,
        "final_val_acc": 0.9213,
        "val_accs": [
          0.9178,
          0.9202,
          0.9213
        ],
        "config": {
          "seed": 1001,
          "steps": 7200,
          "batch_size": 128,
          "lr": 0.001,
          "weight_decay": 0.0001,
          "hidden_dim": 128,
          "dropout": 0.1,
          "label_smoothing": 0.0,
          "warmup_steps": 0,
          "grad_clip": 0.0,
          "grad_centralize": false,
          "optimizer": "adam",
          "scheduler": "none",
          "activation": "relu",
          "norm": "none",
          "mixing": "laplacian_blend",
          "arch": "cnn",
          "vit_dim": 64,
          "vit_depth": 2,
          "vit_heads": 4,
          "vit_mixer": "attn",
          "init_scale": 1.0,
          "ema_decay": 0.0,
          "mixup_alpha": 0.0,
          "cutout_size": 0,
          "device": "auto",
          "amp": false,
          "width_mult": 1.0,
          "compile": false,
          "data_dir": "./data",
          "num_workers": 0,
          "log_every": 200,
          "eval_every": 2400
        }
      },
      {
        "seed": 1002,
        "steps": 7200,
        "wall_time_s": 298.2880654470064,
        "steps_per_sec": 24.137740774879063,
        "final_train_loss": 0.15655366017927885,
        "final_train_acc": 0.9428239534479764,
        "best_val_acc": 0.9235,
        "final_val_acc": 0.9212,
        "val_accs": [
          0.9167,
          0.9235,
          0.9212
        ],
        "config": {
          "seed": 1002,
          "steps": 7200,
          "batch_size": 128,
          "lr": 0.001,
          "weight_decay": 0.0001,
          "hidden_dim": 128,
          "dropout": 0.1,
          "label_smoothing": 0.0,
          "warmup_steps": 0,
          "grad_clip": 0.0,
          "grad_centralize": false,
          "optimizer": "adam",
          "scheduler": "none",
          "activation": "relu",
          "norm": "none",
          "mixing": "laplacian_blend",
          "arch": "cnn",
          "vit_dim": 64,
          "vit_depth": 2,
          "vit_heads": 4,
          "vit_mixer": "attn",
          "init_scale": 1.0,
          "ema_decay": 0.0,
          "mixup_alpha": 0.0,
          "cutout_size": 0,
          "device": "auto",
          "amp": false,
          "width_mult": 1.0,
          "compile": false,
          "data_dir": "./data",
          "num_workers": 0,
          "log_every": 200,
          "eval_every": 2400
        }
      }
    ]
  },
  "verdict": "INCONCLUSIVA",
  "lesson": "Promissora @7200: laplacian.",
  "novelty_note": "NOVEL | escala 3× do exp-028 PROMISSORA."
}
=== exp-070 | exp-032 k5+LS @7200 ===
{
  "id": "exp-070",
  "name": "p032_k5_ls_7200",
  "timestamp_utc": "2026-07-05T23:29:42.251845+00:00",
  "repro_command": "/usr/bin/python3 train_baseline.py --steps 7200 --eval_every 2400 --mixing local_blend_k5 --label_smoothing 0.1 --seed <SEED>",
  "seeds": [
    1000,
    1001,
    1002
  ],
  "config": {
    "seed": 1000,
    "steps": 7200,
    "batch_size": 128,
    "lr": 0.001,
    "weight_decay": 0.0001,
    "hidden_dim": 128,
    "dropout": 0.1,
    "label_smoothing": 0.1,
    "warmup_steps": 0,
    "grad_clip": 0.0,
    "grad_centralize": false,
    "optimizer": "adam",
    "scheduler": "none",
    "activation": "relu",
    "norm": "none",
    "mixing": "local_blend_k5",
    "arch": "cnn",
    "vit_dim": 64,
    "vit_depth": 2,
    "vit_heads": 4,
    "vit_mixer": "attn",
    "init_scale": 1.0,
    "ema_decay": 0.0,
    "mixup_alpha": 0.0,
    "cutout_size": 0,
    "device": "auto",
    "amp": false,
    "width_mult": 1.0,
    "compile": false,
    "data_dir": "./data",
    "num_workers": 0,
    "log_every": 200,
    "eval_every": 2400
  },
  "result": {
    "n_seeds": 3,
    "best_val_acc_mean": 0.9215333333333333,
    "best_val_acc_std": 0.0003055050463303557,
    "wall_time_s_mean": 399.3006826896647,
    "steps_per_sec_mean": 18.04270242371793,
    "per_seed": [
      {
        "seed": 1000,
        "steps": 7200,
        "wall_time_s": 412.9696053779917,
        "steps_per_sec": 17.43469714535003,
        "final_train_loss": 0.6661200397975829,
        "final_train_acc": 0.943769541427827,
        "best_val_acc": 0.9216,
        "final_val_acc": 0.9212,
        "val_accs": [
          0.9152,
          0.9216,
          0.9212
        ],
        "config": {
          "seed": 1000,
          "steps": 7200,
          "batch_size": 128,
          "lr": 0.001,
          "weight_decay": 0.0001,
          "hidden_dim": 128,
          "dropout": 0.1,
          "label_smoothing": 0.1,
          "warmup_steps": 0,
          "grad_clip": 0.0,
          "grad_centralize": false,
          "optimizer": "adam",
          "scheduler": "none",
          "activation": "relu",
          "norm": "none",
          "mixing": "local_blend_k5",
          "arch": "cnn",
          "vit_dim": 64,
          "vit_depth": 2,
          "vit_heads": 4,
          "vit_mixer": "attn",
          "init_scale": 1.0,
          "ema_decay": 0.0,
          "mixup_alpha": 0.0,
          "cutout_size": 0,
          "device": "auto",
          "amp": false,
          "width_mult": 1.0,
          "compile": false,
          "data_dir": "./data",
          "num_workers": 0,
          "log_every": 200,
          "eval_every": 2400
        }
      },
      {
        "seed": 1001,
        "steps": 7200,
        "wall_time_s": 389.3224722779705,
        "steps_per_sec": 18.49366659435807,
        "final_train_loss": 0.6616179530128167,
        "final_train_acc": 0.9447303282959875,
        "best_val_acc": 0.9218,
        "final_val_acc": 0.9208,
        "val_accs": [
          0.914,
          0.9218,
          0.9208
        ],
        "config": {
          "seed": 1001,
          "steps": 7200,
          "batch_size": 128,
          "lr": 0.001,
          "weight_decay": 0.0001,
          "hidden_dim": 128,
          "dropout": 0.1,
          "label_smoothing": 0.1,
          "warmup_steps": 0,
          "grad_clip": 0.0,
          "grad_centralize": false,
          "optimizer": "adam",
          "scheduler": "none",
          "activation": "relu",
          "norm": "none",
          "mixing": "local_blend_k5",
          "arch": "cnn",
          "vit_dim": 64,
          "vit_depth": 2,
          "vit_heads": 4,
          "vit_mixer": "attn",
          "init_scale": 1.0,
          "ema_decay": 0.0,
          "mixup_alpha": 0.0,
          "cutout_size": 0,
          "device": "auto",
          "amp": false,
          "width_mult": 1.0,
          "compile": false,
          "data_dir": "./data",
          "num_workers": 0,
          "log_every": 200,
          "eval_every": 2400
        }
      },
      {
        "seed": 1002,
        "steps": 7200,
        "wall_time_s": 395.609970413032,
        "steps_per_sec": 18.19974353144569,
        "final_train_loss": 0.6737293277885095,
        "final_train_acc": 0.9403454490185861,
        "best_val_acc": 0.9212,
        "final_val_acc": 0.9203,
        "val_accs": [
          0.9118,
          0.9212,
          0.9203
        ],
        "config": {
          "seed": 1002,
          "steps": 7200,
          "batch_size": 128,
          "lr": 0.001,
          "weight_decay": 0.0001,
          "hidden_dim": 128,
          "dropout": 0.1,
          "label_smoothing": 0.1,
          "warmup_steps": 0,
          "grad_clip": 0.0,
          "grad_centralize": false,
          "optimizer": "adam",
          "scheduler": "none",
          "activation": "relu",
          "norm": "none",
          "mixing": "local_blend_k5",
          "arch": "cnn",
          "vit_dim": 64,
          "vit_depth": 2,
          "vit_heads": 4,
          "vit_mixer": "attn",
          "init_scale": 1.0,
          "ema_decay": 0.0,
          "mixup_alpha": 0.0,
          "cutout_size": 0,
          "device": "auto",
          "amp": false,
          "width_mult": 1.0,
          "compile": false,
          "data_dir": "./data",
          "num_workers": 0,
          "log_every": 200,
          "eval_every": 2400
        }
      }
    ]
  },
  "verdict": "INCONCLUSIVA",
  "lesson": "Promissora @7200: k5+LS.",
  "novelty_note": "RECOMB | escala 6× do exp-032 PROMISSORA."
}
=== exp-071 | baseline puro @7200 (referência escala) ===
{
  "id": "exp-071",
  "name": "baseline_7200",
  "timestamp_utc": "2026-07-05T23:37:31.039006+00:00",
  "repro_command": "/usr/bin/python3 train_baseline.py --steps 7200 --eval_every 2400 --seed <SEED>",
  "seeds": [
    1000,
    1001,
    1002
  ],
  "config": {
    "seed": 1000,
    "steps": 7200,
    "batch_size": 128,
    "lr": 0.001,
    "weight_decay": 0.0001,
    "hidden_dim": 128,
    "dropout": 0.1,
    "label_smoothing": 0.0,
    "warmup_steps": 0,
    "grad_clip": 0.0,
    "grad_centralize": false,
    "optimizer": "adam",
    "scheduler": "none",
    "activation": "relu",
    "norm": "none",
    "mixing": "none",
    "arch": "cnn",
    "vit_dim": 64,
    "vit_depth": 2,
    "vit_heads": 4,
    "vit_mixer": "attn",
    "init_scale": 1.0,
    "ema_decay": 0.0,
    "mixup_alpha": 0.0,
    "cutout_size": 0,
    "device": "auto",
    "amp": false,
    "width_mult": 1.0,
    "compile": false,
    "data_dir": "./data",
    "num_workers": 0,
    "log_every": 200,
    "eval_every": 2400
  },
  "result": {
    "n_seeds": 3,
    "best_val_acc_mean": 0.9194,
    "best_val_acc_std": 0.0012489995996796488,
    "wall_time_s_mean": 154.4379417623471,
    "steps_per_sec_mean": 46.68464631713599,
    "per_seed": [
      {
        "seed": 1000,
        "steps": 7200,
        "wall_time_s": 159.4047928780201,
        "steps_per_sec": 45.16802707124115,
        "final_train_loss": 0.17698362286301128,
        "final_train_acc": 0.9356251085634879,
        "best_val_acc": 0.918,
        "final_val_acc": 0.918,
        "val_accs": [
          0.9121,
          0.9173,
          0.918
        ],
        "config": {
          "seed": 1000,
          "steps": 7200,
          "batch_size": 128,
          "lr": 0.001,
          "weight_decay": 0.0001,
          "hidden_dim": 128,
          "dropout": 0.1,
          "label_smoothing": 0.0,
          "warmup_steps": 0,
          "grad_clip": 0.0,
          "grad_centralize": false,
          "optimizer": "adam",
          "scheduler": "none",
          "activation": "relu",
          "norm": "none",
          "mixing": "none",
          "arch": "cnn",
          "vit_dim": 64,
          "vit_depth": 2,
          "vit_heads": 4,
          "vit_mixer": "attn",
          "init_scale": 1.0,
          "ema_decay": 0.0,
          "mixup_alpha": 0.0,
          "cutout_size": 0,
          "device": "auto",
          "amp": false,
          "width_mult": 1.0,
          "compile": false,
          "data_dir": "./data",
          "num_workers": 0,
          "log_every": 200,
          "eval_every": 2400
        }
      },
      {
        "seed": 1001,
        "steps": 7200,
        "wall_time_s": 157.37438983400352,
        "steps_per_sec": 45.750773093350624,
        "final_train_loss": 0.1691920050461766,
        "final_train_acc": 0.9380721295813792,
        "best_val_acc": 0.9198,
        "final_val_acc": 0.9197,
        "val_accs": [
          0.9131,
          0.9198,
          0.9197
        ],
        "config": {
          "seed": 1001,
          "steps": 7200,
          "batch_size": 128,
          "lr": 0.001,
          "weight_decay": 0.0001,
          "hidden_dim": 128,
          "dropout": 0.1,
          "label_smoothing": 0.0,
          "warmup_steps": 0,
          "grad_clip": 0.0,
          "grad_centralize": false,
          "optimizer": "adam",
          "scheduler": "none",
          "activation": "relu",
          "norm": "none",
          "mixing": "none",
          "arch": "cnn",
          "vit_dim": 64,
          "vit_depth": 2,
          "vit_heads": 4,
          "vit_mixer": "attn",
          "init_scale": 1.0,
          "ema_decay": 0.0,
          "mixup_alpha": 0.0,
          "cutout_size": 0,
          "device": "auto",
          "amp": false,
          "width_mult": 1.0,
          "compile": false,
          "data_dir": "./data",
          "num_workers": 0,
          "log_every": 200,
          "eval_every": 2400
        }
      },
      {
        "seed": 1002,
        "steps": 7200,
        "wall_time_s": 146.53464257501764,
        "steps_per_sec": 49.13513878681621,
        "final_train_loss": 0.18249945781474025,
        "final_train_acc": 0.9334299548375891,
        "best_val_acc": 0.9204,
        "final_val_acc": 0.9149,
        "val_accs": [
          0.9033,
          0.9204,
          0.9149
        ],
        "config": {
          "seed": 1002,
          "steps": 7200,
          "batch_size": 128,
          "lr": 0.001,
          "weight_decay": 0.0001,
          "hidden_dim": 128,
          "dropout": 0.1,
          "label_smoothing": 0.0,
          "warmup_steps": 0,
          "grad_clip": 0.0,
          "grad_centralize": false,
          "optimizer": "adam",
          "scheduler": "none",
          "activation": "relu",
          "norm": "none",
          "mixing": "none",
          "arch": "cnn",
          "vit_dim": 64,
          "vit_depth": 2,
          "vit_heads": 4,
          "vit_mixer": "attn",
          "init_scale": 1.0,
          "ema_decay": 0.0,
          "mixup_alpha": 0.0,
          "cutout_size": 0,
          "device": "auto",
          "amp": false,
          "width_mult": 1.0,
          "compile": false,
          "data_dir": "./data",
          "num_workers": 0,
          "log_every": 200,
          "eval_every": 2400
        }
      }
    ]
  },
  "verdict": "INCONCLUSIVA",
  "lesson": "Baseline escala máxima fase 1.",
  "novelty_note": "BASELINE | referência @7200 para ranking promissoras."
}
========== FASE 2: TOP-4 PROMISSORAS @9600 (escala absoluta) ==========
=== exp-072 | exp-027 blend+LS @9600 ===
{
  "id": "exp-072",
  "name": "p027_blend_ls_9600",
  "timestamp_utc": "2026-07-05T23:56:44.392666+00:00",
  "repro_command": "/usr/bin/python3 train_baseline.py --steps 9600 --eval_every 3200 --mixing local_blend --label_smoothing 0.1 --seed <SEED>",
  "seeds": [
    1000,
    1001,
    1002
  ],
  "config": {
    "seed": 1000,
    "steps": 9600,
    "batch_size": 128,
    "lr": 0.001,
    "weight_decay": 0.0001,
    "hidden_dim": 128,
    "dropout": 0.1,
    "label_smoothing": 0.1,
    "warmup_steps": 0,
    "grad_clip": 0.0,
    "grad_centralize": false,
    "optimizer": "adam",
    "scheduler": "none",
    "activation": "relu",
    "norm": "none",
    "mixing": "local_blend",
    "arch": "cnn",
    "vit_dim": 64,
    "vit_depth": 2,
    "vit_heads": 4,
    "vit_mixer": "attn",
    "init_scale": 1.0,
    "ema_decay": 0.0,
    "mixup_alpha": 0.0,
    "cutout_size": 0,
    "device": "auto",
    "amp": false,
    "width_mult": 1.0,
    "compile": false,
    "data_dir": "./data",
    "num_workers": 0,
    "log_every": 200,
    "eval_every": 3200
  },
  "result": {
    "n_seeds": 3,
    "best_val_acc_mean": 0.9233666666666667,
    "best_val_acc_std": 0.0018448125469362417,
    "wall_time_s_mean": 382.56207069801167,
    "steps_per_sec_mean": 25.35983472503117,
    "per_seed": [
      {
        "seed": 1000,
        "steps": 9600,
        "wall_time_s": 409.65004145901185,
        "steps_per_sec": 23.434636954529743,
        "final_train_loss": 0.6423791079144728,
        "final_train_acc": 0.9545441961959353,
        "best_val_acc": 0.9229,
        "final_val_acc": 0.9229,
        "val_accs": [
          0.9192,
          0.9226,
          0.9229
        ],
        "config": {
          "seed": 1000,
          "steps": 9600,
          "batch_size": 128,
          "lr": 0.001,
          "weight_decay": 0.0001,
          "hidden_dim": 128,
          "dropout": 0.1,
          "label_smoothing": 0.1,
          "warmup_steps": 0,
          "grad_clip": 0.0,
          "grad_centralize": false,
          "optimizer": "adam",
          "scheduler": "none",
          "activation": "relu",
          "norm": "none",
          "mixing": "local_blend",
          "arch": "cnn",
          "vit_dim": 64,
          "vit_depth": 2,
          "vit_heads": 4,
          "vit_mixer": "attn",
          "init_scale": 1.0,
          "ema_decay": 0.0,
          "mixup_alpha": 0.0,
          "cutout_size": 0,
          "device": "auto",
          "amp": false,
          "width_mult": 1.0,
          "compile": false,
          "data_dir": "./data",
          "num_workers": 0,
          "log_every": 200,
          "eval_every": 3200
        }
      },
      {
        "seed": 1001,
        "steps": 9600,
        "wall_time_s": 329.13664713001344,
        "steps_per_sec": 29.167216971156268,
        "final_train_loss": 0.6386109901769761,
        "final_train_acc": 0.9563004820218864,
        "best_val_acc": 0.9218,
        "final_val_acc": 0.9218,
        "val_accs": [
          0.921,
          0.9137,
          0.9218
        ],
        "config": {
          "seed": 1001,
          "steps": 9600,
          "batch_size": 128,
          "lr": 0.001,
          "weight_decay": 0.0001,
          "hidden_dim": 128,
          "dropout": 0.1,
          "label_smoothing": 0.1,
          "warmup_steps": 0,
          "grad_clip": 0.0,
          "grad_centralize": false,
          "optimizer": "adam",
          "scheduler": "none",
          "activation": "relu",
          "norm": "none",
          "mixing": "local_blend",
          "arch": "cnn",
          "vit_dim": 64,
          "vit_depth": 2,
          "vit_heads": 4,
          "vit_mixer": "attn",
          "init_scale": 1.0,
          "ema_decay": 0.0,
          "mixup_alpha": 0.0,
          "cutout_size": 0,
          "device": "auto",
          "amp": false,
          "width_mult": 1.0,
          "compile": false,
          "data_dir": "./data",
          "num_workers": 0,
          "log_every": 200,
          "eval_every": 3200
        }
      },
      {
        "seed": 1002,
        "steps": 9600,
        "wall_time_s": 408.8995235050097,
        "steps_per_sec": 23.477650249407503,
        "final_train_loss": 0.6407163160831248,
        "final_train_acc": 0.9552631578947368,
        "best_val_acc": 0.9254,
        "final_val_acc": 0.9247,
        "val_accs": [
          0.9208,
          0.9254,
          0.9247
        ],
        "config": {
          "seed": 1002,
          "steps": 9600,
          "batch_size": 128,
          "lr": 0.001,
          "weight_decay": 0.0001,
          "hidden_dim": 128,
          "dropout": 0.1,
          "label_smoothing": 0.1,
          "warmup_steps": 0,
          "grad_clip": 0.0,
          "grad_centralize": false,
          "optimizer": "adam",
          "scheduler": "none",
          "activation": "relu",
          "norm": "none",
          "mixing": "local_blend",
          "arch": "cnn",
          "vit_dim": 64,
          "vit_depth": 2,
          "vit_heads": 4,
          "vit_mixer": "attn",
          "init_scale": 1.0,
          "ema_decay": 0.0,
          "mixup_alpha": 0.0,
          "cutout_size": 0,
          "device": "auto",
          "amp": false,
          "width_mult": 1.0,
          "compile": false,
          "data_dir": "./data",
          "num_workers": 0,
          "log_every": 200,
          "eval_every": 3200
        }
      }
    ]
  },
  "verdict": "INCONCLUSIVA",
  "lesson": "Top promissora @9600.",
  "novelty_note": "RECOMB | push escala exp-027."
}
=== exp-073 | exp-026 k5 @9600 ===
{
  "id": "exp-073",
  "name": "p026_k5_9600",
  "timestamp_utc": "2026-07-06T00:23:38.627529+00:00",
  "repro_command": "/usr/bin/python3 train_baseline.py --steps 9600 --eval_every 3200 --mixing local_blend_k5 --seed <SEED>",
  "seeds": [
    1000,
    1001,
    1002
  ],
  "config": {
    "seed": 1000,
    "steps": 9600,
    "batch_size": 128,
    "lr": 0.001,
    "weight_decay": 0.0001,
    "hidden_dim": 128,
    "dropout": 0.1,
    "label_smoothing": 0.0,
    "warmup_steps": 0,
    "grad_clip": 0.0,
    "grad_centralize": false,
    "optimizer": "adam",
    "scheduler": "none",
    "activation": "relu",
    "norm": "none",
    "mixing": "local_blend_k5",
    "arch": "cnn",
    "vit_dim": 64,
    "vit_depth": 2,
    "vit_heads": 4,
    "vit_mixer": "attn",
    "init_scale": 1.0,
    "ema_decay": 0.0,
    "mixup_alpha": 0.0,
    "cutout_size": 0,
    "device": "auto",
    "amp": false,
    "width_mult": 1.0,
    "compile": false,
    "data_dir": "./data",
    "num_workers": 0,
    "log_every": 200,
    "eval_every": 3200
  },
  "result": {
    "n_seeds": 3,
    "best_val_acc_mean": 0.9208999999999999,
    "best_val_acc_std": 0.0038223029707232774,
    "wall_time_s_mean": 536.1282426303175,
    "steps_per_sec_mean": 17.917941493080658,
    "per_seed": [
      {
        "seed": 1000,
        "steps": 9600,
        "wall_time_s": 544.7413594119716,
        "steps_per_sec": 17.623042264246006,
        "final_train_loss": 0.13803556927209482,
        "final_train_acc": 0.9494748241271496,
        "best_val_acc": 0.9165,
        "final_val_acc": 0.9165,
        "val_accs": [
          0.9138,
          0.9133,
          0.9165
        ],
        "config": {
          "seed": 1000,
          "steps": 9600,
          "batch_size": 128,
          "lr": 0.001,
          "weight_decay": 0.0001,
          "hidden_dim": 128,
          "dropout": 0.1,
          "label_smoothing": 0.0,
          "warmup_steps": 0,
          "grad_clip": 0.0,
          "grad_centralize": false,
          "optimizer": "adam",
          "scheduler": "none",
          "activation": "relu",
          "norm": "none",
          "mixing": "local_blend_k5",
          "arch": "cnn",
          "vit_dim": 64,
          "vit_depth": 2,
          "vit_heads": 4,
          "vit_mixer": "attn",
          "init_scale": 1.0,
          "ema_decay": 0.0,
          "mixup_alpha": 0.0,
          "cutout_size": 0,
          "device": "auto",
          "amp": false,
          "width_mult": 1.0,
          "compile": false,
          "data_dir": "./data",
          "num_workers": 0,
          "log_every": 200,
          "eval_every": 3200
        }
      },
      {
        "seed": 1001,
        "steps": 9600,
        "wall_time_s": 516.8967193409917,
        "steps_per_sec": 18.572375565159998,
        "final_train_loss": 0.1295777318019317,
        "final_train_acc": 0.9522749478895258,
        "best_val_acc": 0.9234,
        "final_val_acc": 0.9172,
        "val_accs": [
          0.9186,
          0.9234,
          0.9172
        ],
        "config": {
          "seed": 1001,
          "steps": 9600,
          "batch_size": 128,
          "lr": 0.001,
          "weight_decay": 0.0001,
          "hidden_dim": 128,
          "dropout": 0.1,
          "label_smoothing": 0.0,
          "warmup_steps": 0,
          "grad_clip": 0.0,
          "grad_centralize": false,
          "optimizer": "adam",
          "scheduler": "none",
          "activation": "relu",
          "norm": "none",
          "mixing": "local_blend_k5",
          "arch": "cnn",
          "vit_dim": 64,
          "vit_depth": 2,
          "vit_heads": 4,
          "vit_mixer": "attn",
          "init_scale": 1.0,
          "ema_decay": 0.0,
          "mixup_alpha": 0.0,
          "cutout_size": 0,
          "device": "auto",
          "amp": false,
          "width_mult": 1.0,
          "compile": false,
          "data_dir": "./data",
          "num_workers": 0,
          "log_every": 200,
          "eval_every": 3200
        }
      },
      {
        "seed": 1002,
        "steps": 9600,
        "wall_time_s": 546.7466491379892,
        "steps_per_sec": 17.558406649835966,
        "final_train_loss": 0.13823223014125807,
        "final_train_acc": 0.9497769020323085,
        "best_val_acc": 0.9228,
        "final_val_acc": 0.9216,
        "val_accs": [
          0.921,
          0.9228,
          0.9216
        ],
        "config": {
          "seed": 1002,
          "steps": 9600,
          "batch_size": 128,
          "lr": 0.001,
          "weight_decay": 0.0001,
          "hidden_dim": 128,
          "dropout": 0.1,
          "label_smoothing": 0.0,
          "warmup_steps": 0,
          "grad_clip": 0.0,
          "grad_centralize": false,
          "optimizer": "adam",
          "scheduler": "none",
          "activation": "relu",
          "norm": "none",
          "mixing": "local_blend_k5",
          "arch": "cnn",
          "vit_dim": 64,
          "vit_depth": 2,
          "vit_heads": 4,
          "vit_mixer": "attn",
          "init_scale": 1.0,
          "ema_decay": 0.0,
          "mixup_alpha": 0.0,
          "cutout_size": 0,
          "device": "auto",
          "amp": false,
          "width_mult": 1.0,
          "compile": false,
          "data_dir": "./data",
          "num_workers": 0,
          "log_every": 200,
          "eval_every": 3200
        }
      }
    ]
  },
  "verdict": "INCONCLUSIVA",
  "lesson": "Top promissora k5 @9600.",
  "novelty_note": "NOVEL | push escala exp-026."
}
=== exp-074 | exp-018 local_blend @9600 ===
