=== exp-055 HYBRID tri_scale+LS+wc @4800 (REVOLUCIONÁRIO) ===
{
  "id": "exp-055",
  "name": "hybrid_tri_ls_wc_4800",
  "timestamp_utc": "2026-07-05T18:39:29.490462+00:00",
  "repro_command": "/usr/bin/python3 train_baseline.py --steps 4800 --eval_every 1600 --arch hybrid_blend --mixing tri_scale_blend --label_smoothing 0.1 --warmup_steps 100 --scheduler cosine --seed <SEED>",
  "seeds": [
    1000,
    1001,
    1002
  ],
  "config": {
    "seed": 1000,
    "steps": 4800,
    "batch_size": 128,
    "lr": 0.001,
    "weight_decay": 0.0001,
    "hidden_dim": 128,
    "dropout": 0.1,
    "label_smoothing": 0.1,
    "warmup_steps": 100,
    "grad_clip": 0.0,
    "grad_centralize": false,
    "optimizer": "adam",
    "scheduler": "cosine",
    "activation": "relu",
    "norm": "none",
    "mixing": "tri_scale_blend",
    "arch": "hybrid_blend",
    "vit_dim": 64,
    "vit_depth": 2,
    "vit_heads": 4,
    "vit_mixer": "attn",
    "init_scale": 1.0,
    "ema_decay": 0.0,
    "mixup_alpha": 0.0,
    "cutout_size": 0,
    "data_dir": "./data",
    "num_workers": 0,
    "log_every": 200,
    "eval_every": 1600
  },
  "result": {
    "n_seeds": 3,
    "best_val_acc_mean": 0.8947333333333333,
    "best_val_acc_std": 0.0006658328118479299,
    "wall_time_s_mean": 482.1267333756744,
    "steps_per_sec_mean": 9.967418152458789,
    "per_seed": [
      {
        "seed": 1000,
        "steps": 4800,
        "wall_time_s": 496.8637641260284,
        "steps_per_sec": 9.66059581431358,
        "final_train_loss": 0.8596284435682461,
        "final_train_acc": 0.8545482673267327,
        "best_val_acc": 0.8955,
        "final_val_acc": 0.8955,
        "val_accs": [
          0.8617,
          0.8914,
          0.8955
        ],
        "config": {
          "seed": 1000,
          "steps": 4800,
          "batch_size": 128,
          "lr": 0.001,
          "weight_decay": 0.0001,
          "hidden_dim": 128,
          "dropout": 0.1,
          "label_smoothing": 0.1,
          "warmup_steps": 100,
          "grad_clip": 0.0,
          "grad_centralize": false,
          "optimizer": "adam",
          "scheduler": "cosine",
          "activation": "relu",
          "norm": "none",
          "mixing": "tri_scale_blend",
          "arch": "hybrid_blend",
          "vit_dim": 64,
          "vit_depth": 2,
          "vit_heads": 4,
          "vit_mixer": "attn",
          "init_scale": 1.0,
          "ema_decay": 0.0,
          "mixup_alpha": 0.0,
          "cutout_size": 0,
          "data_dir": "./data",
          "num_workers": 0,
          "log_every": 200,
          "eval_every": 1600
        }
      },
      {
        "seed": 1001,
        "steps": 4800,
        "wall_time_s": 489.991534661036,
        "steps_per_sec": 9.79608760653492,
        "final_train_loss": 0.8573697191187961,
        "final_train_acc": 0.8567662193850965,
        "best_val_acc": 0.8944,
        "final_val_acc": 0.8944,
        "val_accs": [
          0.8676,
          0.8877,
          0.8944
        ],
        "config": {
          "seed": 1001,
          "steps": 4800,
          "batch_size": 128,
          "lr": 0.001,
          "weight_decay": 0.0001,
          "hidden_dim": 128,
          "dropout": 0.1,
          "label_smoothing": 0.1,
          "warmup_steps": 100,
          "grad_clip": 0.0,
          "grad_centralize": false,
          "optimizer": "adam",
          "scheduler": "cosine",
          "activation": "relu",
          "norm": "none",
          "mixing": "tri_scale_blend",
          "arch": "hybrid_blend",
          "vit_dim": 64,
          "vit_depth": 2,
          "vit_heads": 4,
          "vit_mixer": "attn",
          "init_scale": 1.0,
          "ema_decay": 0.0,
          "mixup_alpha": 0.0,
          "cutout_size": 0,
          "data_dir": "./data",
          "num_workers": 0,
          "log_every": 200,
          "eval_every": 1600
        }
      },
      {
        "seed": 1002,
        "steps": 4800,
        "wall_time_s": 459.5249013399589,
        "steps_per_sec": 10.445571036527866,
        "final_train_loss": 0.8585690628525613,
        "final_train_acc": 0.8549032699322564,
        "best_val_acc": 0.8943,
        "final_val_acc": 0.8943,
        "val_accs": [
          0.8707,
          0.8887,
          0.8943
        ],
        "config": {
          "seed": 1002,
          "steps": 4800,
          "batch_size": 128,
          "lr": 0.001,
          "weight_decay": 0.0001,
          "hidden_dim": 128,
          "dropout": 0.1,
          "label_smoothing": 0.1,
          "warmup_steps": 100,
          "grad_clip": 0.0,
          "grad_centralize": false,
          "optimizer": "adam",
          "scheduler": "cosine",
          "activation": "relu",
          "norm": "none",
          "mixing": "tri_scale_blend",
          "arch": "hybrid_blend",
          "vit_dim": 64,
          "vit_depth": 2,
          "vit_heads": 4,
          "vit_mixer": "attn",
          "init_scale": 1.0,
          "ema_decay": 0.0,
          "mixup_alpha": 0.0,
          "cutout_size": 0,
          "data_dir": "./data",
          "num_workers": 0,
          "log_every": 200,
          "eval_every": 1600
        }
      }
    ]
  },
  "verdict": "INCONCLUSIVA",
  "lesson": "Arquitetura híbrida ATLAS.",
  "novelty_note": "NOVEL REVOLUCIONÁRIO | HybridBlendNet: tri_scale spatial + TokenBlendMS sobre 49 tokens espaciais. vs ViT: features CNN; vs CNN: mixing O(N) entre posições; vs ConvMixer: gate adaptativo+multi-scale."
}
=== exp-056 HYBRID multi_scale+LS+wc @4800 ===
{
  "id": "exp-056",
  "name": "hybrid_ms_ls_wc_4800",
  "timestamp_utc": "2026-07-05T18:56:49.067507+00:00",
  "repro_command": "/usr/bin/python3 train_baseline.py --steps 4800 --eval_every 1600 --arch hybrid_blend --mixing multi_scale_blend --label_smoothing 0.1 --warmup_steps 100 --scheduler cosine --seed <SEED>",
  "seeds": [
    1000,
    1001,
    1002
  ],
  "config": {
    "seed": 1000,
    "steps": 4800,
    "batch_size": 128,
    "lr": 0.001,
    "weight_decay": 0.0001,
    "hidden_dim": 128,
    "dropout": 0.1,
    "label_smoothing": 0.1,
    "warmup_steps": 100,
    "grad_clip": 0.0,
    "grad_centralize": false,
    "optimizer": "adam",
    "scheduler": "cosine",
    "activation": "relu",
    "norm": "none",
    "mixing": "multi_scale_blend",
    "arch": "hybrid_blend",
    "vit_dim": 64,
    "vit_depth": 2,
    "vit_heads": 4,
    "vit_mixer": "attn",
    "init_scale": 1.0,
    "ema_decay": 0.0,
    "mixup_alpha": 0.0,
    "cutout_size": 0,
    "data_dir": "./data",
    "num_workers": 0,
    "log_every": 200,
    "eval_every": 1600
  },
  "result": {
    "n_seeds": 3,
    "best_val_acc_mean": 0.8914333333333333,
    "best_val_acc_std": 0.0048993196806631865,
    "wall_time_s_mean": 344.49211756597896,
    "steps_per_sec_mean": 14.026506953891316,
    "per_seed": [
      {
        "seed": 1000,
        "steps": 4800,
        "wall_time_s": 384.9269043999957,
        "steps_per_sec": 12.469899986549377,
        "final_train_loss": 0.871272690970802,
        "final_train_acc": 0.8506709223553934,
        "best_val_acc": 0.8903,
        "final_val_acc": 0.8903,
        "val_accs": [
          0.8559,
          0.8826,
          0.8903
        ],
        "config": {
          "seed": 1000,
          "steps": 4800,
          "batch_size": 128,
          "lr": 0.001,
          "weight_decay": 0.0001,
          "hidden_dim": 128,
          "dropout": 0.1,
          "label_smoothing": 0.1,
          "warmup_steps": 100,
          "grad_clip": 0.0,
          "grad_centralize": false,
          "optimizer": "adam",
          "scheduler": "cosine",
          "activation": "relu",
          "norm": "none",
          "mixing": "multi_scale_blend",
          "arch": "hybrid_blend",
          "vit_dim": 64,
          "vit_depth": 2,
          "vit_heads": 4,
          "vit_mixer": "attn",
          "init_scale": 1.0,
          "ema_decay": 0.0,
          "mixup_alpha": 0.0,
          "cutout_size": 0,
          "data_dir": "./data",
          "num_workers": 0,
          "log_every": 200,
          "eval_every": 1600
        }
      },
      {
        "seed": 1001,
        "steps": 4800,
        "wall_time_s": 320.021698410972,
        "steps_per_sec": 14.998982955948936,
        "final_train_loss": 0.8705909773109479,
        "final_train_acc": 0.8519769411151642,
        "best_val_acc": 0.8968,
        "final_val_acc": 0.8968,
        "val_accs": [
          0.8648,
          0.887,
          0.8968
        ],
        "config": {
          "seed": 1001,
          "steps": 4800,
          "batch_size": 128,
          "lr": 0.001,
          "weight_decay": 0.0001,
          "hidden_dim": 128,
          "dropout": 0.1,
          "label_smoothing": 0.1,
          "warmup_steps": 100,
          "grad_clip": 0.0,
          "grad_centralize": false,
          "optimizer": "adam",
          "scheduler": "cosine",
          "activation": "relu",
          "norm": "none",
          "mixing": "multi_scale_blend",
          "arch": "hybrid_blend",
          "vit_dim": 64,
          "vit_depth": 2,
          "vit_heads": 4,
          "vit_mixer": "attn",
          "init_scale": 1.0,
          "ema_decay": 0.0,
          "mixup_alpha": 0.0,
          "cutout_size": 0,
          "data_dir": "./data",
          "num_workers": 0,
          "log_every": 200,
          "eval_every": 1600
        }
      },
      {
        "seed": 1002,
        "steps": 4800,
        "wall_time_s": 328.5277498869691,
        "steps_per_sec": 14.610637919175636,
        "final_train_loss": 0.8852002044001117,
        "final_train_acc": 0.8436620635747786,
        "best_val_acc": 0.8872,
        "final_val_acc": 0.8872,
        "val_accs": [
          0.861,
          0.882,
          0.8872
        ],
        "config": {
          "seed": 1002,
          "steps": 4800,
          "batch_size": 128,
          "lr": 0.001,
          "weight_decay": 0.0001,
          "hidden_dim": 128,
          "dropout": 0.1,
          "label_smoothing": 0.1,
          "warmup_steps": 100,
          "grad_clip": 0.0,
          "grad_centralize": false,
          "optimizer": "adam",
          "scheduler": "cosine",
          "activation": "relu",
          "norm": "none",
          "mixing": "multi_scale_blend",
          "arch": "hybrid_blend",
          "vit_dim": 64,
          "vit_depth": 2,
          "vit_heads": 4,
          "vit_mixer": "attn",
          "init_scale": 1.0,
          "ema_decay": 0.0,
          "mixup_alpha": 0.0,
          "cutout_size": 0,
          "data_dir": "./data",
          "num_workers": 0,
          "log_every": 200,
          "eval_every": 1600
        }
      }
    ]
  },
  "verdict": "INCONCLUSIVA",
  "lesson": "Hybrid + multi_scale.",
  "novelty_note": "NOVEL | Hybrid com multi_scale (campeão CNN)."
}
=== exp-057 tri_scale @9600 (recorde absoluto) ===
