=== exp-053 tri_scale @7200 (ataque ao recorde 92.90%) ===
{
  "id": "exp-053",
  "name": "tri_scale_ls_wc_7200",
  "timestamp_utc": "2026-07-05T17:51:55.762619+00:00",
  "repro_command": "/usr/bin/python3 train_baseline.py --steps 7200 --eval_every 2400 --mixing tri_scale_blend --label_smoothing 0.1 --warmup_steps 150 --scheduler cosine --seed <SEED>",
  "seeds": [
    1000,
    1001,
    1002
  ],
  "config": {
    "seed": 1000,
    "steps": 7200,
    "batch_size": 128,
    "lr": 0.001,
    "weight_decay": 0.0001,
    "hidden_dim": 128,
    "dropout": 0.1,
    "label_smoothing": 0.1,
    "warmup_steps": 150,
    "grad_clip": 0.0,
    "grad_centralize": false,
    "optimizer": "adam",
    "scheduler": "cosine",
    "activation": "relu",
    "norm": "none",
    "mixing": "tri_scale_blend",
    "arch": "cnn",
    "vit_dim": 64,
    "vit_depth": 2,
    "vit_heads": 4,
    "vit_mixer": "attn",
    "init_scale": 1.0,
    "ema_decay": 0.0,
    "mixup_alpha": 0.0,
    "cutout_size": 0,
    "data_dir": "./data",
    "num_workers": 0,
    "log_every": 200,
    "eval_every": 2400
  },
  "result": {
    "n_seeds": 3,
    "best_val_acc_mean": 0.9297666666666666,
    "best_val_acc_std": 0.00050332229568472,
    "wall_time_s_mean": 647.4701105270069,
    "steps_per_sec_mean": 11.141097188018609,
    "per_seed": [
      {
        "seed": 1000,
        "steps": 7200,
        "wall_time_s": 687.6330010269885,
        "steps_per_sec": 10.470701652257397,
        "final_train_loss": 0.6423193994901113,
        "final_train_acc": 0.9518814052457877,
        "best_val_acc": 0.9297,
        "final_val_acc": 0.9297,
        "val_accs": [
          0.917,
          0.925,
          0.9297
        ],
        "config": {
          "seed": 1000,
          "steps": 7200,
          "batch_size": 128,
          "lr": 0.001,
          "weight_decay": 0.0001,
          "hidden_dim": 128,
          "dropout": 0.1,
          "label_smoothing": 0.1,
          "warmup_steps": 150,
          "grad_clip": 0.0,
          "grad_centralize": false,
          "optimizer": "adam",
          "scheduler": "cosine",
          "activation": "relu",
          "norm": "none",
          "mixing": "tri_scale_blend",
          "arch": "cnn",
          "vit_dim": 64,
          "vit_depth": 2,
          "vit_heads": 4,
          "vit_mixer": "attn",
          "init_scale": 1.0,
          "ema_decay": 0.0,
          "mixup_alpha": 0.0,
          "cutout_size": 0,
          "data_dir": "./data",
          "num_workers": 0,
          "log_every": 200,
          "eval_every": 2400
        }
      },
      {
        "seed": 1001,
        "steps": 7200,
        "wall_time_s": 629.6958935510484,
        "steps_per_sec": 11.434090763077698,
        "final_train_loss": 0.6381450771954152,
        "final_train_acc": 0.9542687163453187,
        "best_val_acc": 0.9293,
        "final_val_acc": 0.9293,
        "val_accs": [
          0.9209,
          0.9273,
          0.9293
        ],
        "config": {
          "seed": 1001,
          "steps": 7200,
          "batch_size": 128,
          "lr": 0.001,
          "weight_decay": 0.0001,
          "hidden_dim": 128,
          "dropout": 0.1,
          "label_smoothing": 0.1,
          "warmup_steps": 150,
          "grad_clip": 0.0,
          "grad_centralize": false,
          "optimizer": "adam",
          "scheduler": "cosine",
          "activation": "relu",
          "norm": "none",
          "mixing": "tri_scale_blend",
          "arch": "cnn",
          "vit_dim": 64,
          "vit_depth": 2,
          "vit_heads": 4,
          "vit_mixer": "attn",
          "init_scale": 1.0,
          "ema_decay": 0.0,
          "mixup_alpha": 0.0,
          "cutout_size": 0,
          "data_dir": "./data",
          "num_workers": 0,
          "log_every": 200,
          "eval_every": 2400
        }
      },
      {
        "seed": 1002,
        "steps": 7200,
        "wall_time_s": 625.0814370029839,
        "steps_per_sec": 11.51849914872073,
        "final_train_loss": 0.6397583233102941,
        "final_train_acc": 0.952723857912107,
        "best_val_acc": 0.9303,
        "final_val_acc": 0.9303,
        "val_accs": [
          0.9196,
          0.9294,
          0.9303
        ],
        "config": {
          "seed": 1002,
          "steps": 7200,
          "batch_size": 128,
          "lr": 0.001,
          "weight_decay": 0.0001,
          "hidden_dim": 128,
          "dropout": 0.1,
          "label_smoothing": 0.1,
          "warmup_steps": 150,
          "grad_clip": 0.0,
          "grad_centralize": false,
          "optimizer": "adam",
          "scheduler": "cosine",
          "activation": "relu",
          "norm": "none",
          "mixing": "tri_scale_blend",
          "arch": "cnn",
          "vit_dim": 64,
          "vit_depth": 2,
          "vit_heads": 4,
          "vit_mixer": "attn",
          "init_scale": 1.0,
          "ema_decay": 0.0,
          "mixup_alpha": 0.0,
          "cutout_size": 0,
          "data_dir": "./data",
          "num_workers": 0,
          "log_every": 200,
          "eval_every": 2400
        }
      }
    ]
  },
  "verdict": "INCONCLUSIVA",
  "lesson": "Regra 3 do tri_scale.",
  "novelty_note": "NOVEL | tri-scale escala 1.5x."
}
=== exp-054 ViT token_blend compute-justo (3400 steps = mesmo wall-time que attn 2400) ===
{
  "id": "exp-054",
  "name": "vit_token_blend_3400_computefair",
  "timestamp_utc": "2026-07-05T17:56:46.683876+00:00",
  "repro_command": "/usr/bin/python3 train_baseline.py --steps 3400 --eval_every 1133 --arch vit --vit_mixer token_blend --label_smoothing 0.1 --warmup_steps 140 --scheduler cosine --seed <SEED>",
  "seeds": [
    1000,
    1001,
    1002
  ],
  "config": {
    "seed": 1000,
    "steps": 3400,
    "batch_size": 128,
    "lr": 0.001,
    "weight_decay": 0.0001,
    "hidden_dim": 128,
    "dropout": 0.1,
    "label_smoothing": 0.1,
    "warmup_steps": 140,
    "grad_clip": 0.0,
    "grad_centralize": false,
    "optimizer": "adam",
    "scheduler": "cosine",
    "activation": "relu",
    "norm": "none",
    "mixing": "none",
    "arch": "vit",
    "vit_dim": 64,
    "vit_depth": 2,
    "vit_heads": 4,
    "vit_mixer": "token_blend",
    "init_scale": 1.0,
    "ema_decay": 0.0,
    "mixup_alpha": 0.0,
    "cutout_size": 0,
    "data_dir": "./data",
    "num_workers": 0,
    "log_every": 200,
    "eval_every": 1133
  },
  "result": {
    "n_seeds": 3,
    "best_val_acc_mean": 0.8764333333333334,
    "best_val_acc_std": 0.0007371114795831809,
    "wall_time_s_mean": 95.00753430234424,
    "steps_per_sec_mean": 39.631212334821676,
    "per_seed": [
      {
        "seed": 1000,
        "steps": 3400,
        "wall_time_s": 67.66178752400447,
        "steps_per_sec": 50.24992871779773,
        "final_train_loss": 0.9377742565854236,
        "final_train_acc": 0.8137299529169425,
        "best_val_acc": 0.877,
        "final_val_acc": 0.877,
        "val_accs": [
          0.8244,
          0.8692,
          0.877,
          0.877
        ],
        "config": {
          "seed": 1000,
          "steps": 3400,
          "batch_size": 128,
          "lr": 0.001,
          "weight_decay": 0.0001,
          "hidden_dim": 128,
          "dropout": 0.1,
          "label_smoothing": 0.1,
          "warmup_steps": 140,
          "grad_clip": 0.0,
          "grad_centralize": false,
          "optimizer": "adam",
          "scheduler": "cosine",
          "activation": "relu",
          "norm": "none",
          "mixing": "none",
          "arch": "vit",
          "vit_dim": 64,
          "vit_depth": 2,
          "vit_heads": 4,
          "vit_mixer": "token_blend",
          "init_scale": 1.0,
          "ema_decay": 0.0,
          "mixup_alpha": 0.0,
          "cutout_size": 0,
          "data_dir": "./data",
          "num_workers": 0,
          "log_every": 200,
          "eval_every": 1133
        }
      },
      {
        "seed": 1001,
        "steps": 3400,
        "wall_time_s": 141.01159390399698,
        "steps_per_sec": 24.111492579218528,
        "final_train_loss": 0.9396973274352753,
        "final_train_acc": 0.8131092290149342,
        "best_val_acc": 0.8767,
        "final_val_acc": 0.8767,
        "val_accs": [
          0.8318,
          0.8622,
          0.8767,
          0.8767
        ],
        "config": {
          "seed": 1001,
          "steps": 3400,
          "batch_size": 128,
          "lr": 0.001,
          "weight_decay": 0.0001,
          "hidden_dim": 128,
          "dropout": 0.1,
          "label_smoothing": 0.1,
          "warmup_steps": 140,
          "grad_clip": 0.0,
          "grad_centralize": false,
          "optimizer": "adam",
          "scheduler": "cosine",
          "activation": "relu",
          "norm": "none",
          "mixing": "none",
          "arch": "vit",
          "vit_dim": 64,
          "vit_depth": 2,
          "vit_heads": 4,
          "vit_mixer": "token_blend",
          "init_scale": 1.0,
          "ema_decay": 0.0,
          "mixup_alpha": 0.0,
          "cutout_size": 0,
          "data_dir": "./data",
          "num_workers": 0,
          "log_every": 200,
          "eval_every": 1133
        }
      },
      {
        "seed": 1002,
        "steps": 3400,
        "wall_time_s": 76.34922147903126,
        "steps_per_sec": 44.53221570744876,
        "final_train_loss": 0.9416553501497696,
        "final_train_acc": 0.8122218237328036,
        "best_val_acc": 0.8756,
        "final_val_acc": 0.8756,
        "val_accs": [
          0.8239,
          0.8653,
          0.8756,
          0.8756
        ],
        "config": {
          "seed": 1002,
          "steps": 3400,
          "batch_size": 128,
          "lr": 0.001,
          "weight_decay": 0.0001,
          "hidden_dim": 128,
          "dropout": 0.1,
          "label_smoothing": 0.1,
          "warmup_steps": 140,
          "grad_clip": 0.0,
          "grad_centralize": false,
          "optimizer": "adam",
          "scheduler": "cosine",
          "activation": "relu",
          "norm": "none",
          "mixing": "none",
          "arch": "vit",
          "vit_dim": 64,
          "vit_depth": 2,
          "vit_heads": 4,
          "vit_mixer": "token_blend",
          "init_scale": 1.0,
          "ema_decay": 0.0,
          "mixup_alpha": 0.0,
          "cutout_size": 0,
          "data_dir": "./data",
          "num_workers": 0,
          "log_every": 200,
          "eval_every": 1133
        }
      }
    ]
  },
  "verdict": "INCONCLUSIVA",
  "lesson": "Regra 2: mesmo budget de COMPUTE (wall-time).",
  "novelty_note": "NOVEL | comparação compute-justa: token_blend 50sps vs attn 35.5sps => 3400 steps no mesmo tempo."
}
=== BATCH 6 DONE ===
