{"kind": "attn", "seed": 0, "acc": 0.81396484375, "params": 103680, "sec": 6.4256579875946045}
{"kind": "attn", "seed": 1, "acc": 0.81806640625, "params": 103680, "sec": 6.552610158920288}
{"kind": "attn", "seed": 2, "acc": 0.818359375, "params": 103680, "sec": 6.54505181312561}
{"kind": "attn", "seed": 3, "acc": 0.81142578125, "params": 103680, "sec": 6.418966770172119}
{"kind": "attn", "seed": 4, "acc": 0.81767578125, "params": 103680, "sec": 6.514321327209473}
{"kind": "gdn2", "seed": 0, "acc": 0.8126953125, "params": 161024, "sec": 27.12137007713318}
{"kind": "gdn2", "seed": 1, "acc": 0.82216796875, "params": 161024, "sec": 27.171622037887573}
{"kind": "gdn2", "seed": 2, "acc": 0.81826171875, "params": 161024, "sec": 26.98527193069458}
{"kind": "gdn2", "seed": 3, "acc": 0.81884765625, "params": 161024, "sec": 27.186150312423706}
{"kind": "gdn2", "seed": 4, "acc": 0.8134765625, "params": 161024, "sec": 26.535075426101685}
{"kind": "cpe", "seed": 0, "acc": 0.81884765625, "params": 161026, "sec": 33.19291830062866}
{"kind": "cpe", "seed": 1, "acc": 0.8197265625, "params": 161026, "sec": 33.16256046295166}
{"kind": "cpe", "seed": 2, "acc": 0.81962890625, "params": 161026, "sec": 33.76834034919739}
{"kind": "cpe", "seed": 3, "acc": 0.8236328125, "params": 161026, "sec": 33.74973487854004}
{"kind": "cpe", "seed": 4, "acc": 0.81474609375, "params": 161026, "sec": 33.414381980895996}
=== L1e SUMMARY ===
{
  "summary": {
    "attn": {
      "mean": 0.8158984374999999,
      "std": 0.003068333888539928,
      "accs": [
        0.81396484375,
        0.81806640625,
        0.818359375,
        0.81142578125,
        0.81767578125
      ]
    },
    "gdn2": {
      "mean": 0.81708984375,
      "std": 0.003956584878883357,
      "accs": [
        0.8126953125,
        0.82216796875,
        0.81826171875,
        0.81884765625,
        0.8134765625
      ]
    },
    "cpe": {
      "mean": 0.8193164062499999,
      "std": 0.00316246463318602,
      "accs": [
        0.81884765625,
        0.8197265625,
        0.81962890625,
        0.8236328125,
        0.81474609375
      ]
    }
  },
  "verdict": "FAIL_L1",
  "attn_ok": false,
  "delta": 0.0022265624999998623,
  "two_sigma": 0.007163204095928136
}
