LR adamw 0.0005 3.2249104022979735
LR adamw 0.001 3.1461566925048827
LR adamw 0.002 3.0947534084320067
LR adamw 0.005 3.0649492740631104
LR muon 0.0005 4.162909078598022
LR muon 0.001 3.406968832015991
LR muon 0.002 3.1434991359710693
LR muon 0.005 3.0900710821151733
LR ss_muon 0.0005 3.440198564529419
LR ss_muon 0.001 3.097609305381775
LR ss_muon 0.002 3.0807657480239867
LR ss_muon 0.005 3.1608976125717163
{"mode": "adamw", "seed": 0, "val_nll": 3.0649492740631104, "train_last": 3.049799919128418, "params": 115840, "wall_clock_s": 2.0833587646484375, "lr": 0.005}
{"mode": "adamw", "seed": 1, "val_nll": 3.0568609714508055, "train_last": 3.0584981441497803, "params": 115840, "wall_clock_s": 2.0585153102874756, "lr": 0.005}
{"mode": "adamw", "seed": 2, "val_nll": 3.054505491256714, "train_last": 3.029938220977783, "params": 115840, "wall_clock_s": 2.136697769165039, "lr": 0.005}
{"mode": "muon", "seed": 0, "val_nll": 3.0900710821151733, "train_last": 3.0738773345947266, "params": 115840, "wall_clock_s": 2.7755632400512695, "lr": 0.005}
{"mode": "muon", "seed": 1, "val_nll": 3.09837064743042, "train_last": 3.0996973514556885, "params": 115840, "wall_clock_s": 2.7521615028381348, "lr": 0.005}
{"mode": "muon", "seed": 2, "val_nll": 3.098704433441162, "train_last": 3.0740764141082764, "params": 115840, "wall_clock_s": 2.761692523956299, "lr": 0.005}
{"mode": "ss_muon", "seed": 0, "val_nll": 3.0807657480239867, "train_last": 3.0670135021209717, "params": 115840, "wall_clock_s": 4.489344120025635, "lr": 0.002}
{"mode": "ss_muon", "seed": 1, "val_nll": 3.0813319206237795, "train_last": 3.0695536136627197, "params": 115840, "wall_clock_s": 4.446666955947876, "lr": 0.002}
{"mode": "ss_muon", "seed": 2, "val_nll": 3.081957221031189, "train_last": 3.0588221549987793, "params": 115840, "wall_clock_s": 4.462331771850586, "lr": 0.002}
=== SUMMARY ===
{
  "opt": "FAIL_L1"
}
